Component: ARM Compiler 5.06 update 6 (build 750) Tool: armlink [4d35ed]

==============================================================================

Section Cross References

    startup_stm32f40_41xxx.o(RESET) refers to startup_stm32f40_41xxx.o(STACK) for __initial_sp
    startup_stm32f40_41xxx.o(RESET) refers to startup_stm32f40_41xxx.o(.text) for Reset_Handler
    startup_stm32f40_41xxx.o(RESET) refers to stm32f4xx_it.o(.text) for NMI_Handler
    startup_stm32f40_41xxx.o(RESET) refers to tm_stm32f4_rtc.o(.text) for RTC_WKUP_IRQHandler
    startup_stm32f40_41xxx.o(RESET) refers to tm_stm32f4_usart.o(.text) for USART1_IRQHandler
    startup_stm32f40_41xxx.o(.text) refers to system_stm32f4xx.o(.text) for SystemInit
    startup_stm32f40_41xxx.o(.text) refers to entry.o(.ARM.Collect$$$$00000000) for __main
    stm32f4xx_rcc.o(.text) refers to stm32f4xx_rcc.o(.data) for .data
    stm32f4xx_gpio.o(.text) refers to stm32f4xx_rcc.o(.text) for RCC_AHB1PeriphResetCmd
    stm32f4xx_syscfg.o(.text) refers to stm32f4xx_rcc.o(.text) for RCC_APB2PeriphResetCmd
    stm32f4xx_usart.o(.text) refers to stm32f4xx_rcc.o(.text) for RCC_APB2PeriphResetCmd
    stm32f4xx_spi.o(.text) refers to stm32f4xx_rcc.o(.text) for RCC_APB1PeriphResetCmd
    stm32f4xx_pwr.o(.text) refers to stm32f4xx_rcc.o(.text) for RCC_APB1PeriphResetCmd
    stm32f4xx_sdio.o(.text) refers to stm32f4xx_rcc.o(.text) for RCC_APB2PeriphResetCmd
    stm32f4xx_tim.o(.text) refers to stm32f4xx_rcc.o(.text) for RCC_APB2PeriphResetCmd
    tm_stm32f4_delay.o(.text) refers (Weak) to main.o(.text) for TM_DELAY_1msHandler
    tm_stm32f4_delay.o(.text) refers to malloc.o(i.malloc) for malloc
    tm_stm32f4_delay.o(.text) refers to malloc.o(i.free) for free
    tm_stm32f4_delay.o(.text) refers to tm_stm32f4_delay.o(.data) for .data
    tm_stm32f4_delay.o(.text) refers to tm_stm32f4_delay.o(.bss) for .bss
    tm_stm32f4_delay.o(.text) refers to system_stm32f4xx.o(.data) for SystemCoreClock
    tm_stm32f4_disco.o(.text) refers to tm_stm32f4_gpio.o(.text) for TM_GPIO_Init
    tm_stm32f4_disco.o(.text) refers to tm_stm32f4_disco.o(.data) for .data
    tm_stm32f4_usart.o(.text) refers to tm_stm32f4_gpio.o(.text) for TM_GPIO_InitAlternate
    tm_stm32f4_usart.o(.text) refers to stm32f4xx_usart.o(.text) for USART_DeInit
    tm_stm32f4_usart.o(.text) refers to misc.o(.text) for NVIC_Init
    tm_stm32f4_usart.o(.text) refers to tm_stm32f4_usart.o(.data) for .data
    tm_stm32f4_usart.o(.data) refers to tm_stm32f4_usart.o(.bss) for TM_USART1_Buffer
    tm_stm32f4_usart.o(.data) refers to tm_stm32f4_usart.o(.bss) for TM_USART2_Buffer
    tm_stm32f4_usart.o(.data) refers to tm_stm32f4_usart.o(.bss) for TM_USART3_Buffer
    tm_stm32f4_usart.o(.data) refers to tm_stm32f4_usart.o(.bss) for TM_UART4_Buffer
    tm_stm32f4_usart.o(.data) refers to tm_stm32f4_usart.o(.bss) for TM_UART5_Buffer
    tm_stm32f4_usart.o(.data) refers to tm_stm32f4_usart.o(.bss) for TM_USART6_Buffer
    tm_stm32f4_ethernet.o(.text) refers to tm_stm32f4_delay.o(.text) for TM_DELAY_Init
    tm_stm32f4_ethernet.o(.text) refers to stm32f4x7_eth_bsp.o(.text) for ETH_BSP_Config
    tm_stm32f4_ethernet.o(.text) refers to netconf.o(.text) for LwIP_Init
    tm_stm32f4_ethernet.o(.text) refers to httpd.o(.text) for httpd_init
    tm_stm32f4_ethernet.o(.text) refers to tcp_echoclient.o(.text) for tcp_echoclient_connect
    tm_stm32f4_ethernet.o(.text) refers to dns.o(.text) for dns_gethostbyname
    tm_stm32f4_ethernet.o(.text) refers to strcpy.o(.text) for strcpy
    tm_stm32f4_ethernet.o(.text) refers to printf8.o(i.__0sprintf$8) for __2sprintf
    tm_stm32f4_ethernet.o(.text) refers to strcat.o(.text) for strcat
    tm_stm32f4_ethernet.o(.text) refers to strlen.o(.text) for strlen
    tm_stm32f4_ethernet.o(.text) refers to main.o(.text) for TM_ETHERNET_IPIsSetCallback
    tm_stm32f4_ethernet.o(.text) refers to tm_stm32f4_ethernet.o(.bss) for .bss
    tm_stm32f4_ethernet.o(.text) refers to tm_stm32f4_ethernet.o(.data) for .data
    tm_stm32f4_rtc.o(.text) refers to stm32f4xx_rtc.o(.text) for RTC_Init
    tm_stm32f4_rtc.o(.text) refers to stm32f4xx_rcc.o(.text) for RCC_LSICmd
    tm_stm32f4_rtc.o(.text) refers to stm32f4xx_pwr.o(.text) for PWR_BackupAccessCmd
    tm_stm32f4_rtc.o(.text) refers to tm_stm32f4_rtc.o(.data) for .data
    tm_stm32f4_rtc.o(.text) refers to tm_stm32f4_rtc.o(.bss) for .bss
    tm_stm32f4_rtc.o(.text) refers to misc.o(.text) for NVIC_Init
    tm_stm32f4_rtc.o(.text) refers to stm32f4xx_exti.o(.text) for EXTI_Init
    tm_stm32f4_gpio.o(.text) refers to tm_stm32f4_gpio.o(.bss) for .bss
    main.o(.text) refers to system_stm32f4xx.o(.text) for SystemInit
    main.o(.text) refers to tm_stm32f4_usart.o(.text) for TM_USART_Init
    main.o(.text) refers to tm_stm32f4_watchdog.o(.text) for TM_WATCHDOG_Init
    main.o(.text) refers to printf8.o(i.__0printf$8) for __2printf
    main.o(.text) refers to tm_stm32f4_delay.o(.text) for TM_DELAY_Init
[...]
    RCC_HSEConfig                            0x080002b5   Thumb Code    12  stm32f4xx_rcc.o(.text)
    RCC_GetFlagStatus                        0x080002c1   Thumb Code    46  stm32f4xx_rcc.o(.text)
    RCC_WaitForHSEStartUp                    0x080002ef   Thumb Code    44  stm32f4xx_rcc.o(.text)
    RCC_AdjustHSICalibrationValue            0x0800031b   Thumb Code    16  stm32f4xx_rcc.o(.text)
    RCC_HSICmd                               0x0800032b   Thumb Code     6  stm32f4xx_rcc.o(.text)
    RCC_LSEConfig                            0x08000331   Thumb Code    24  stm32f4xx_rcc.o(.text)
    RCC_LSICmd                               0x08000349   Thumb Code     6  stm32f4xx_rcc.o(.text)
    RCC_PLLConfig                            0x0800034f   Thumb Code    32  stm32f4xx_rcc.o(.text)
    RCC_PLLCmd                               0x0800036f   Thumb Code     6  stm32f4xx_rcc.o(.text)
    RCC_PLLI2SConfig                         0x08000375   Thumb Code    14  stm32f4xx_rcc.o(.text)
    RCC_PLLI2SCmd                            0x08000383   Thumb Code     6  stm32f4xx_rcc.o(.text)
    RCC_PLLSAIConfig                         0x08000389   Thumb Code    18  stm32f4xx_rcc.o(.text)
    RCC_PLLSAICmd                            0x0800039b   Thumb Code     6  stm32f4xx_rcc.o(.text)
    RCC_ClockSecuritySystemCmd               0x080003a1   Thumb Code     6  stm32f4xx_rcc.o(.text)
    RCC_MCO1Config                           0x080003a7   Thumb Code    18  stm32f4xx_rcc.o(.text)
    RCC_MCO2Config                           0x080003b9   Thumb Code    18  stm32f4xx_rcc.o(.text)
    RCC_SYSCLKConfig                         0x080003cb   Thumb Code    16  stm32f4xx_rcc.o(.text)
    RCC_GetSYSCLKSource                      0x080003db   Thumb Code    12  stm32f4xx_rcc.o(.text)
    RCC_HCLKConfig                           0x080003e7   Thumb Code    16  stm32f4xx_rcc.o(.text)
    RCC_PCLK1Config                          0x080003f7   Thumb Code    16  stm32f4xx_rcc.o(.text)
    RCC_PCLK2Config                          0x08000407   Thumb Code    18  stm32f4xx_rcc.o(.text)
    RCC_GetClocksFreq                        0x08000419   Thumb Code   134  stm32f4xx_rcc.o(.text)
    RCC_RTCCLKConfig                         0x0800049f   Thumb Code    42  stm32f4xx_rcc.o(.text)
    RCC_RTCCLKCmd                            0x080004c9   Thumb Code     8  stm32f4xx_rcc.o(.text)
    RCC_BackupResetCmd                       0x080004d1   Thumb Code     8  stm32f4xx_rcc.o(.text)
    RCC_I2SCLKConfig                         0x080004d9   Thumb Code     8  stm32f4xx_rcc.o(.text)
    RCC_SAIBlockACLKConfig                   0x080004e1   Thumb Code    16  stm32f4xx_rcc.o(.text)
    RCC_SAIBlockBCLKConfig                   0x080004f1   Thumb Code    16  stm32f4xx_rcc.o(.text)
    RCC_SAIPLLI2SClkDivConfig                0x08000501   Thumb Code    18  stm32f4xx_rcc.o(.text)
    RCC_SAIPLLSAIClkDivConfig                0x08000513   Thumb Code    24  stm32f4xx_rcc.o(.text)
    RCC_LTDCCLKDivConfig                     0x0800052b   Thumb Code    16  stm32f4xx_rcc.o(.text)
    RCC_TIMCLKPresConfig                     0x0800053b   Thumb Code     8  stm32f4xx_rcc.o(.text)
    RCC_AHB1PeriphClockCmd                   0x08000543   Thumb Code    20  stm32f4xx_rcc.o(.text)
    RCC_AHB2PeriphClockCmd                   0x08000557   Thumb Code    20  stm32f4xx_rcc.o(.text)
    RCC_AHB3PeriphClockCmd                   0x0800056b   Thumb Code    20  stm32f4xx_rcc.o(.text)
    RCC_APB1PeriphClockCmd                   0x0800057f   Thumb Code    20  stm32f4xx_rcc.o(.text)
    RCC_APB2PeriphClockCmd                   0x08000593   Thumb Code    20  stm32f4xx_rcc.o(.text)
    RCC_AHB1PeriphResetCmd                   0x080005a7   Thumb Code    20  stm32f4xx_rcc.o(.text)
    RCC_AHB2PeriphResetCmd                   0x080005bb   Thumb Code    20  stm32f4xx_rcc.o(.text)
    RCC_AHB3PeriphResetCmd                   0x080005cf   Thumb Code    20  stm32f4xx_rcc.o(.text)
    RCC_APB1PeriphResetCmd                   0x080005e3   Thumb Code    20  stm32f4xx_rcc.o(.text)
    RCC_APB2PeriphResetCmd                   0x080005f7   Thumb Code    20  stm32f4xx_rcc.o(.text)
    RCC_AHB1PeriphClockLPModeCmd             0x0800060b   Thumb Code    20  stm32f4xx_rcc.o(.text)
    RCC_AHB2PeriphClockLPModeCmd             0x0800061f   Thumb Code    20  stm32f4xx_rcc.o(.text)
    RCC_AHB3PeriphClockLPModeCmd             0x08000633   Thumb Code    20  stm32f4xx_rcc.o(.text)
    RCC_APB1PeriphClockLPModeCmd             0x08000647   Thumb Code    64  stm32f4xx_rcc.o(.text)
    RCC_APB2PeriphClockLPModeCmd             0x08000687   Thumb Code    18  stm32f4xx_rcc.o(.text)
    RCC_LSEModeConfig                        0x08000699   Thumb Code    24  stm32f4xx_rcc.o(.text)
    RCC_ITConfig                             0x080006b1   Thumb Code    20  stm32f4xx_rcc.o(.text)
    RCC_ClearFlag                            0x080006c5   Thumb Code    14  stm32f4xx_rcc.o(.text)
    RCC_GetITStatus                          0x080006d3   Thumb Code    18  stm32f4xx_rcc.o(.text)
    RCC_ClearITPendingBit                    0x080006e5   Thumb Code     8  stm32f4xx_rcc.o(.text)
    SYSCFG_DeInit                            0x080006f1   Thumb Code    24  stm32f4xx_syscfg.o(.text)
    SYSCFG_MemoryRemapConfig                 0x08000709   Thumb Code     6  stm32f4xx_syscfg.o(.text)
    SYSCFG_MemorySwappingBank                0x0800070f   Thumb Code     6  stm32f4xx_syscfg.o(.text)
    SYSCFG_EXTILineConfig                    0x08000715   Thumb Code    42  stm32f4xx_syscfg.o(.text)
    SYSCFG_ETH_MediaInterfaceConfig          0x0800073f   Thumb Code     8  stm32f4xx_syscfg.o(.text)
    SYSCFG_CompensationCellCmd               0x08000747   Thumb Code     6  stm32f4xx_syscfg.o(.text)
    SYSCFG_GetCompensationCellStatus         0x0800074d   Thumb Code    16  stm32f4xx_syscfg.o(.text)
    EXTI_DeInit                              0x0800076d   Thumb Code    28  stm32f4xx_exti.o(.text)
    EXTI_Init                                0x08000789   Thumb Code   108  stm32f4xx_exti.o(.text)
    EXTI_StructInit                          0x080007f5   Thumb Code    14  stm32f4xx_exti.o(.text)
    EXTI_GenerateSWInterrupt                 0x08000803   Thumb Code    12  stm32f4xx_exti.o(.text)
    EXTI_GetFlagStatus                       0x0800080f   Thumb Code    18  stm32f4xx_exti.o(.text)
    EXTI_ClearFlag                           0x08000821   Thumb Code     8  stm32f4xx_exti.o(.text)
    EXTI_GetITStatus                         0x08000829   Thumb Code    18  stm32f4xx_exti.o(.text)
    EXTI_ClearITPendingBit                   0x0800083b   Thumb Code     8  stm32f4xx_exti.o(.text)
    USART_DeInit                             0x0800084d   Thumb Code   138  stm32f4xx_usart.o(.text)
    USART_Init                               0x080008d7   Thumb Code   164  stm32f4xx_usart.o(.text)
    USART_StructInit                         0x0800097b   Thumb Code    22  stm32f4xx_usart.o(.text)
    USART_ClockInit                          0x08000991   Thumb Code    28  stm32f4xx_usart.o(.text)
    USART_ClockStructInit                    0x080009ad   Thumb Code    12  stm32f4xx_usart.o(.text)
    USART_Cmd                                0x080009b9   Thumb Code    20  stm32f4xx_usart.o(.text)
    USART_SetPrescaler                       0x080009cd   Thumb Code    16  stm32f4xx_usart.o(.text)
    USART_OverSampling8Cmd                   0x080009dd   Thumb Code    20  stm32f4xx_usart.o(.text)
    USART_OneBitMethodCmd                    0x080009f1   Thumb Code    20  stm32f4xx_usart.o(.text)
    USART_SendData                           0x08000a05   Thumb Code     8  stm32f4xx_usart.o(.text)
    USART_ReceiveData                        0x08000a0d   Thumb Code     8  stm32f4xx_usart.o(.text)
    USART_SetAddress                         0x08000a15   Thumb Code    16  stm32f4xx_usart.o(.text)
    USART_ReceiverWakeUpCmd                  0x08000a25   Thumb Code    20  stm32f4xx_usart.o(.text)
    USART_WakeUpConfig                       0x08000a39   Thumb Code    16  stm32f4xx_usart.o(.text)
    USART_LINBreakDetectLengthConfig         0x08000a49   Thumb Code    16  stm32f4xx_usart.o(.text)
    USART_LINCmd                             0x08000a59   Thumb Code    20  stm32f4xx_usart.o(.text)
    USART_SendBreak                          0x08000a6d   Thumb Code    10  stm32f4xx_usart.o(.text)
    USART_HalfDuplexCmd                      0x08000a77   Thumb Code    20  stm32f4xx_usart.o(.text)
    USART_SetGuardTime                       0x08000a8b   Thumb Code    16  stm32f4xx_usart.o(.text)
    USART_SmartCardCmd                       0x08000a9b   Thumb Code    20  stm32f4xx_usart.o(.text)
    USART_SmartCardNACKCmd                   0x08000aaf   Thumb Code    20  stm32f4xx_usart.o(.text)
    USART_IrDAConfig                         0x08000ac3   Thumb Code    16  stm32f4xx_usart.o(.text)
    USART_IrDACmd                            0x08000ad3   Thumb Code    20  stm32f4xx_usart.o(.text)
    USART_DMACmd                             0x08000ae7   Thumb Code    16  stm32f4xx_usart.o(.text)
    USART_ITConfig                           0x08000af7   Thumb Code    48  stm32f4xx_usart.o(.text)
    USART_GetFlagStatus                      0x08000b27   Thumb Code    14  stm32f4xx_usart.o(.text)
    USART_ClearFlag                          0x08000b35   Thumb Code     6  stm32f4xx_usart.o(.text)
    USART_GetITStatus                        0x08000b3b   Thumb Code    62  stm32f4xx_usart.o(.text)
    USART_ClearITPendingBit                  0x08000b79   Thumb Code    12  stm32f4xx_usart.o(.text)
    RTC_WaitForSynchro                       0x08000ba5   Thumb Code    70  stm32f4xx_rtc.o(.text)
    RTC_EnterInitMode                        0x08000beb   Thumb Code    58  stm32f4xx_rtc.o(.text)
    RTC_DeInit                               0x08000c25   Thumb Code   168  stm32f4xx_rtc.o(.text)
    RTC_ExitInitMode                         0x08000ccd   Thumb Code    14  stm32f4xx_rtc.o(.text)
    RTC_Init                                 0x08000cdb   Thumb Code    74  stm32f4xx_rtc.o(.text)
    RTC_StructInit                           0x08000d25   Thumb Code    14  stm32f4xx_rtc.o(.text)
    RTC_WriteProtectionCmd                   0x08000d33   Thumb Code    18  stm32f4xx_rtc.o(.text)
    RTC_RefClockCmd                          0x08000d45   Thumb Code    56  stm32f4xx_rtc.o(.text)
    RTC_BypassShadowCmd                      0x08000d7d   Thumb Code    38  stm32f4xx_rtc.o(.text)
    RTC_SetTime                              0x08000da3   Thumb Code   148  stm32f4xx_rtc.o(.text)
    RTC_TimeStructInit                       0x08000e37   Thumb Code    12  stm32f4xx_rtc.o(.text)
    RTC_GetTime                              0x08000e43   Thumb Code    70  stm32f4xx_rtc.o(.text)
    RTC_GetSubSecond                         0x08000e89   Thumb Code    14  stm32f4xx_rtc.o(.text)
    RTC_SetDate                              0x08000e97   Thumb Code   142  stm32f4xx_rtc.o(.text)
    RTC_DateStructInit                       0x08000f25   Thumb Code    14  stm32f4xx_rtc.o(.text)
    RTC_GetDate                              0x08000f33   Thumb Code    66  stm32f4xx_rtc.o(.text)
    RTC_SetAlarm                             0x08000f75   Thumb Code   184  stm32f4xx_rtc.o(.text)
    RTC_AlarmStructInit                      0x0800102d   Thumb Code    20  stm32f4xx_rtc.o(.text)
    RTC_GetAlarm                             0x08001041   Thumb Code   104  stm32f4xx_rtc.o(.text)
    RTC_AlarmCmd                             0x080010a9   Thumb Code    78  stm32f4xx_rtc.o(.text)
    RTC_AlarmSubSecondConfig                 0x080010f7   Thumb Code    38  stm32f4xx_rtc.o(.text)
    RTC_GetAlarmSubSecond                    0x0800111d   Thumb Code    24  stm32f4xx_rtc.o(.text)
    RTC_WakeUpClockConfig                    0x08001135   Thumb Code    34  stm32f4xx_rtc.o(.text)
    RTC_SetWakeUpCounter                     0x08001157   Thumb Code    22  stm32f4xx_rtc.o(.text)
    RTC_GetWakeUpCounter                     0x0800116d   Thumb Code    10  stm32f4xx_rtc.o(.text)
    RTC_WakeUpCmd                            0x08001177   Thumb Code    84  stm32f4xx_rtc.o(.text)
    RTC_DayLightSavingConfig                 0x080011cb   Thumb Code    38  stm32f4xx_rtc.o(.text)
    RTC_GetStoreOperation                    0x080011f1   Thumb Code    12  stm32f4xx_rtc.o(.text)
    RTC_OutputConfig                         0x080011fd   Thumb Code    38  stm32f4xx_rtc.o(.text)
    RTC_CoarseCalibConfig                    0x08001223   Thumb Code    46  stm32f4xx_rtc.o(.text)
    RTC_CoarseCalibCmd                       0x08001251   Thumb Code    56  stm32f4xx_rtc.o(.text)
    RTC_CalibOutputCmd                       0x08001289   Thumb Code    38  stm32f4xx_rtc.o(.text)
    RTC_CalibOutputConfig                    0x080012af   Thumb Code    34  stm32f4xx_rtc.o(.text)
    RTC_SmoothCalibConfig                    0x080012d1   Thumb Code    70  stm32f4xx_rtc.o(.text)
    RTC_TimeStampCmd                         0x08001317   Thumb Code    42  stm32f4xx_rtc.o(.text)
    RTC_GetTimeStamp                         0x08001341   Thumb Code   130  stm32f4xx_rtc.o(.text)
    RTC_GetTimeStampSubSecond                0x080013c3   Thumb Code     8  stm32f4xx_rtc.o(.text)
    RTC_TamperTriggerConfig                  0x080013cb   Thumb Code    24  stm32f4xx_rtc.o(.text)
    RTC_TamperCmd                            0x080013e3   Thumb Code    28  stm32f4xx_rtc.o(.text)
    RTC_TamperFilterConfig                   0x080013ff   Thumb Code    18  stm32f4xx_rtc.o(.text)
    RTC_TamperSamplingFreqConfig             0x08001411   Thumb Code    18  stm32f4xx_rtc.o(.text)
    RTC_TamperPinsPrechargeDuration          0x08001423   Thumb Code    18  stm32f4xx_rtc.o(.text)
    RTC_TimeStampOnTamperDetectionCmd        0x08001435   Thumb Code    22  stm32f4xx_rtc.o(.text)
    RTC_TamperPullUpCmd                      0x0800144b   Thumb Code    22  stm32f4xx_rtc.o(.text)
    RTC_WriteBackupRegister                  0x08001461   Thumb Code    16  stm32f4xx_rtc.o(.text)
    RTC_ReadBackupRegister                   0x08001471   Thumb Code    16  stm32f4xx_rtc.o(.text)
    RTC_TamperPinSelection                   0x08001481   Thumb Code    18  stm32f4xx_rtc.o(.text)
    RTC_TimeStampPinSelection                0x08001493   Thumb Code    18  stm32f4xx_rtc.o(.text)
    RTC_OutputTypeConfig                     0x080014a5   Thumb Code    18  stm32f4xx_rtc.o(.text)
    RTC_SynchroShiftConfig                   0x080014b7   Thumb Code    84  stm32f4xx_rtc.o(.text)
    RTC_ITConfig                             0x0800150b   Thumb Code    60  stm32f4xx_rtc.o(.text)
    RTC_GetFlagStatus                        0x08001547   Thumb Code    22  stm32f4xx_rtc.o(.text)
    RTC_ClearFlag                            0x0800155d   Thumb Code    24  stm32f4xx_rtc.o(.text)
    RTC_GetITStatus                          0x08001575   Thumb Code    54  stm32f4xx_rtc.o(.text)
    RTC_ClearITPendingBit                    0x080015ab   Thumb Code    24  stm32f4xx_rtc.o(.text)
    PWR_DeInit                               0x080015f9   Thumb Code    24  stm32f4xx_pwr.o(.text)
    PWR_BackupAccessCmd                      0x08001611   Thumb Code     6  stm32f4xx_pwr.o(.text)
    PWR_PVDLevelConfig                       0x08001617   Thumb Code    14  stm32f4xx_pwr.o(.text)
    PWR_PVDCmd                               0x08001625   Thumb Code     6  stm32f4xx_pwr.o(.text)
    PWR_WakeUpPinCmd                         0x0800162b   Thumb Code     8  stm32f4xx_pwr.o(.text)
    PWR_BackupRegulatorCmd                   0x08001633   Thumb Code     8  stm32f4xx_pwr.o(.text)
    PWR_MainRegulatorModeConfig              0x0800163b   Thumb Code    14  stm32f4xx_pwr.o(.text)
    PWR_OverDriveCmd                         0x08001649   Thumb Code     6  stm32f4xx_pwr.o(.text)
    PWR_OverDriveSWCmd                       0x0800164f   Thumb Code     6  stm32f4xx_pwr.o(.text)
    PWR_UnderDriveCmd                        0x08001655   Thumb Code    22  stm32f4xx_pwr.o(.text)
    PWR_FlashPowerDownCmd                    0x0800166b   Thumb Code     6  stm32f4xx_pwr.o(.text)
    PWR_EnterSTOPMode                        0x08001671   Thumb Code    46  stm32f4xx_pwr.o(.text)
    PWR_EnterUnderDriveSTOPMode              0x0800169f   Thumb Code    46  stm32f4xx_pwr.o(.text)
    PWR_EnterSTANDBYMode                     0x080016cd   Thumb Code    24  stm32f4xx_pwr.o(.text)
    PWR_GetFlagStatus                        0x080016e5   Thumb Code    16  stm32f4xx_pwr.o(.text)
    PWR_ClearFlag                            0x080016f5   Thumb Code    12  stm32f4xx_pwr.o(.text)
    TimingDelay_Decrement                    0x0800170d   Thumb Code    88  tm_stm32f4_delay.o(.text)
    TM_DELAY_Init                            0x08001765   Thumb Code    60  tm_stm32f4_delay.o(.text)
    TM_DELAY_EnableDelayTimer                0x080017a1   Thumb Code    22  tm_stm32f4_delay.o(.text)
    TM_DELAY_DisableDelayTimer               0x080017b7   Thumb Code    14  tm_stm32f4_delay.o(.text)
    TM_DELAY_TimerCreate                     0x080017c5   Thumb Code    68  tm_stm32f4_delay.o(.text)
    TM_DELAY_TimerDelete                     0x08001809   Thumb Code    86  tm_stm32f4_delay.o(.text)
    TM_DELAY_TimerStop                       0x0800185f   Thumb Code     6  tm_stm32f4_delay.o(.text)
    TM_DELAY_TimerStart                      0x08001865   Thumb Code     6  tm_stm32f4_delay.o(.text)
    TM_DELAY_TimerReset                      0x0800186b   Thumb Code     6  tm_stm32f4_delay.o(.text)
    TM_DELAY_TimerAutoReload                 0x08001871   Thumb Code     4  tm_stm32f4_delay.o(.text)
    TM_DELAY_TimerAutoReloadValue            0x08001875   Thumb Code     4  tm_stm32f4_delay.o(.text)
    TM_DISCO_LedInit                         0x0800188d   Thumb Code    34  tm_stm32f4_disco.o(.text)
    TM_DISCO_ButtonInit                      0x080018af   Thumb Code    24  tm_stm32f4_disco.o(.text)
    TM_DISCO_ButtonOnPressed                 0x080018c7   Thumb Code    30  tm_stm32f4_disco.o(.text)
    TM_DISCO_ButtonOnReleased                0x080018e5   Thumb Code    32  tm_stm32f4_disco.o(.text)
    TM_USART_INT_GetSubPriority              0x08001911   Thumb Code    52  tm_stm32f4_usart.o(.text)
    TM_USART_InitCustomPinsCallback          0x08001945   Thumb Code     2  tm_stm32f4_usart.o(.text)
    TM_USART6_InitPins                       0x08001947   Thumb Code    60  tm_stm32f4_usart.o(.text)
    TM_UART5_InitPins                        0x08001983   Thumb Code    56  tm_stm32f4_usart.o(.text)
    TM_UART4_InitPins                        0x080019bb   Thumb Code    60  tm_stm32f4_usart.o(.text)
    TM_USART3_InitPins                       0x080019f7   Thumb Code    76  tm_stm32f4_usart.o(.text)
    TM_USART2_InitPins                       0x08001a43   Thumb Code    58  tm_stm32f4_usart.o(.text)
    TM_USART1_InitPins                       0x08001a7d   Thumb Code    60  tm_stm32f4_usart.o(.text)
    TM_USART_INT_GetUsart                    0x08001ab9   Thumb Code    62  tm_stm32f4_usart.o(.text)
    TM_USART_Init                            0x08001c21   Thumb Code   158  tm_stm32f4_usart.o(.text)
    TM_USART_InitWithFlowControl             0x08001cbf   Thumb Code   212  tm_stm32f4_usart.o(.text)
    TM_USART_Getc                            0x08001d93   Thumb Code    52  tm_stm32f4_usart.o(.text)
    TM_USART_FindCharacter                   0x08001dc7   Thumb Code    50  tm_stm32f4_usart.o(.text)
    TM_USART_Gets                            0x08001df9   Thumb Code    78  tm_stm32f4_usart.o(.text)
    TM_USART_BufferEmpty                     0x08001e47   Thumb Code    26  tm_stm32f4_usart.o(.text)
    TM_USART_BufferFull                      0x08001e61   Thumb Code    22  tm_stm32f4_usart.o(.text)
    TM_USART_ClearBuffer                     0x08001e77   Thumb Code    16  tm_stm32f4_usart.o(.text)
    TM_USART_SetCustomStringEndCharacter     0x08001e87   Thumb Code    12  tm_stm32f4_usart.o(.text)
    TM_USART_Puts                            0x08001e93   Thumb Code    42  tm_stm32f4_usart.o(.text)
    TM_USART_Send                            0x08001ebd   Thumb Code    48  tm_stm32f4_usart.o(.text)
    TM_USART_INT_InsertToBuffer              0x08001eed   Thumb Code    38  tm_stm32f4_usart.o(.text)
    USART1_IRQHandler                        0x08001f13   Thumb Code    18  tm_stm32f4_usart.o(.text)
    USART2_IRQHandler                        0x08001f25   Thumb Code    24  tm_stm32f4_usart.o(.text)
    USART3_IRQHandler                        0x08001f3d   Thumb Code    24  tm_stm32f4_usart.o(.text)
    UART4_IRQHandler                         0x08001f55   Thumb Code    24  tm_stm32f4_usart.o(.text)
    UART5_IRQHandler                         0x08001f6d   Thumb Code    20  tm_stm32f4_usart.o(.text)
    USART6_IRQHandler                        0x08001f81   Thumb Code    24  tm_stm32f4_usart.o(.text)
    TM_ETHERNET_Init                         0x08001fb5   Thumb Code   242  tm_stm32f4_ethernet.o(.text)
    TM_ETHERNETSERVER_Enable                 0x080020a7   Thumb Code    52  tm_stm32f4_ethernet.o(.text)
    TM_ETHERNETSERVER_Disable                0x080020db   Thumb Code    34  tm_stm32f4_ethernet.o(.text)
    TM_ETHERNET_Update                       0x080020fd   Thumb Code    24  tm_stm32f4_ethernet.o(.text)
    TM_ETHERNET_TimeUpdate                   0x08002115   Thumb Code    12  tm_stm32f4_ethernet.o(.text)
    TM_ETHERNET_TestReady                    0x08002121   Thumb Code    18  tm_stm32f4_ethernet.o(.text)
    TM_ETHERNET_SystemResetCallback          0x08002133   Thumb Code     2  tm_stm32f4_ethernet.o(.text)
    TM_ETHERNETCLIENT_Connect                0x08002135   Thumb Code    78  tm_stm32f4_ethernet.o(.text)
    TM_ETHERNETSERVER_SSICallback            0x08002183   Thumb Code     4  tm_stm32f4_ethernet.o(.text)
    TM_ETHERNETSERVER_SetSSITags             0x08002187   Thumb Code    30  tm_stm32f4_ethernet.o(.text)
    TM_ETHERNETSERVER_SetCGIHandlers         0x080021a5   Thumb Code    24  tm_stm32f4_ethernet.o(.text)
    TM_ETHERNETDNS_ErrorCallback             0x080021bd   Thumb Code     2  tm_stm32f4_ethernet.o(.text)
    TM_ETHERNETDNS_FoundCallback             0x080021bf   Thumb Code     2  tm_stm32f4_ethernet.o(.text)
    TM_ETHERNET_INT_DNSFoundCallback         0x080021c1   Thumb Code    40  tm_stm32f4_ethernet.o(.text)
    TM_ETHERNETDNS_GetHostByName             0x080021e9   Thumb Code    82  tm_stm32f4_ethernet.o(.text)
    TM_ETHERNETCLIENT_CreateHeadersCallback  0x08002243   Thumb Code    52  tm_stm32f4_ethernet.o(.text)
    TM_ETHERNETCLIENT_ConnectionStartedCallback 0x08002277   Thumb Code     2  tm_stm32f4_ethernet.o(.text)
    TM_ETHERNETCLIENT_ConnectedCallback      0x08002279   Thumb Code     2  tm_stm32f4_ethernet.o(.text)
    TM_ETHERNETCLIENT_ConnectionClosedCallback 0x0800227b   Thumb Code     2  tm_stm32f4_ethernet.o(.text)
    TM_ETHERNETCLIENT_ErrorCallback          0x0800227d   Thumb Code     2  tm_stm32f4_ethernet.o(.text)
    TM_ETHERNETCLIENT_ReceiveDataCallback    0x0800227f   Thumb Code     2  tm_stm32f4_ethernet.o(.text)
    TM_ETHERNETSERVER_ClientConnectedCallback 0x08002281   Thumb Code     4  tm_stm32f4_ethernet.o(.text)
    TM_ETHERNETSERVER_ClientDisconnectedCallback 0x08002285   Thumb Code     2  tm_stm32f4_ethernet.o(.text)
    TM_ETHERNETSERVER_OpenFileCallback       0x08002287   Thumb Code     4  tm_stm32f4_ethernet.o(.text)
    TM_ETHERNETSERVER_ReadFileCallback       0x0800228b   Thumb Code     6  tm_stm32f4_ethernet.o(.text)
    TM_ETHERNETSERVER_CloseFileCallback      0x08002291   Thumb Code     2  tm_stm32f4_ethernet.o(.text)
    TM_ETHERNETSERVER_PostRequestBeginCallback 0x08002293   Thumb Code     4  tm_stm32f4_ethernet.o(.text)
    TM_ETHERNETSERVER_PostRequestReceiveDataCallback 0x08002297   Thumb Code     4  tm_stm32f4_ethernet.o(.text)
    TM_ETHERNETSERVER_PostRequestEndCallback 0x0800229b   Thumb Code     2  tm_stm32f4_ethernet.o(.text)
    TM_ETHERNETPHY_CustomOptions             0x0800229d   Thumb Code     2  tm_stm32f4_ethernet.o(.text)
    TM_ETHERNET_InitPinsCallback             0x0800229f   Thumb Code     4  tm_stm32f4_ethernet.o(.text)
    TM_ETHERNET_INT_CustomOptions            0x080022a3   Thumb Code     8  tm_stm32f4_ethernet.o(.text)
    TM_ETHERNET_INT_SetIPAddress             0x080022ab   Thumb Code    34  tm_stm32f4_ethernet.o(.text)
    TM_ETHERNET_INT_LinkIsUpCallback         0x080022cd   Thumb Code    22  tm_stm32f4_ethernet.o(.text)
    TM_ETHERNET_INT_LinkIsDownCallback       0x080022e3   Thumb Code    18  tm_stm32f4_ethernet.o(.text)
    TM_RTC_SetDateTime                       0x0800233d   Thumb Code   470  tm_stm32f4_rtc.o(.text)
    TM_RTC_Config                            0x08002513   Thumb Code    92  tm_stm32f4_rtc.o(.text)
    TM_RTC_GetUnixTimeStamp                  0x0800256f   Thumb Code   180  tm_stm32f4_rtc.o(.text)
    TM_RTC_GetDateTime                       0x08002623   Thumb Code    92  tm_stm32f4_rtc.o(.text)
    TM_RTC_Init                              0x0800267f   Thumb Code   172  tm_stm32f4_rtc.o(.text)
    TM_RTC_SetDateTimeString                 0x0800272b   Thumb Code   312  tm_stm32f4_rtc.o(.text)
    TM_RTC_GetDaysInMonth                    0x08002863   Thumb Code    92  tm_stm32f4_rtc.o(.text)
    TM_RTC_GetDaysInYear                     0x080028bf   Thumb Code    46  tm_stm32f4_rtc.o(.text)
    TM_RTC_Interrupts                        0x080028ed   Thumb Code   246  tm_stm32f4_rtc.o(.text)
    TM_RTC_GetDateTimeFromUnix               0x080029e3   Thumb Code   210  tm_stm32f4_rtc.o(.text)
    TM_RTC_DisableAlarm                      0x08002ab5   Thumb Code   108  tm_stm32f4_rtc.o(.text)
    TM_RTC_SetAlarm                          0x08002b21   Thumb Code   156  tm_stm32f4_rtc.o(.text)
    TM_RTC_WriteBackupRegister               0x08002bbd   Thumb Code    16  tm_stm32f4_rtc.o(.text)
    TM_RTC_ReadBackupRegister                0x08002bcd   Thumb Code    20  tm_stm32f4_rtc.o(.text)
    TM_RTC_RequestHandler                    0x08002be1   Thumb Code     2  tm_stm32f4_rtc.o(.text)
    TM_RTC_AlarmAHandler                     0x08002be3   Thumb Code     2  tm_stm32f4_rtc.o(.text)
    TM_RTC_AlarmBHandler                     0x08002be5   Thumb Code     2  tm_stm32f4_rtc.o(.text)
    RTC_WKUP_IRQHandler                      0x08002be7   Thumb Code    34  tm_stm32f4_rtc.o(.text)
    RTC_Alarm_IRQHandler                     0x08002c09   Thumb Code    56  tm_stm32f4_rtc.o(.text)
    TM_WATCHDOG_Init                         0x08002c55   Thumb Code   174  tm_stm32f4_watchdog.o(.text)
    TM_GPIO_GetPortSource                    0x08002d0d   Thumb Code    10  tm_stm32f4_gpio.o(.text)
    TM_GPIO_INT_Init                         0x08002d17   Thumb Code   130  tm_stm32f4_gpio.o(.text)
    TM_GPIO_INT_EnableClock                  0x08002d99   Thumb Code    20  tm_stm32f4_gpio.o(.text)
    TM_GPIO_Init                             0x08002dad   Thumb Code    34  tm_stm32f4_gpio.o(.text)
    TM_GPIO_InitAlternate                    0x08002dcf   Thumb Code    92  tm_stm32f4_gpio.o(.text)
    TM_GPIO_DeInit                           0x08002e2b   Thumb Code    66  tm_stm32f4_gpio.o(.text)
    TM_GPIO_SetPinAsInput                    0x08002e6d   Thumb Code    38  tm_stm32f4_gpio.o(.text)
    TM_GPIO_SetPinAsOutput                   0x08002e93   Thumb Code    46  tm_stm32f4_gpio.o(.text)
    TM_GPIO_SetPinAsAnalog                   0x08002ec1   Thumb Code    38  tm_stm32f4_gpio.o(.text)
    TM_GPIO_SetPinAsAlternate                0x08002ee7   Thumb Code    48  tm_stm32f4_gpio.o(.text)
    TM_GPIO_SetPullResistor                  0x08002f17   Thumb Code    46  tm_stm32f4_gpio.o(.text)
    TM_GPIO_Lock                             0x08002f45   Thumb Code    16  tm_stm32f4_gpio.o(.text)
    TM_GPIO_GetPinSource                     0x08002f55   Thumb Code    18  tm_stm32f4_gpio.o(.text)
    TM_GPIO_INT_DisableClock                 0x08002f67   Thumb Code    20  tm_stm32f4_gpio.o(.text)
    TM_GPIO_GetUsedPins                      0x08002f7b   Thumb Code    14  tm_stm32f4_gpio.o(.text)
    TM_GPIO_GetFreePins                      0x08002f89   Thumb Code    18  tm_stm32f4_gpio.o(.text)
    main                                     0x08002fa9   Thumb Code   130  main.o(.text)
    TM_DELAY_1msHandler                      0x0800302b   Thumb Code     6  main.o(.text)
    TM_ETHERNET_DHCPStartCallback            0x08003031   Thumb Code     6  main.o(.text)
    TM_ETHERNET_IPIsSetCallback              0x08003037   Thumb Code   106  main.o(.text)
    TM_ETHERNET_LinkIsDownCallback           0x080030a1   Thumb Code     6  main.o(.text)
    TM_ETHERNET_LinkIsUpCallback             0x080030a7   Thumb Code     6  main.o(.text)
    fputc                                    0x080030ad   Thumb Code    34  main.o(.text)
    NMI_Handler                              0x08003265   Thumb Code     2  stm32f4xx_it.o(.text)
    HardFault_Handler                        0x08003267   Thumb Code     4  stm32f4xx_it.o(.text)
    MemManage_Handler                        0x0800326b   Thumb Code     2  stm32f4xx_it.o(.text)
    BusFault_Handler                         0x0800326d   Thumb Code     2  stm32f4xx_it.o(.text)
    UsageFault_Handler                       0x0800326f   Thumb Code     2  stm32f4xx_it.o(.text)
    SVC_Handler                              0x08003271   Thumb Code     2  stm32f4xx_it.o(.text)
    DebugMon_Handler                         0x08003273   Thumb Code     2  stm32f4xx_it.o(.text)
    PendSV_Handler                           0x08003275   Thumb Code     2  stm32f4xx_it.o(.text)
    SysTick_Handler                          0x08003279   Thumb Code     8  stm32f4xx_it.o(.text)
    SystemInit                               0x08003323   Thumb Code    74  system_stm32f4xx.o(.text)
    SystemCoreClockUpdate                    0x0800336d   Thumb Code   108  system_stm32f4xx.o(.text)
    fs_open                                  0x080033fd   Thumb Code   162  fs.o(.text)
    fs_close                                 0x0800349f   Thumb Code    32  fs.o(.text)
    fs_read                                  0x080034bf   Thumb Code    68  fs.o(.text)
    fs_bytes_left                            0x08003503   Thumb Code     8  fs.o(.text)
    httpd_post_finished                      0x08003a9b   Thumb Code    38  httpd.o(.text)
    httpd_post_receive_data                  0x08003d3d   Thumb Code    50  httpd.o(.text)
    httpd_post_begin                         0x08003dbb   Thumb Code    62  httpd.o(.text)
    httpd_init                               0x080041e3   Thumb Code    32  httpd.o(.text)
    httpd_deinit                             0x08004203   Thumb Code    10  httpd.o(.text)
    http_set_ssi_handler                     0x0800420d   Thumb Code    10  httpd.o(.text)
    http_set_cgi_handlers                    0x08004217   Thumb Code     8  httpd.o(.text)
    tcp_echoclient_link_is_up_callback       0x0800445d   Thumb Code     2  tcp_echoclient.o(.text)
    tcp_echoclient_link_is_down_callback     0x0800445f   Thumb Code    14  tcp_echoclient.o(.text)
    tcp_echoclient_connect                   0x0800466b   Thumb Code   246  tcp_echoclient.o(.text)
    LwIP_Init                                0x08004785   Thumb Code   108  netconf.o(.text)
    LwIP_CheckFrameReceived                  0x080047f1   Thumb Code     4  netconf.o(.text)
    LwIP_Pkt_Handle                          0x080047f5   Thumb Code     6  netconf.o(.text)
    LwIP_DHCP_Process_Handle                 0x080047fb   Thumb Code   156  netconf.o(.text)
    LwIP_Periodic_Handle                     0x08004897   Thumb Code   132  netconf.o(.text)
    ETH_DeInit                               0x08004939   Thumb Code    24  stm32f4x7_eth.o(.text)
    ETH_StructInit                           0x08004951   Thumb Code   136  stm32f4x7_eth.o(.text)
    ETH_WritePHYRegister                     0x080049d9   Thumb Code    76  stm32f4x7_eth.o(.text)
    ETH_ReadPHYRegister                      0x08004a25   Thumb Code    80  stm32f4x7_eth.o(.text)
    ETH_Init                                 0x08004a75   Thumb Code   586  stm32f4x7_eth.o(.text)
    ETH_DMAReceptionCmd                      0x08004cbf   Thumb Code    22  stm32f4x7_eth.o(.text)
    ETH_DMATransmissionCmd                   0x08004cd5   Thumb Code    22  stm32f4x7_eth.o(.text)
    ETH_FlushTransmitFIFO                    0x08004ceb   Thumb Code    28  stm32f4x7_eth.o(.text)
    ETH_MACReceptionCmd                      0x08004d07   Thumb Code    42  stm32f4x7_eth.o(.text)
    ETH_MACTransmissionCmd                   0x08004d31   Thumb Code    42  stm32f4x7_eth.o(.text)
    ETH_Start                                0x08004d5b   Thumb Code    32  stm32f4x7_eth.o(.text)
    ETH_Stop                                 0x08004d7b   Thumb Code    32  stm32f4x7_eth.o(.text)
    ETH_GetFlowControlBusyStatus             0x08004d9b   Thumb Code    14  stm32f4x7_eth.o(.text)
    ETH_InitiatePauseControlFrame            0x08004da9   Thumb Code    80  stm32f4x7_eth.o(.text)
    ETH_BackPressureActivationCmd            0x08004df9   Thumb Code    42  stm32f4x7_eth.o(.text)
    ETH_GetMACFlagStatus                     0x08004e23   Thumb Code    16  stm32f4x7_eth.o(.text)
    ETH_GetMACITStatus                       0x08004e33   Thumb Code    16  stm32f4x7_eth.o(.text)
    ETH_MACITConfig                          0x08004e43   Thumb Code    18  stm32f4x7_eth.o(.text)
    ETH_MACAddressConfig                     0x08004e55   Thumb Code    22  stm32f4x7_eth.o(.text)
    ETH_GetMACAddress                        0x08004e6b   Thumb Code    30  stm32f4x7_eth.o(.text)
    ETH_MACAddressPerfectFilterCmd           0x08004e89   Thumb Code    42  stm32f4x7_eth.o(.text)
    ETH_MACAddressFilterConfig               0x08004eb3   Thumb Code    44  stm32f4x7_eth.o(.text)
    ETH_MACAddressMaskBytesFilterConfig      0x08004edf   Thumb Code    52  stm32f4x7_eth.o(.text)
    ETH_Get_Received_Frame                   0x08004f13   Thumb Code    34  stm32f4x7_eth.o(.text)
    ETH_Get_Received_Frame_interrupt         0x08004f35   Thumb Code   136  stm32f4x7_eth.o(.text)
    ETH_Prepare_Transmit_Descriptors         0x08004fbd   Thumb Code   168  stm32f4x7_eth.o(.text)
    ETH_DMARxDescChainInit                   0x08005065   Thumb Code    74  stm32f4x7_eth.o(.text)
    ETH_CheckFrameReceived                   0x080050af   Thumb Code   108  stm32f4x7_eth.o(.text)
    ETH_DMATxDescChainInit                   0x0800511b   Thumb Code    62  stm32f4x7_eth.o(.text)
    ETH_GetDMATxDescFlagStatus               0x08005159   Thumb Code    14  stm32f4x7_eth.o(.text)
    ETH_GetDMATxDescCollisionCount           0x08005167   Thumb Code     8  stm32f4x7_eth.o(.text)
    ETH_SetDMATxDescOwnBit                   0x0800516f   Thumb Code    10  stm32f4x7_eth.o(.text)
    ETH_DMATxDescTransmitITConfig            0x08005179   Thumb Code    20  stm32f4x7_eth.o(.text)
    ETH_DMATxDescFrameSegmentConfig          0x0800518d   Thumb Code     8  stm32f4x7_eth.o(.text)
    ETH_DMATxDescChecksumInsertionConfig     0x08005195   Thumb Code     8  stm32f4x7_eth.o(.text)
    ETH_DMATxDescCRCCmd                      0x0800519d   Thumb Code    20  stm32f4x7_eth.o(.text)
    ETH_DMATxDescSecondAddressChainedCmd     0x080051b1   Thumb Code    20  stm32f4x7_eth.o(.text)
    ETH_DMATxDescShortFramePaddingCmd        0x080051c5   Thumb Code    36  stm32f4x7_eth.o(.text)
    ETH_DMATxDescBufferSizeConfig            0x080051e9   Thumb Code    12  stm32f4x7_eth.o(.text)
    ETH_GetDMARxDescFlagStatus               0x080051f5   Thumb Code    14  stm32f4x7_eth.o(.text)
    ETH_GetDMAPTPRxDescExtendedFlagStatus    0x08005203   Thumb Code    14  stm32f4x7_eth.o(.text)
    ETH_SetDMARxDescOwnBit                   0x08005211   Thumb Code    10  stm32f4x7_eth.o(.text)
    ETH_GetDMARxDescFrameLength              0x0800521b   Thumb Code     8  stm32f4x7_eth.o(.text)
    ETH_DMARxDescReceiveITConfig             0x08005223   Thumb Code    18  stm32f4x7_eth.o(.text)
    ETH_GetDMARxDescBufferSize               0x08005235   Thumb Code    16  stm32f4x7_eth.o(.text)
    ETH_GetRxPktSize                         0x08005245   Thumb Code    30  stm32f4x7_eth.o(.text)
    ETH_EnhancedDescriptorCmd                0x08005263   Thumb Code    42  stm32f4x7_eth.o(.text)
    ETH_SoftwareReset                        0x0800528d   Thumb Code    12  stm32f4x7_eth.o(.text)
    ETH_GetSoftwareResetStatus               0x08005299   Thumb Code    14  stm32f4x7_eth.o(.text)
    ETH_GetDMAFlagStatus                     0x080052a7   Thumb Code    16  stm32f4x7_eth.o(.text)
    ETH_DMAClearFlag                         0x080052b7   Thumb Code     6  stm32f4x7_eth.o(.text)
    ETH_DMAITConfig                          0x080052bd   Thumb Code    18  stm32f4x7_eth.o(.text)
    ETH_GetDMAITStatus                       0x080052cf   Thumb Code    16  stm32f4x7_eth.o(.text)
    ETH_DMAClearITPendingBit                 0x080052df   Thumb Code     6  stm32f4x7_eth.o(.text)
    ETH_GetTransmitProcessState              0x080052e5   Thumb Code    10  stm32f4x7_eth.o(.text)
    ETH_GetReceiveProcessState               0x080052ef   Thumb Code    10  stm32f4x7_eth.o(.text)
    ETH_GetFlushTransmitFIFOStatus           0x080052f9   Thumb Code    14  stm32f4x7_eth.o(.text)
    ETH_GetDMAOverflowStatus                 0x08005307   Thumb Code    16  stm32f4x7_eth.o(.text)
    ETH_GetRxOverflowMissedFrameCounter      0x08005317   Thumb Code    10  stm32f4x7_eth.o(.text)
    ETH_GetBufferUnavailableMissedFrameCounter 0x08005321   Thumb Code     8  stm32f4x7_eth.o(.text)
    ETH_GetCurrentTxDescStartAddress         0x08005329   Thumb Code     6  stm32f4x7_eth.o(.text)
    ETH_GetCurrentRxDescStartAddress         0x0800532f   Thumb Code     6  stm32f4x7_eth.o(.text)
    ETH_GetCurrentTxBufferAddress            0x08005335   Thumb Code     6  stm32f4x7_eth.o(.text)
    ETH_GetCurrentRxBufferAddress            0x0800533b   Thumb Code     6  stm32f4x7_eth.o(.text)
    ETH_ResumeDMATransmission                0x08005341   Thumb Code     8  stm32f4x7_eth.o(.text)
    ETH_ResumeDMAReception                   0x08005349   Thumb Code     8  stm32f4x7_eth.o(.text)
    ETH_SetReceiveWatchdogTimer              0x08005351   Thumb Code     6  stm32f4x7_eth.o(.text)
    ETH_PHYLoopBackCmd                       0x08005357   Thumb Code    40  stm32f4x7_eth.o(.text)
    ETH_ResetWakeUpFrameFilterRegisterPointer 0x0800537f   Thumb Code    28  stm32f4x7_eth.o(.text)
    ETH_SetWakeUpFrameFilterRegister         0x0800539b   Thumb Code    40  stm32f4x7_eth.o(.text)
    ETH_GlobalUnicastWakeUpCmd               0x080053c3   Thumb Code    42  stm32f4x7_eth.o(.text)
    ETH_GetPMTFlagStatus                     0x080053ed   Thumb Code    16  stm32f4x7_eth.o(.text)
    ETH_WakeUpFrameDetectionCmd              0x080053fd   Thumb Code    42  stm32f4x7_eth.o(.text)
    ETH_MagicPacketDetectionCmd              0x08005427   Thumb Code    42  stm32f4x7_eth.o(.text)
    ETH_PowerDownCmd                         0x08005451   Thumb Code    42  stm32f4x7_eth.o(.text)
    ETH_MMCCounterFullPreset                 0x0800547b   Thumb Code    16  stm32f4x7_eth.o(.text)
    ETH_MMCCounterHalfPreset                 0x0800548b   Thumb Code    28  stm32f4x7_eth.o(.text)
    ETH_MMCCounterFreezeCmd                  0x080054a7   Thumb Code    26  stm32f4x7_eth.o(.text)
    ETH_MMCResetOnReadCmd                    0x080054c1   Thumb Code    26  stm32f4x7_eth.o(.text)
    ETH_MMCCounterRolloverCmd                0x080054db   Thumb Code    26  stm32f4x7_eth.o(.text)
    ETH_MMCCountersReset                     0x080054f5   Thumb Code    16  stm32f4x7_eth.o(.text)
    ETH_MMCITConfig                          0x08005505   Thumb Code    50  stm32f4x7_eth.o(.text)
    ETH_GetMMCITStatus                       0x08005537   Thumb Code    36  stm32f4x7_eth.o(.text)
    ETH_GetMMCRegister                       0x0800555b   Thumb Code     6  stm32f4x7_eth.o(.text)
    ETH_BSP_Config                           0x08005605   Thumb Code    48  stm32f4x7_eth_bsp.o(.text)
    ETH_CheckLinkStatus                      0x08005635   Thumb Code    56  stm32f4x7_eth_bsp.o(.text)
    ETH_EXTERN_GetSpeedAndDuplex             0x0800566d   Thumb Code    78  stm32f4x7_eth_bsp.o(.text)
    ETH_link_callback                        0x080056bb   Thumb Code   170  stm32f4x7_eth_bsp.o(.text)
    lwip_htons                               0x080057fd   Thumb Code     4  def.o(.text)
    lwip_ntohs                               0x08005801   Thumb Code     4  def.o(.text)
    lwip_htonl                               0x08005805   Thumb Code     4  def.o(.text)
    lwip_ntohl                               0x08005809   Thumb Code     4  def.o(.text)
    dhcp_renew                               0x08005ba7   Thumb Code   140  dhcp.o(.text)
    dhcp_coarse_tmr                          0x08005ccb   Thumb Code    90  dhcp.o(.text)
    dhcp_release                             0x08005dc1   Thumb Code   160  dhcp.o(.text)
    dhcp_fine_tmr                            0x08005f25   Thumb Code    46  dhcp.o(.text)
    dhcp_set_struct                          0x08005fd1   Thumb Code    18  dhcp.o(.text)
    dhcp_cleanup                             0x08005fe3   Thumb Code    20  dhcp.o(.text)
    dhcp_stop                                0x08005ff7   Thumb Code    48  dhcp.o(.text)
    dhcp_start                               0x08006345   Thumb Code   154  dhcp.o(.text)
    dhcp_inform                              0x080063df   Thumb Code   144  dhcp.o(.text)
    dhcp_network_changed                     0x0800646f   Thumb Code    64  dhcp.o(.text)
    dhcp_arp_reply                           0x080064af   Thumb Code    46  dhcp.o(.text)
    dns_setserver                            0x08006651   Thumb Code    32  dns.o(.text)
    dns_init                                 0x080067cf   Thumb Code    64  dns.o(.text)
    dns_getserver                            0x0800680f   Thumb Code    20  dns.o(.text)
    dns_tmr                                  0x08006985   Thumb Code    28  dns.o(.text)
    dns_gethostbyname                        0x080069a1   Thumb Code   140  dns.o(.text)
    mem_init                                 0x08006b29   Thumb Code    42  mem.o(.text)
    mem_free                                 0x08006b53   Thumb Code    40  mem.o(.text)
    mem_trim                                 0x08006b7b   Thumb Code   204  mem.o(.text)
    mem_malloc                               0x08006c47   Thumb Code   162  mem.o(.text)
    mem_calloc                               0x08006ce9   Thumb Code    26  mem.o(.text)
    memp_init                                0x08006d59   Thumb Code    78  memp.o(.text)
    memp_malloc                              0x08006da7   Thumb Code    30  memp.o(.text)
    memp_free                                0x08006dc5   Thumb Code    20  memp.o(.text)
    netif_init                               0x08006de1   Thumb Code     2  netif.o(.text)
    netif_set_gw                             0x08006de3   Thumb Code     8  netif.o(.text)
    netif_set_netmask                        0x08006deb   Thumb Code     8  netif.o(.text)
    netif_set_ipaddr                         0x08006df3   Thumb Code    96  netif.o(.text)
    netif_set_addr                           0x08006e53   Thumb Code    30  netif.o(.text)
    netif_add                                0x08006e71   Thumb Code    72  netif.o(.text)
    netif_set_default                        0x08006eb9   Thumb Code     6  netif.o(.text)
    netif_set_down                           0x08006ebf   Thumb Code    26  netif.o(.text)
    netif_remove                             0x08006ed9   Thumb Code    68  netif.o(.text)
    netif_find                               0x08006f1d   Thumb Code    58  netif.o(.text)
    netif_set_up                             0x08006f57   Thumb Code    32  netif.o(.text)
    netif_set_link_up                        0x08006f77   Thumb Code    66  netif.o(.text)
    netif_set_link_down                      0x08006fb9   Thumb Code    26  netif.o(.text)
    netif_set_link_callback                  0x08006fd3   Thumb Code     8  netif.o(.text)
    pbuf_free                                0x08006fe9   Thumb Code    80  pbuf.o(.text)
    pbuf_alloc                               0x08007039   Thumb Code   276  pbuf.o(.text)
    pbuf_alloced_custom                      0x0800714d   Thumb Code    84  pbuf.o(.text)
    pbuf_realloc                             0x080071a1   Thumb Code    78  pbuf.o(.text)
    pbuf_header                              0x080071ef   Thumb Code    96  pbuf.o(.text)
    pbuf_clen                                0x0800724f   Thumb Code    18  pbuf.o(.text)
    pbuf_ref                                 0x08007261   Thumb Code    12  pbuf.o(.text)
    pbuf_cat                                 0x0800726d   Thumb Code    40  pbuf.o(.text)
    pbuf_chain                               0x08007295   Thumb Code    16  pbuf.o(.text)
    pbuf_dechain                             0x080072a5   Thumb Code    38  pbuf.o(.text)
    pbuf_copy                                0x080072cb   Thumb Code   152  pbuf.o(.text)
    pbuf_copy_partial                        0x08007363   Thumb Code   102  pbuf.o(.text)
    pbuf_take                                0x080073c9   Thumb Code    78  pbuf.o(.text)
    pbuf_coalesce                            0x08007417   Thumb Code    44  pbuf.o(.text)
    pbuf_get_at                              0x08007443   Thumb Code    24  pbuf.o(.text)
    pbuf_memcmp                              0x0800745b   Thumb Code    68  pbuf.o(.text)
    pbuf_memfind                             0x0800749f   Thumb Code    56  pbuf.o(.text)
    pbuf_strstr                              0x080074d7   Thumb Code    50  pbuf.o(.text)
    raw_input                                0x08007509   Thumb Code   104  raw.o(.text)
    raw_bind                                 0x08007571   Thumb Code    10  raw.o(.text)
    raw_connect                              0x0800757b   Thumb Code    10  raw.o(.text)
    raw_recv                                 0x08007585   Thumb Code     6  raw.o(.text)
    raw_sendto                               0x0800758b   Thumb Code   144  raw.o(.text)
    raw_send                                 0x0800761b   Thumb Code     4  raw.o(.text)
    raw_remove                               0x0800761f   Thumb Code    40  raw.o(.text)
    raw_new                                  0x08007647   Thumb Code    38  raw.o(.text)
    tcp_init                                 0x08007679   Thumb Code     2  tcp.o(.text)
    tcp_seg_free                             0x0800767b   Thumb Code    28  tcp.o(.text)
    tcp_segs_free                            0x08007697   Thumb Code    18  tcp.o(.text)
    tcp_pcb_purge                            0x080076a9   Thumb Code    58  tcp.o(.text)
    tcp_slowtmr                              0x080076e3   Thumb Code   592  tcp.o(.text)
    tcp_pcb_remove                           0x08007933   Thumb Code    84  tcp.o(.text)
    tcp_close                                0x08007aa7   Thumb Code    18  tcp.o(.text)
    tcp_update_rcv_ann_wnd                   0x08007ab9   Thumb Code    70  tcp.o(.text)
    tcp_recved                               0x08007aff   Thumb Code    56  tcp.o(.text)
    tcp_recv_null                            0x08007b37   Thumb Code    34  tcp.o(.text)
    tcp_process_refused_data                 0x08007b59   Thumb Code   100  tcp.o(.text)
    tcp_fasttmr                              0x08007bbd   Thumb Code    86  tcp.o(.text)
    tcp_tmr                                  0x08007c13   Thumb Code    26  tcp.o(.text)
    tcp_shutdown                             0x08007c2d   Thumb Code    76  tcp.o(.text)
    tcp_abandon                              0x08007c79   Thumb Code   134  tcp.o(.text)
    tcp_abort                                0x08007cff   Thumb Code     4  tcp.o(.text)
    tcp_bind                                 0x08007d55   Thumb Code   116  tcp.o(.text)
    tcp_listen_with_backlog                  0x08007dcf   Thumb Code   126  tcp.o(.text)
    tcp_eff_send_mss                         0x08007e4d   Thumb Code    32  tcp.o(.text)
    tcp_next_iss                             0x08007e6d   Thumb Code    12  tcp.o(.text)
    tcp_connect                              0x08007e79   Thumb Code   246  tcp.o(.text)
    tcp_setprio                              0x08007f6f   Thumb Code     4  tcp.o(.text)
    tcp_alloc                                0x08007f73   Thumb Code   252  tcp.o(.text)
    tcp_new                                  0x0800806f   Thumb Code     4  tcp.o(.text)
    tcp_arg                                  0x08008073   Thumb Code     4  tcp.o(.text)
    tcp_recv                                 0x08008077   Thumb Code     4  tcp.o(.text)
    tcp_sent                                 0x0800807b   Thumb Code     4  tcp.o(.text)
    tcp_err                                  0x0800807f   Thumb Code     6  tcp.o(.text)
    tcp_accept                               0x08008085   Thumb Code     4  tcp.o(.text)
    tcp_poll                                 0x08008089   Thumb Code    10  tcp.o(.text)
    tcp_debug_state_str                      0x08008093   Thumb Code     8  tcp.o(.text)
    tcp_input                                0x08008947   Thumb Code   748  tcp_in.o(.text)
    tcp_enqueue_flags                        0x08008db9   Thumb Code   168  tcp_out.o(.text)
    tcp_send_fin                             0x08008e61   Thumb Code    68  tcp_out.o(.text)
    tcp_write                                0x08008ef1   Thumb Code   732  tcp_out.o(.text)
    tcp_send_empty_ack                       0x080091cd   Thumb Code    72  tcp_out.o(.text)
    tcp_output                               0x080092bf   Thumb Code   392  tcp_out.o(.text)
    tcp_rst                                  0x08009447   Thumb Code   118  tcp_out.o(.text)
    tcp_rexmit_rto                           0x080094bd   Thumb Code    44  tcp_out.o(.text)
    tcp_rexmit                               0x080094e9   Thumb Code    80  tcp_out.o(.text)
    tcp_rexmit_fast                          0x08009539   Thumb Code    88  tcp_out.o(.text)
    tcp_keepalive                            0x08009591   Thumb Code    60  tcp_out.o(.text)
    tcp_zero_window_probe                    0x080095cd   Thumb Code   156  tcp_out.o(.text)
    tcp_timer_needed                         0x08009669   Thumb Code     2  timers.o(.text)
    udp_init                                 0x0800966d   Thumb Code     2  udp.o(.text)
    udp_input                                0x0800966f   Thumb Code   350  udp.o(.text)
    udp_bind                                 0x080097cd   Thumb Code   148  udp.o(.text)
    udp_sendto_if                            0x08009861   Thumb Code   182  udp.o(.text)
    udp_sendto                               0x08009917   Thumb Code    40  udp.o(.text)
    udp_send                                 0x0800993f   Thumb Code     6  udp.o(.text)
    udp_connect                              0x08009945   Thumb Code    70  udp.o(.text)
    udp_disconnect                           0x0800998b   Thumb Code    16  udp.o(.text)
    udp_recv                                 0x0800999b   Thumb Code     6  udp.o(.text)
    udp_remove                               0x080099a1   Thumb Code    40  udp.o(.text)
    udp_new                                  0x080099c9   Thumb Code    26  udp.o(.text)
    icmp_input                               0x080099f1   Thumb Code   242  icmp.o(.text)
    icmp_dest_unreach                        0x08009b47   Thumb Code     6  icmp.o(.text)
    icmp_time_exceeded                       0x08009b4d   Thumb Code     6  icmp.o(.text)
    inet_chksum_pseudo                       0x08009bb3   Thumb Code   136  inet_chksum.o(.text)
    inet_chksum_pseudo_partial               0x08009c3b   Thumb Code   156  inet_chksum.o(.text)
    inet_chksum                              0x08009cd7   Thumb Code    12  inet_chksum.o(.text)
    inet_chksum_pbuf                         0x08009ce3   Thumb Code    72  inet_chksum.o(.text)
    ip_route                                 0x08009d2d   Thumb Code    54  ip.o(.text)
    ip_input                                 0x08009d63   Thumb Code   366  ip.o(.text)
    ip_output_if                             0x08009ed1   Thumb Code   166  ip.o(.text)
    ip_output                                0x08009f77   Thumb Code    52  ip.o(.text)
    ip4_addr_isbroadcast                     0x08009fb9   Thumb Code    46  ip_addr.o(.text)
    ip4_addr_netmask_valid                   0x08009fe7   Thumb Code    38  ip_addr.o(.text)
    ipaddr_aton                              0x0800a00d   Thumb Code   248  ip_addr.o(.text)
    ipaddr_addr                              0x0800a105   Thumb Code    20  ip_addr.o(.text)
    ipaddr_ntoa_r                            0x0800a119   Thumb Code   118  ip_addr.o(.text)
    ipaddr_ntoa                              0x0800a18f   Thumb Code     6  ip_addr.o(.text)
    ip_reass_tmr                             0x0800a205   Thumb Code    40  ip_frag.o(.text)
    ip_reass                                 0x0800a37b   Thumb Code   414  ip_frag.o(.text)
    ip_frag                                  0x0800a52f   Thumb Code   358  ip_frag.o(.text)
    etharp_tmr                               0x0800a6e5   Thumb Code    66  etharp.o(.text)
    etharp_cleanup_netif                     0x0800a811   Thumb Code    42  etharp.o(.text)
    etharp_find_addr                         0x0800a83b   Thumb Code    52  etharp.o(.text)
    etharp_request                           0x0800a941   Thumb Code    32  etharp.o(.text)
    etharp_query                             0x0800a99f   Thumb Code   232  etharp.o(.text)
    etharp_output                            0x0800aa87   Thumb Code   258  etharp.o(.text)
    ethernet_input                           0x0800ab89   Thumb Code   138  etharp.o(.text)
    ethernetif_input                         0x0800adfd   Thumb Code    38  ethernetif.o(.text)
    ethernetif_init                          0x0800ae23   Thumb Code    34  ethernetif.o(.text)
    __aeabi_memcpy                           0x0800af99   Thumb Code    36  memcpya.o(.text)
    __aeabi_memcpy4                          0x0800af99   Thumb Code     0  memcpya.o(.text)
    __aeabi_memcpy8                          0x0800af99   Thumb Code     0  memcpya.o(.text)
    __aeabi_memset                           0x0800afbd   Thumb Code    14  memseta.o(.text)
    __aeabi_memset4                          0x0800afbd   Thumb Code     0  memseta.o(.text)
    __aeabi_memset8                          0x0800afbd   Thumb Code     0  memseta.o(.text)
    __aeabi_memclr                           0x0800afcb   Thumb Code     4  memseta.o(.text)
    __aeabi_memclr4                          0x0800afcb   Thumb Code     0  memseta.o(.text)
    __aeabi_memclr8                          0x0800afcb   Thumb Code     0  memseta.o(.text)
    _memset$wrapper                          0x0800afcf   Thumb Code    18  memseta.o(.text)
    strcat                                   0x0800afe1   Thumb Code    24  strcat.o(.text)
    strstr                                   0x0800aff9   Thumb Code    36  strstr.o(.text)
    strchr                                   0x0800b01d   Thumb Code    20  strchr.o(.text)
    strlen                                   0x0800b031   Thumb Code    14  strlen.o(.text)
    strcmp                                   0x0800b03f   Thumb Code    28  strcmp.o(.text)
    memcmp                                   0x0800b05b   Thumb Code    26  memcmp.o(.text)
    strcpy                                   0x0800b075   Thumb Code    18  strcpy.o(.text)
    strncmp                                  0x0800b087   Thumb Code    30  strncmp.o(.text)
    atoi                                     0x0800b0a5   Thumb Code    26  atoi.o(.text)
    __aeabi_uldivmod                         0x0800b0bf   Thumb Code    98  uldiv.o(.text)
    strtol                                   0x0800b121   Thumb Code   112  strtol.o(.text)
    __scatterload                            0x0800b191   Thumb Code    28  init.o(.text)
    __scatterload_rt2                        0x0800b191   Thumb Code     0  init.o(.text)
    __aeabi_llsl                             0x0800b1b5   Thumb Code    30  llshl.o(.text)
    _ll_shift_l                              0x0800b1b5   Thumb Code     0  llshl.o(.text)
    __aeabi_llsr                             0x0800b1d3   Thumb Code    32  llushr.o(.text)
    _ll_ushift_r                             0x0800b1d3   Thumb Code     0  llushr.o(.text)
    __rt_ctype_table                         0x0800b1f5   Thumb Code     4  ctype_o.o(.text)
    _strtoul                                 0x0800b1fd   Thumb Code   158  _strtoul.o(.text)
    _chval                                   0x0800b29b   Thumb Code    28  _chval.o(.text)
    __decompress                             0x0800b2b7   Thumb Code     0  __dczerorl2.o(.text)
    __decompress1                            0x0800b2b7   Thumb Code    86  __dczerorl2.o(.text)
    __0printf$8                              0x0800b30d   Thumb Code    22  printf8.o(i.__0printf$8)
    __1printf$8                              0x0800b30d   Thumb Code     0  printf8.o(i.__0printf$8)
    __2printf                                0x0800b30d   Thumb Code     0  printf8.o(i.__0printf$8)
    __0sprintf$8                             0x0800b32d   Thumb Code    34  printf8.o(i.__0sprintf$8)
    __1sprintf$8                             0x0800b32d   Thumb Code     0  printf8.o(i.__0sprintf$8)
    __2sprintf                               0x0800b32d   Thumb Code     0  printf8.o(i.__0sprintf$8)
    __aeabi_errno_addr                       0x0800b355   Thumb Code     4  errno.o(i.__aeabi_errno_addr)
    __rt_errno_addr                          0x0800b355   Thumb Code     0  errno.o(i.__aeabi_errno_addr)
    __scatterload_copy                       0x0800b35d   Thumb Code    14  handlers.o(i.__scatterload_copy)
    __scatterload_null                       0x0800b36b   Thumb Code     2  handlers.o(i.__scatterload_null)
    __scatterload_zeroinit                   0x0800b36d   Thumb Code    14  handlers.o(i.__scatterload_zeroinit)
    free                                     0x0800b7e9   Thumb Code    76  malloc.o(i.free)
    malloc                                   0x0800b839   Thumb Code    92  malloc.o(i.malloc)
    data__style_css                          0x0800b8a4   Data         899  fsdata.o(.constdata)
    data__404_html                           0x0800bc27   Data         519  fsdata.o(.constdata)
    data__index_html                         0x0800be2e   Data        2978  fsdata.o(.constdata)
    file__style_css                          0x0800c9d0   Data          20  fsdata.o(.constdata)
    file__404_html                           0x0800c9e4   Data          20  fsdata.o(.constdata)
    file__index_shtml                        0x0800c9f8   Data          20  fsdata.o(.constdata)
    g_pcTagLeadIn                            0x0800ca0c   Data           4  httpd.o(.constdata)
    g_pcTagLeadOut                           0x0800ca10   Data           4  httpd.o(.constdata)
    g_psDefaultFilenames                     0x0800ca14   Data          40  httpd.o(.constdata)
    tcp_persist_backoff                      0x0800ca60   Data           7  tcp.o(.constdata)
    tcp_state_str                            0x0800ca68   Data          44  tcp.o(.constdata)
    tcp_backoff                              0x0800ca94   Data          13  tcp.o(.constdata)
    tcp_pcb_lists                            0x0800caa4   Data          16  tcp.o(.constdata)
    ip_addr_any                              0x0800cab4   Data           4  ip_addr.o(.constdata)
    ip_addr_broadcast                        0x0800cab8   Data           4  ip_addr.o(.constdata)
    ethbroadcast                             0x0800cabc   Data           6  etharp.o(.constdata)
    ethzero                                  0x0800cac2   Data           6  etharp.o(.constdata)
    __ctype_table                            0x0800cac8   Data         129  ctype_o.o(.constdata)
    Region$$Table$$Base                      0x0800d020   Number         0  anon$$obj.o(Region$$Table)
    Region$$Table$$Limit                     0x0800d040   Number         0  anon$$obj.o(Region$$Table)
    TM_DELAY_Initialized                     0x20000010   Data           1  tm_stm32f4_delay.o(.data)
    TM_Time                                  0x20000014   Data           4  tm_stm32f4_delay.o(.data)
    TM_Time2                                 0x20000018   Data           4  tm_stm32f4_delay.o(.data)
    mult                                     0x2000001c   Data           4  tm_stm32f4_delay.o(.data)
    TM_USART1                                0x20000024   Data          16  tm_stm32f4_usart.o(.data)
    TM_USART2                                0x20000034   Data          16  tm_stm32f4_usart.o(.data)
    TM_USART3                                0x20000044   Data          16  tm_stm32f4_usart.o(.data)
    TM_UART4                                 0x20000054   Data          16  tm_stm32f4_usart.o(.data)
    TM_UART5                                 0x20000064   Data          16  tm_stm32f4_usart.o(.data)
    TM_USART6                                0x20000074   Data          16  tm_stm32f4_usart.o(.data)
    TM_RTC_Status                            0x2000008c   Data           4  tm_stm32f4_rtc.o(.data)
    RTC_TimeStruct                           0x20000090   Data           4  tm_stm32f4_rtc.o(.data)
    RTC_DateStruct                           0x20000094   Data           4  tm_stm32f4_rtc.o(.data)
    NVIC_InitStruct                          0x20000098   Data           4  tm_stm32f4_rtc.o(.data)
    EXTI_InitStruct                          0x2000009c   Data           8  tm_stm32f4_rtc.o(.data)
    TM_RTC_Months                            0x200000a4   Data          24  tm_stm32f4_rtc.o(.data)
    SystemCoreClock                          0x200000bc   Data           4  system_stm32f4xx.o(.data)
    AHBPrescTable                            0x200000c0   Data          16  system_stm32f4xx.o(.data)
    g_pfnSSIHandler                          0x200000d8   Data           4  httpd.o(.data)
    g_iNumTags                               0x200000dc   Data           4  httpd.o(.data)
    g_ppcTags                                0x200000e0   Data           4  httpd.o(.data)
    g_pCGIs                                  0x200000e4   Data           4  httpd.o(.data)
    g_iNumCGIs                               0x200000e8   Data           4  httpd.o(.data)
    g_pcSSIExtensions                        0x200001e0   Data          16  httpd.o(.data)
    DHCP_state                               0x200001f4   Data           1  netconf.o(.data)
    TCPTimer                                 0x200001f8   Data           4  netconf.o(.data)
    ARPTimer                                 0x200001fc   Data           4  netconf.o(.data)
    LinkTimer                                0x20000200   Data           4  netconf.o(.data)
    IPaddress                                0x20000204   Data           4  netconf.o(.data)
    DHCPfineTimer                            0x20000208   Data           4  netconf.o(.data)
    DHCPcoarseTimer                          0x2000020c   Data           4  netconf.o(.data)
    DMATxDescToSet                           0x20000210   Data           4  stm32f4x7_eth.o(.data)
    DMARxDescToGet                           0x20000214   Data           4  stm32f4x7_eth.o(.data)
    DMA_RX_FRAME_infos                       0x20000218   Data           4  stm32f4x7_eth.o(.data)
    EthLinkStatus                            0x2000021c   Data           1  stm32f4x7_eth_bsp.o(.data)
    EthStatus                                0x20000220   Data           4  stm32f4x7_eth_bsp.o(.data)
    netif_list                               0x2000024c   Data           4  netif.o(.data)
    netif_default                            0x20000250   Data           4  netif.o(.data)
    tcp_active_pcbs_changed                  0x20000258   Data           1  tcp.o(.data)
    tcp_ticks                                0x20000264   Data           4  tcp.o(.data)
    tcp_bound_pcbs                           0x20000268   Data           4  tcp.o(.data)
    tcp_listen_pcbs                          0x2000026c   Data           4  tcp.o(.data)
    tcp_active_pcbs                          0x20000270   Data           4  tcp.o(.data)
    tcp_tw_pcbs                              0x20000274   Data           4  tcp.o(.data)
    tcp_tmp_pcb                              0x20000278   Data           4  tcp.o(.data)
    tcp_input_pcb                            0x20000294   Data           4  tcp_in.o(.data)
    udp_pcbs                                 0x2000029c   Data           4  udp.o(.data)
    current_netif                            0x200002a4   Data           4  ip.o(.data)
    current_header                           0x200002a8   Data           4  ip.o(.data)
    current_iphdr_src                        0x200002ac   Data           4  ip.o(.data)
    current_iphdr_dest                       0x200002b0   Data           4  ip.o(.data)
    __stdout                                 0x200002c0   Data           4  stdout.o(.data)
    __microlib_freelist                      0x200002c4   Data           4  mvars.o(.data)
    __microlib_freelist_initialised          0x200002c8   Data           4  mvars.o(.data)
    TM_USART1_Buffer                         0x200002e8   Data          32  tm_stm32f4_usart.o(.bss)
    TM_USART2_Buffer                         0x20000308   Data          32  tm_stm32f4_usart.o(.bss)
    TM_USART3_Buffer                         0x20000328   Data          32  tm_stm32f4_usart.o(.bss)
    TM_UART4_Buffer                          0x20000348   Data          32  tm_stm32f4_usart.o(.bss)
    TM_UART5_Buffer                          0x20000368   Data          32  tm_stm32f4_usart.o(.bss)
    TM_USART6_Buffer                         0x20000388   Data          32  tm_stm32f4_usart.o(.bss)
    TM_ETHERNET                              0x200003a8   Data          80  tm_stm32f4_ethernet.o(.bss)
    RTC_InitStruct                           0x200003f8   Data          12  tm_stm32f4_rtc.o(.bss)
    fs_memory                                0x2000041c   Data         800  fs.o(.bss)
    POSTREQUEST                              0x20000b7c   Data          28  httpd.o(.bss)
    data                                     0x20000b98   Data        1024  tcp_echoclient.o(.bss)
    TM_Client                                0x20000f98   Data         528  tcp_echoclient.o(.bss)
    gnetif                                   0x200011a8   Data          60  netconf.o(.bss)
    DMARxDscrTab                             0x200011e4   Data         128  stm32f4x7_eth.o(.bss)
    DMATxDscrTab                             0x20001264   Data         128  stm32f4x7_eth.o(.bss)
    Rx_Buff                                  0x200012e4   Data        6096  stm32f4x7_eth.o(.bss)
    Tx_Buff                                  0x20002ab4   Data        6096  stm32f4x7_eth.o(.bss)
    RX_Frame_Descriptor                      0x20004284   Data          12  stm32f4x7_eth.o(.bss)
    ETH_InitStructure                        0x20004290   Data         188  stm32f4x7_eth_bsp.o(.bss)
    dhcp_rx_options_val                      0x2000434c   Data          40  dhcp.o(.bss)
    dhcp_rx_options_given                    0x20004374   Data          10  dhcp.o(.bss)
    ram_heap                                 0x200049e3   Data       10260  mem.o(.bss)
    __heap_base                              0x200094b8   Data           0  startup_stm32f40_41xxx.o(HEAP)
    __heap_limit                             0x200096b8   Data           0  startup_stm32f40_41xxx.o(HEAP)
    __initial_sp                             0x20009ab8   Data           0  startup_stm32f40_41xxx.o(STACK)



==============================================================================

Memory Map of the image

  Image Entry point : 0x08000189

  Load Region LR_IROM1 (Base: 0x08000000, Size: 0x0000d310, Max: 0x00100000, ABSOLUTE, COMPRESSED[0x0000d134])

    Execution Region ER_IROM1 (Exec base: 0x08000000, Load base: 0x08000000, Size: 0x0000d040, Max: 0x00100000, ABSOLUTE)

    Exec Addr    Load Addr    Size         Type   Attr      Idx    E Section Name        Object

    0x08000000   0x08000000   0x00000188   Data   RO            3    RESET               startup_stm32f40_41xxx.o
    0x08000188   0x08000188   0x00000000   Code   RO         2296  * .ARM.Collect$$$$00000000  mc_w.l(entry.o)
    0x08000188   0x08000188   0x00000004   Code   RO         2612    .ARM.Collect$$$$00000001  mc_w.l(entry2.o)
    0x0800018c   0x0800018c   0x00000004   Code   RO         2615    .ARM.Collect$$$$00000004  mc_w.l(entry5.o)
    0x08000190   0x08000190   0x00000000   Code   RO         2617    .ARM.Collect$$$$00000008  mc_w.l(entry7b.o)
    0x08000190   0x08000190   0x00000000   Code   RO         2619    .ARM.Collect$$$$0000000A  mc_w.l(entry8b.o)
    0x08000190   0x08000190   0x00000008   Code   RO         2620    .ARM.Collect$$$$0000000B  mc_w.l(entry9a.o)
    0x08000198   0x08000198   0x00000000   Code   RO         2622    .ARM.Collect$$$$0000000D  mc_w.l(entry10a.o)
    0x08000198   0x08000198   0x00000000   Code   RO         2624    .ARM.Collect$$$$0000000F  mc_w.l(entry11a.o)
    0x08000198   0x08000198   0x00000004   Code   RO         2613    .ARM.Collect$$$$00002712  mc_w.l(entry2.o)
    0x0800019c   0x0800019c   0x00000024   Code   RO            4    .text               startup_stm32f40_41xxx.o
    0x080001c0   0x080001c0   0x000000b0   Code   RO           13    .text               misc.o
    0x08000270   0x08000270   0x00000480   Code   RO          142    .text               stm32f4xx_rcc.o
    0x080006f0   0x080006f0   0x0000007c   Code   RO          192    .text               stm32f4xx_syscfg.o
    0x0800076c   0x0800076c   0x000000e0   Code   RO          216    .text               stm32f4xx_exti.o
    0x0800084c   0x0800084c   0x00000358   Code   RO          240    .text               stm32f4xx_usart.o
    0x08000ba4   0x08000ba4   0x00000a54   Code   RO          288    .text               stm32f4xx_rtc.o
    0x080015f8   0x080015f8   0x00000114   Code   RO          313    .text               stm32f4xx_pwr.o
    0x0800170c   0x0800170c   0x00000180   Code   RO          434    .text               tm_stm32f4_delay.o
    0x0800188c   0x0800188c   0x00000084   Code   RO          482    .text               tm_stm32f4_disco.o
    0x08001910   0x08001910   0x000006a4   Code   RO          514    .text               tm_stm32f4_usart.o
    0x08001fb4   0x08001fb4   0x00000388   Code   RO          550    .text               tm_stm32f4_ethernet.o
    0x0800233c   0x0800233c   0x00000918   Code   RO          666    .text               tm_stm32f4_rtc.o
    0x08002c54   0x08002c54   0x000000b8   Code   RO          697    .text               tm_stm32f4_watchdog.o
    0x08002d0c   0x08002d0c   0x0000029c   Code   RO          745    .text               tm_stm32f4_gpio.o
    0x08002fa8   0x08002fa8   0x000002bc   Code   RO          772    .text               main.o
    0x08003264   0x08003264   0x0000001c   Code   RO          806    .text               stm32f4xx_it.o
    0x08003280   0x08003280   0x0000017c   Code   RO          833    .text               system_stm32f4xx.o
    0x080033fc   0x080033fc   0x00000144   Code   RO          863    .text               fs.o
    0x08003540   0x08003540   0x00000eec   Code   RO         1002    .text               httpd.o
    0x0800442c   0x0800442c   0x00000358   Code   RO         1088    .text               tcp_echoclient.o
    0x08004784   0x08004784   0x000001b4   Code   RO         1123    .text               netconf.o
    0x08004938   0x08004938   0x00000c40   Code   RO         1200    .text               stm32f4x7_eth.o
    0x08005578   0x08005578   0x00000284   Code   RO         1254    .text               stm32f4x7_eth_bsp.o
    0x080057fc   0x080057fc   0x00000010   Code   RO         1451    .text               def.o
    0x0800580c   0x0800580c   0x00000e44   Code   RO         1476    .text               dhcp.o
    0x08006650   0x08006650   0x000004d8   Code   RO         1532    .text               dns.o
    0x08006b28   0x08006b28   0x00000230   Code   RO         1629    .text               mem.o
    0x08006d58   0x08006d58   0x00000088   Code   RO         1657    .text               memp.o
    0x08006de0   0x08006de0   0x00000208   Code   RO         1699    .text               netif.o
    0x08006fe8   0x08006fe8   0x00000520   Code   RO         1734    .text               pbuf.o
    0x08007508   0x08007508   0x00000170   Code   RO         1762    .text               raw.o
    0x08007678   0x08007678   0x00000a2c   Code   RO         1824    .text               tcp.o
    0x080080a4   0x080080a4   0x00000c10   Code   RO         1864    .text               tcp_in.o
    0x08008cb4   0x08008cb4   0x000009b4   Code   RO         1902    .text               tcp_out.o
    0x08009668   0x08009668   0x00000002   Code   RO         1926    .text               timers.o
    0x0800966a   0x0800966a   0x00000002   PAD
    0x0800966c   0x0800966c   0x00000384   Code   RO         1950    .text               udp.o
    0x080099f0   0x080099f0   0x0000016c   Code   RO         2010    .text               icmp.o
    0x08009b5c   0x08009b5c   0x000001ce   Code   RO         2077    .text               inet_chksum.o
    0x08009d2a   0x08009d2a   0x00000002   PAD
    0x08009d2c   0x08009d2c   0x0000028c   Code   RO         2104    .text               ip.o
    0x08009fb8   0x08009fb8   0x000001e0   Code   RO         2137    .text               ip_addr.o
    0x0800a198   0x0800a198   0x0000052c   Code   RO         2173    .text               ip_frag.o
    0x0800a6c4   0x0800a6c4   0x00000694   Code   RO         2199    .text               etharp.o
    0x0800ad58   0x0800ad58   0x00000240   Code   RO         2232    .text               ethernetif.o
    0x0800af98   0x0800af98   0x00000024   Code   RO         2299    .text               mc_w.l(memcpya.o)
    0x0800afbc   0x0800afbc   0x00000024   Code   RO         2301    .text               mc_w.l(memseta.o)
    0x0800afe0   0x0800afe0   0x00000018   Code   RO         2303    .text               mc_w.l(strcat.o)
    0x0800aff8   0x0800aff8   0x00000024   Code   RO         2305    .text               mc_w.l(strstr.o)
    0x0800b01c   0x0800b01c   0x00000014   Code   RO         2307    .text               mc_w.l(strchr.o)
    0x0800b030   0x0800b030   0x0000000e   Code   RO         2309    .text               mc_w.l(strlen.o)
    0x0800b03e   0x0800b03e   0x0000001c   Code   RO         2311    .text               mc_w.l(strcmp.o)
    0x0800b05a   0x0800b05a   0x0000001a   Code   RO         2313    .text               mc_w.l(memcmp.o)
    0x0800b074   0x0800b074   0x00000012   Code   RO         2315    .text               mc_w.l(strcpy.o)
    0x0800b086   0x0800b086   0x0000001e   Code   RO         2317    .text               mc_w.l(strncmp.o)
    0x0800b0a4   0x0800b0a4   0x0000001a   Code   RO         2610    .text               mc_w.l(atoi.o)
    0x0800b0be   0x0800b0be   0x00000062   Code   RO         2629    .text               mc_w.l(uldiv.o)
    0x0800b120   0x0800b120   0x00000070   Code   RO         2640    .text               mc_w.l(strtol.o)
    0x0800b190   0x0800b190   0x00000024   Code   RO         2653    .text               mc_w.l(init.o)
    0x0800b1b4   0x0800b1b4   0x0000001e   Code   RO         2655    .text               mc_w.l(llshl.o)
    0x0800b1d2   0x0800b1d2   0x00000020   Code   RO         2657    .text               mc_w.l(llushr.o)
    0x0800b1f2   0x0800b1f2   0x00000002   PAD
    0x0800b1f4   0x0800b1f4   0x00000008   Code   RO         2661    .text               mc_w.l(ctype_o.o)
    0x0800b1fc   0x0800b1fc   0x0000009e   Code   RO         2689    .text               mc_w.l(_strtoul.o)
    0x0800b29a   0x0800b29a   0x0000001c   Code   RO         2693    .text               mc_w.l(_chval.o)
    0x0800b2b6   0x0800b2b6   0x00000056   Code   RO         2703    .text               mc_w.l(__dczerorl2.o)
    0x0800b30c   0x0800b30c   0x00000020   Code   RO         2528    i.__0printf$8       mc_w.l(printf8.o)
    0x0800b32c   0x0800b32c   0x00000028   Code   RO         2530    i.__0sprintf$8      mc_w.l(printf8.o)
    0x0800b354   0x0800b354   0x00000008   Code   RO         2633    i.__aeabi_errno_addr  mc_w.l(errno.o)
    0x0800b35c   0x0800b35c   0x0000000e   Code   RO         2697    i.__scatterload_copy  mc_w.l(handlers.o)
    0x0800b36a   0x0800b36a   0x00000002   Code   RO         2698    i.__scatterload_null  mc_w.l(handlers.o)
    0x0800b36c   0x0800b36c   0x0000000e   Code   RO         2699    i.__scatterload_zeroinit  mc_w.l(handlers.o)
    0x0800b37a   0x0800b37a   0x00000002   PAD
    0x0800b37c   0x0800b37c   0x00000410   Code   RO         2535    i._printf_core      mc_w.l(printf8.o)
    0x0800b78c   0x0800b78c   0x00000024   Code   RO         2536    i._printf_post_padding  mc_w.l(printf8.o)
    0x0800b7b0   0x0800b7b0   0x0000002e   Code   RO         2537    i._printf_pre_padding  mc_w.l(printf8.o)
    0x0800b7de   0x0800b7de   0x0000000a   Code   RO         2539    i._sputc            mc_w.l(printf8.o)
    0x0800b7e8   0x0800b7e8   0x00000050   Code   RO         2582    i.free              mc_w.l(malloc.o)
    0x0800b838   0x0800b838   0x0000006c   Code   RO         2583    i.malloc            mc_w.l(malloc.o)
    0x0800b8a4   0x0800b8a4   0x00000383   Data   RO          970    .constdata          fsdata.o
    0x0800bc27   0x0800bc27   0x00000207   Data   RO          971    .constdata          fsdata.o
    0x0800be2e   0x0800be2e   0x00000ba2   Data   RO          972    .constdata          fsdata.o
    0x0800c9d0   0x0800c9d0   0x00000014   Data   RO          973    .constdata          fsdata.o
    0x0800c9e4   0x0800c9e4   0x00000014   Data   RO          974    .constdata          fsdata.o
    0x0800c9f8   0x0800c9f8   0x00000014   Data   RO          975    .constdata          fsdata.o
    0x0800ca0c   0x0800ca0c   0x00000030   Data   RO         1004    .constdata          httpd.o
    0x0800ca3c   0x0800ca3c   0x00000024   Data   RO         1659    .constdata          memp.o
    0x0800ca60   0x0800ca60   0x00000054   Data   RO         1825    .constdata          tcp.o
    0x0800cab4   0x0800cab4   0x00000004   Data   RO         2139    .constdata          ip_addr.o
    0x0800cab8   0x0800cab8   0x00000004   Data   RO         2140    .constdata          ip_addr.o
    0x0800cabc   0x0800cabc   0x0000000c   Data   RO         2201    .constdata          etharp.o
    0x0800cac8   0x0800cac8   0x00000081   Data   RO         2662    .constdata          mc_w.l(ctype_o.o)
    0x0800cb49   0x0800cb49   0x00000003   PAD
    0x0800cb4c   0x0800cb4c   0x00000004   Data   RO         2663    .constdata          mc_w.l(ctype_o.o)
    0x0800cb50   0x0800cb50   0x0000000b   Data   RO          976    .conststring        fsdata.o
    0x0800cb5b   0x0800cb5b   0x00000001   PAD
    0x0800cb5c   0x0800cb5c   0x0000000a   Data   RO          977    .conststring        fsdata.o
    0x0800cb66   0x0800cb66   0x00000002   PAD
    0x0800cb68   0x0800cb68   0x0000000d   Data   RO          978    .conststring        fsdata.o
    0x0800cb75   0x0800cb75   0x00000003   PAD
    0x0800cb78   0x0800cb78   0x00000430   Data   RO         1005    .conststring        httpd.o
    0x0800cfa8   0x0800cfa8   0x00000075   Data   RO         1826    .conststring        tcp.o
    0x0800d01d   0x0800d01d   0x00000003   PAD
    0x0800d020   0x0800d020   0x00000020   Data   RO         2695    Region$$Table       anon$$obj.o


    Execution Region RW_IRAM1 (Exec base: 0x20000000, Load base: 0x0800d040, Size: 0x00009ab8, Max: 0x00020000, ABSOLUTE, COMPRESSED[0x000000f4])

    Exec Addr    Load Addr    Size         Type   Attr      Idx    E Section Name        Object

    0x20000000   COMPRESSED   0x00000010   Data   RW          143    .data               stm32f4xx_rcc.o
    0x20000010   COMPRESSED   0x00000010   Data   RW          437    .data               tm_stm32f4_delay.o
    0x20000020   COMPRESSED   0x00000001   Data   RW          483    .data               tm_stm32f4_disco.o
    0x20000021   COMPRESSED   0x00000003   PAD
    0x20000024   COMPRESSED   0x00000060   Data   RW          521    .data               tm_stm32f4_usart.o
    0x20000084   COMPRESSED   0x00000008   Data   RW          552    .data               tm_stm32f4_ethernet.o
    0x2000008c   COMPRESSED   0x00000030   Data   RW          668    .data               tm_stm32f4_rtc.o
    0x200000bc   COMPRESSED   0x00000014   Data   RW          834    .data               system_stm32f4xx.o
    0x200000d0   COMPRESSED   0x00000002   Data   RW          865    .data               fs.o
    0x200000d2   COMPRESSED   0x00000002   PAD
    0x200000d4   COMPRESSED   0x0000011c   Data   RW         1006    .data               httpd.o
    0x200001f0   COMPRESSED   0x00000002   Data   RW         1090    .data               tcp_echoclient.o
    0x200001f2   COMPRESSED   0x00000002   PAD
    0x200001f4   COMPRESSED   0x0000001c   Data   RW         1125    .data               netconf.o
    0x20000210   COMPRESSED   0x0000000c   Data   RW         1206    .data               stm32f4x7_eth.o
    0x2000021c   COMPRESSED   0x00000008   Data   RW         1256    .data               stm32f4x7_eth_bsp.o
    0x20000224   COMPRESSED   0x00000004   Data   RW         1478    .data               dhcp.o
    0x20000228   COMPRESSED   0x00000014   Data   RW         1534    .data               dns.o
    0x2000023c   COMPRESSED   0x0000000c   Data   RW         1631    .data               mem.o
    0x20000248   COMPRESSED   0x0000000c   Data   RW         1700    .data               netif.o
    0x20000254   COMPRESSED   0x00000004   Data   RW         1763    .data               raw.o
    0x20000258   COMPRESSED   0x00000024   Data   RW         1827    .data               tcp.o
    0x2000027c   COMPRESSED   0x0000001c   Data   RW         1866    .data               tcp_in.o
    0x20000298   COMPRESSED   0x00000008   Data   RW         1951    .data               udp.o
    0x200002a0   COMPRESSED   0x00000014   Data   RW         2105    .data               ip.o
    0x200002b4   COMPRESSED   0x00000008   Data   RW         2174    .data               ip_frag.o
    0x200002bc   COMPRESSED   0x00000001   Data   RW         2202    .data               etharp.o
    0x200002bd   COMPRESSED   0x00000003   PAD
    0x200002c0   COMPRESSED   0x00000004   Data   RW         2626    .data               mc_w.l(stdout.o)
    0x200002c4   COMPRESSED   0x00000004   Data   RW         2631    .data               mc_w.l(mvars.o)
    0x200002c8   COMPRESSED   0x00000004   Data   RW         2632    .data               mc_w.l(mvars.o)
    0x200002cc   COMPRESSED   0x00000004   Data   RW         2636    .data               mc_w.l(errno.o)
    0x200002d0        -       0x00000018   Zero   RW          435    .bss                tm_stm32f4_delay.o
    0x200002e8        -       0x00000020   Zero   RW          515    .bss                tm_stm32f4_usart.o
    0x20000308        -       0x00000020   Zero   RW          516    .bss                tm_stm32f4_usart.o
    0x20000328        -       0x00000020   Zero   RW          517    .bss                tm_stm32f4_usart.o
    0x20000348        -       0x00000020   Zero   RW          518    .bss                tm_stm32f4_usart.o
    0x20000368        -       0x00000020   Zero   RW          519    .bss                tm_stm32f4_usart.o
    0x20000388        -       0x00000020   Zero   RW          520    .bss                tm_stm32f4_usart.o
    0x200003a8        -       0x00000050   Zero   RW          551    .bss                tm_stm32f4_ethernet.o
    0x200003f8        -       0x0000000c   Zero   RW          667    .bss                tm_stm32f4_rtc.o
    0x20000404        -       0x00000016   Zero   RW          746    .bss                tm_stm32f4_gpio.o
    0x2000041a   COMPRESSED   0x00000002   PAD
    0x2000041c        -       0x00000320   Zero   RW          864    .bss                fs.o
    0x2000073c        -       0x0000045c   Zero   RW         1003    .bss                httpd.o
    0x20000b98        -       0x00000610   Zero   RW         1089    .bss                tcp_echoclient.o
    0x200011a8        -       0x0000003c   Zero   RW         1124    .bss                netconf.o
    0x200011e4        -       0x00000080   Zero   RW         1201    .bss                stm32f4x7_eth.o
    0x20001264        -       0x00000080   Zero   RW         1202    .bss                stm32f4x7_eth.o
    0x200012e4        -       0x000017d0   Zero   RW         1203    .bss                stm32f4x7_eth.o
    0x20002ab4        -       0x000017d0   Zero   RW         1204    .bss                stm32f4x7_eth.o
    0x20004284        -       0x0000000c   Zero   RW         1205    .bss                stm32f4x7_eth.o
    0x20004290        -       0x000000bc   Zero   RW         1255    .bss                stm32f4x7_eth_bsp.o
    0x2000434c        -       0x00000032   Zero   RW         1477    .bss                dhcp.o
    0x2000437e   COMPRESSED   0x00000002   PAD
    0x20004380        -       0x00000663   Zero   RW         1533    .bss                dns.o
    0x200049e3        -       0x00002814   Zero   RW         1630    .bss                mem.o
    0x200071f7   COMPRESSED   0x00000001   PAD
    0x200071f8        -       0x000021d7   Zero   RW         1658    .bss                memp.o
    0x200093cf   COMPRESSED   0x00000001   PAD
    0x200093d0        -       0x00000010   Zero   RW         1865    .bss                tcp_in.o
    0x200093e0        -       0x00000010   Zero   RW         2138    .bss                ip_addr.o
    0x200093f0        -       0x000000c8   Zero   RW         2200    .bss                etharp.o
    0x200094b8        -       0x00000200   Zero   RW            2    HEAP                startup_stm32f40_41xxx.o
    0x200096b8        -       0x00000400   Zero   RW            1    STACK               startup_stm32f40_41xxx.o


==============================================================================

Image component sizes


      Code (inc. data)   RO Data    RW Data    ZI Data      Debug   Object Name

        16          0          0          0          0       1576   def.o
      3652         50          0          4         50      21132   dhcp.o
      1240         50          0         20       1635      11842   dns.o
      1684         28         12          1        200      10617   etharp.o
       576         58          0          0          0       5915   ethernetif.o
       324         14          0          2        800      13265   fs.o
         0          0       4490          0          0       1707   fsdata.o
      3820        218       1120        284       1116      33640   httpd.o
       364         10          0          0          0       2486   icmp.o
         0          0          0          0          0       3888   inet.o
       462          0          0          0          0       3541   inet_chksum.o
         0          0          0          0          0       9761   init.o
       652         14          0         20          0       6807   ip.o
       480         10          8          0         16      10031   ip_addr.o
      1324         16          0          8          0       7104   ip_frag.o
       700        406          0          0          0       5595   main.o
       560          8          0         12      10260       4218   mem.o
       136          8         36          0       8663       3434   memp.o
       176         12          0          0          0     284681   misc.o
       436         30          0         28         60      11252   netconf.o
       520         14          0         12          0       7235   netif.o
      1312          0          0          0          0       9287   pbuf.o
       368         12          0          4          0       3769   raw.o
        36          8        392          0       1536       1056   startup_stm32f40_41xxx.o
      3136         80          0         12      12460      59271   stm32f4x7_eth.o
       644         48          0          8        188       9646   stm32f4x7_eth_bsp.o
       224         10          0          0          0       2799   stm32f4xx_exti.o
        28          0          0          0          0       1492   stm32f4xx_it.o
       276         12          0          0          0       3586   stm32f4xx_pwr.o
      1152         48          0         16          0      13876   stm32f4xx_rcc.o
      2644         48          0          0          0      16694   stm32f4xx_rtc.o
       124         16          0          0          0       2057   stm32f4xx_syscfg.o
       856         32          0          0          0       8688   stm32f4xx_usart.o
       380         36          0         20          0       2023   system_stm32f4xx.o
      2604         50        201         36          0      22629   tcp.o
       856         36          0          2       1552      10204   tcp_echoclient.o
      3088         90          0         28         16      15295   tcp_in.o
      2484         10          0          0          0      10279   tcp_out.o
         2          0          0          0          0        543   timers.o
       384         20          0         16         24      33514   tm_stm32f4_delay.o
       132         12          0          1          0       3998   tm_stm32f4_disco.o
       904         72          0          8         80      30770   tm_stm32f4_ethernet.o
       668         14          0          0         22       5574   tm_stm32f4_gpio.o
      2328         42          0         48         12      10092   tm_stm32f4_rtc.o
      1700         80          0         96        192      13143   tm_stm32f4_usart.o
       184         10          0          0          0       1799   tm_stm32f4_watchdog.o
       900         14          0          8          0      15415   udp.o

    ----------------------------------------------------------------------
     44540       1746       6300        704      38888     767226   Object Totals
         0          0         32          0          0          0   (incl. Generated)
         4          0          9         10          6          0   (incl. Padding)

    ----------------------------------------------------------------------

      Code (inc. data)   RO Data    RW Data    ZI Data      Debug   Library Member Name

        86          0          0          0          0          0   __dczerorl2.o
        28          0          0          0          0         68   _chval.o
       158          0          0          0          0         92   _strtoul.o
        26          0          0          0          0         80   atoi.o
         8          4        133          0          0         68   ctype_o.o
         0          0          0          0          0          0   entry.o
         0          0          0          0          0          0   entry10a.o
         0          0          0          0          0          0   entry11a.o
         8          4          0          0          0          0   entry2.o
         4          0          0          0          0          0   entry5.o
         0          0          0          0          0          0   entry7b.o
         0          0          0          0          0          0   entry8b.o
         8          4          0          0          0          0   entry9a.o
         8          4          0          4          0         68   errno.o
        30          0          0          0          0          0   handlers.o
        36          8          0          0          0         68   init.o
        30          0          0          0          0         68   llshl.o
        32          0          0          0          0         68   llushr.o
       188         20          0          0          0        160   malloc.o
        26          0          0          0          0         80   memcmp.o
        36          0          0          0          0         68   memcpya.o
        36          0          0          0          0        108   memseta.o
         0          0          0          8          0          0   mvars.o
      1204         60          0          0          0        504   printf8.o
         0          0          0          4          0          0   stdout.o
        24          0          0          0          0         68   strcat.o
        20          0          0          0          0         68   strchr.o
        28          0          0          0          0         76   strcmp.o
        18          0          0          0          0         68   strcpy.o
        14          0          0          0          0         68   strlen.o
        30          0          0          0          0         80   strncmp.o
        36          0          0          0          0         80   strstr.o
       112          0          0          0          0         88   strtol.o
        98          0          0          0          0         92   uldiv.o

    ----------------------------------------------------------------------
      2336        104        136         16          0       2188   Library Totals
         4          0          3          0          0          0   (incl. Padding)

    ----------------------------------------------------------------------

      Code (inc. data)   RO Data    RW Data    ZI Data      Debug   Library Name

      2332        104        133         16          0       2188   mc_w.l

    ----------------------------------------------------------------------
      2336        104        136         16          0       2188   Library Totals

    ----------------------------------------------------------------------

==============================================================================


      Code (inc. data)   RO Data    RW Data    ZI Data      Debug   

     46876       1850       6436        720      38888     757702   Grand Totals
     46876       1850       6436        244      38888     757702   ELF Image Totals (compressed)
     46876       1850       6436        244          0          0   ROM Totals

==============================================================================

    Total RO  Size (Code + RO Data)                53312 (  52.06kB)
    Total RW  Size (RW Data + ZI Data)             39608 (  38.68kB)
    Total ROM Size (Code + RO Data + RW Data)      53556 (  52.30kB)

==============================================================================

