<html>
<body>
<pre>
<h1>µVision Build Log</h1>
<h2>Tool Versions:</h2>
IDE-Version: µVision V5.29.0.0
Copyright (C) 2019 ARM Ltd and ARM Germany GmbH. All rights reserved.
License Information: Lap Pham Van, FPT Software, LIC=X9630-BELIV-5TS3W-QGJDP-7GG9J-WE76X
 
Tool Versions:
Toolchain:       MDK-ARM Plus  Version: 5.29.0.0
Toolchain Path:  C:\Keil_v5\ARM\ARMCC\Bin
C Compiler:      Armcc.exe V5.06 update 6 (build 750)
Assembler:       Armasm.exe V5.06 update 6 (build 750)
Linker/Locator:  ArmLink.exe V5.06 update 6 (build 750)
Library Manager: ArmAr.exe V5.06 update 6 (build 750)
Hex Converter:   FromElf.exe V5.06 update 6 (build 750)
CPU DLL:         SARMCM3.DLL V5.29.0.0
Dialog DLL:      DCM.DLL V1.17.3.0
Target DLL:      Segger\JL2CM3.dll V2.99.36.0
Dialog DLL:      TCM.DLL V1.36.5.0
 
<h2>Project:</h2>
C:\Users\Pham Van Lap\OneDrive\STM32F429_Examples\52-STM32F429_ETHERNET_DHCP\project.uvprojx
Project File Date:  03/20/2020

<h2>Output:</h2>
*** Using Compiler 'V5.06 update 6 (build 750)', folder: 'C:\Keil_v5\ARM\ARMCC\Bin'
Rebuild target 'STM32F4-Discovery'
assembling startup_stm32f40_41xxx.s...
compiling stm32f4xx_syscfg.c...
compiling stm32f4xx_gpio.c...
compiling stm32f4xx_spi.c...
compiling misc.c...
compiling stm32f4xx_usart.c...
compiling stm32f4xx_exti.c...
compiling stm32f4xx_rcc.c...
compiling stm32f4xx_iwdg.c...
compiling stm32f4xx_dma.c...
compiling stm32f4xx_pwr.c...
compiling tm_stm32f4_delay.c...
compiling stm32f4xx_rtc.c...
compiling stm32f4xx_sdio.c...
compiling stm32f4xx_tim.c...
compiling tm_stm32f4_watchdog.c...
compiling tm_stm32f4_usart.c...
compiling tm_stm32f4_id.c...
compiling tm_stm32f4_disco.c...
compiling tm_stm32f4_gpio.c...
compiling tm_stm32f4_rtc.c...
compiling tm_stm32f4_ethernet.c...
compiling stm32f4xx_it.c...
compiling system_stm32f4xx.c...
compiling fs.c...
compiling main.c...
compiling fsdata.c...
compiling tcp_echoclient.c...
compiling httpd.c...
compiling netconf.c...
compiling stm32f4x7_eth.c...
compiling netbuf.c...
compiling api_lib.c...
compiling api_msg.c...
compiling err.c...
compiling stm32f4x7_eth_bsp.c...
compiling netdb.c...
compiling netifapi.c...
compiling def.c...
compiling tcpip.c...
compiling sockets.c...
compiling dhcp.c...
compiling dns.c...
compiling init.c...
compiling mem.c...
compiling pbuf.c...
compiling raw.c...
compiling memp.c...
compiling stats.c...
compiling netif.c...
compiling sys.c...
compiling tcp.c...
compiling autoip.c...
compiling timers.c...
compiling icmp.c...
compiling tcp_out.c...
..\00-STM32F429_LIBRARIES\lwip\src\core\tcp_out.c(845): warning:  #550-D: variable "tcphdr"  was set but never used
    struct tcp_hdr *tcphdr;
..\00-STM32F429_LIBRARIES\lwip\src\core\tcp_out.c(1367): warning:  #550-D: variable "tcphdr"  was set but never used
    struct tcp_hdr *tcphdr;
..\00-STM32F429_LIBRARIES\lwip\src\core\tcp_out.c: 2 warnings, 0 errors
compiling udp.c...
compiling tcp_in.c...
compiling igmp.c...
compiling inet.c...
compiling inet_chksum.c...
compiling ip_addr.c...
compiling ip.c...
compiling ip_frag.c...
compiling etharp.c...
compiling ethernetif.c...
compiling slipif.c...
linking...
Program Size: Code=46876 RO-data=6436 RW-data=720 ZI-data=38888  
FromELF: creating hex file...
".\Targets\STM32F4-Discovery\project.axf" - 0 Error(s), 2 Warning(s).

<h2>Software Packages used:</h2>

Package Vendor: Keil
                http://www.keil.com/pack/Keil.STM32F4xx_DFP.2.14.0.pack
                Keil.STM32F4xx_DFP.2.14.0
                STMicroelectronics STM32F4 Series Device Support, Drivers and Examples

<h2>Collection of Component include folders:</h2>
  .\RTE\_STM32F4-Discovery
  C:\Keil_v5\ARM\PACK\Keil\STM32F4xx_DFP\2.14.0\Drivers\CMSIS\Device\ST\STM32F4xx\Include

<h2>Collection of Component Files used:</h2>
Build Time Elapsed:  00:00:21
</pre>
</body>
</html>
