Archive member included to satisfy reference by file (symbol)

c:/program files (x86)/atollic/truestudio for stm32 9.3.0/armtools/bin/../lib/gcc/arm-atollic-eabi/6.3.1/../../../../arm-atollic-eabi/lib/armv7e-m/fpu\libc_nano.a(lib_a-errno.o)
                              Src\syscalls.o (__errno)
c:/program files (x86)/atollic/truestudio for stm32 9.3.0/armtools/bin/../lib/gcc/arm-atollic-eabi/6.3.1/../../../../arm-atollic-eabi/lib/armv7e-m/fpu\libc_nano.a(lib_a-impure.o)
                              Src\main.o (_impure_ptr)
c:/program files (x86)/atollic/truestudio for stm32 9.3.0/armtools/bin/../lib/gcc/arm-atollic-eabi/6.3.1/../../../../arm-atollic-eabi/lib/armv7e-m/fpu\libc_nano.a(lib_a-init.o)
                              startup\startup_stm32f407xx.o (__libc_init_array)
c:/program files (x86)/atollic/truestudio for stm32 9.3.0/armtools/bin/../lib/gcc/arm-atollic-eabi/6.3.1/../../../../arm-atollic-eabi/lib/armv7e-m/fpu\libc_nano.a(lib_a-locale.o)
                              Libraries\W5500\Internet\SNMP\snmp.o (__locale_ctype_ptr)
c:/program files (x86)/atollic/truestudio for stm32 9.3.0/armtools/bin/../lib/gcc/arm-atollic-eabi/6.3.1/../../../../arm-atollic-eabi/lib/armv7e-m/fpu\libc_nano.a(lib_a-malloc.o)
                              Libraries\W5500\Internet\httpServer\httpServer.o (malloc)
c:/program files (x86)/atollic/truestudio for stm32 9.3.0/armtools/bin/../lib/gcc/arm-atollic-eabi/6.3.1/../../../../arm-atollic-eabi/lib/armv7e-m/fpu\libc_nano.a(lib_a-mbtowc_r.o)
                              c:/program files (x86)/atollic/truestudio for stm32 9.3.0/armtools/bin/../lib/gcc/arm-atollic-eabi/6.3.1/../../../../arm-atollic-eabi/lib/armv7e-m/fpu\libc_nano.a(lib_a-locale.o) (__ascii_mbtowc)
c:/program files (x86)/atollic/truestudio for stm32 9.3.0/armtools/bin/../lib/gcc/arm-atollic-eabi/6.3.1/../../../../arm-atollic-eabi/lib/armv7e-m/fpu\libc_nano.a(lib_a-memcmp.o)
                              Libraries\W5500\Internet\MQTT\MQTTPacket\src\MQTTConnectServer.o (memcmp)
c:/program files (x86)/atollic/truestudio for stm32 9.3.0/armtools/bin/../lib/gcc/arm-atollic-eabi/6.3.1/../../../../arm-atollic-eabi/lib/armv7e-m/fpu\libc_nano.a(lib_a-memcpy-stub.o)
                              Libraries\W5500\Internet\MQTT\MQTTClient.o (memcpy)
c:/program files (x86)/atollic/truestudio for stm32 9.3.0/armtools/bin/../lib/gcc/arm-atollic-eabi/6.3.1/../../../../arm-atollic-eabi/lib/armv7e-m/fpu\libc_nano.a(lib_a-memset.o)
                              Libraries\W5500\Internet\DNS\dns.o (memset)
c:/program files (x86)/atollic/truestudio for stm32 9.3.0/armtools/bin/../lib/gcc/arm-atollic-eabi/6.3.1/../../../../arm-atollic-eabi/lib/armv7e-m/fpu\libc_nano.a(lib_a-nano-freer.o)
                              c:/program files (x86)/atollic/truestudio for stm32 9.3.0/armtools/bin/../lib/gcc/arm-atollic-eabi/6.3.1/../../../../arm-atollic-eabi/lib/armv7e-m/fpu\libc_nano.a(lib_a-malloc.o) (_free_r)
c:/program files (x86)/atollic/truestudio for stm32 9.3.0/armtools/bin/../lib/gcc/arm-atollic-eabi/6.3.1/../../../../arm-atollic-eabi/lib/armv7e-m/fpu\libc_nano.a(lib_a-nano-mallocr.o)
                              c:/program files (x86)/atollic/truestudio for stm32 9.3.0/armtools/bin/../lib/gcc/arm-atollic-eabi/6.3.1/../../../../arm-atollic-eabi/lib/armv7e-m/fpu\libc_nano.a(lib_a-malloc.o) (_malloc_r)
c:/program files (x86)/atollic/truestudio for stm32 9.3.0/armtools/bin/../lib/gcc/arm-atollic-eabi/6.3.1/../../../../arm-atollic-eabi/lib/armv7e-m/fpu\libc_nano.a(lib_a-printf.o)
                              Libraries\W5500\Application\loopback\loopback.o (printf)
c:/program files (x86)/atollic/truestudio for stm32 9.3.0/armtools/bin/../lib/gcc/arm-atollic-eabi/6.3.1/../../../../arm-atollic-eabi/lib/armv7e-m/fpu\libc_nano.a(lib_a-putchar.o)
                              Libraries\W5500\Internet\SNMP\snmp.o (putchar)
c:/program files (x86)/atollic/truestudio for stm32 9.3.0/armtools/bin/../lib/gcc/arm-atollic-eabi/6.3.1/../../../../arm-atollic-eabi/lib/armv7e-m/fpu\libc_nano.a(lib_a-puts.o)
                              Libraries\W5500\Internet\DHCP\dhcp.o (puts)
c:/program files (x86)/atollic/truestudio for stm32 9.3.0/armtools/bin/../lib/gcc/arm-atollic-eabi/6.3.1/../../../../arm-atollic-eabi/lib/armv7e-m/fpu\libc_nano.a(lib_a-sbrkr.o)
                              c:/program files (x86)/atollic/truestudio for stm32 9.3.0/armtools/bin/../lib/gcc/arm-atollic-eabi/6.3.1/../../../../arm-atollic-eabi/lib/armv7e-m/fpu\libc_nano.a(lib_a-nano-mallocr.o) (_sbrk_r)
c:/program files (x86)/atollic/truestudio for stm32 9.3.0/armtools/bin/../lib/gcc/arm-atollic-eabi/6.3.1/../../../../arm-atollic-eabi/lib/armv7e-m/fpu\libc_nano.a(lib_a-snprintf.o)
                              Libraries\W5500\Internet\MQTT\MQTTPacket\src\MQTTFormat.o (snprintf)
c:/program files (x86)/atollic/truestudio for stm32 9.3.0/armtools/bin/../lib/gcc/arm-atollic-eabi/6.3.1/../../../../arm-atollic-eabi/lib/armv7e-m/fpu\libc_nano.a(lib_a-sprintf.o)
[...]
Memory Configuration

Name             Origin             Length             Attributes
RAM              0x20000000         0x00020000         xrw
CCMRAM           0x10000000         0x00010000         xrw
FLASH            0x08000000         0x00080000         xr
*default*        0x00000000         0xffffffff

Linker script and memory map

LOAD c:/program files (x86)/atollic/truestudio for stm32 9.3.0/armtools/bin/../lib/gcc/arm-atollic-eabi/6.3.1/armv7e-m/fpu/crti.o
LOAD c:/program files (x86)/atollic/truestudio for stm32 9.3.0/armtools/bin/../lib/gcc/arm-atollic-eabi/6.3.1/armv7e-m/fpu/crtbegin.o
LOAD Drivers\STM32F4xx_HAL_Driver\Src\stm32f4xx_hal.o
LOAD Drivers\STM32F4xx_HAL_Driver\Src\stm32f4xx_hal_cortex.o
LOAD Drivers\STM32F4xx_HAL_Driver\Src\stm32f4xx_hal_dma.o
LOAD Drivers\STM32F4xx_HAL_Driver\Src\stm32f4xx_hal_dma_ex.o
LOAD Drivers\STM32F4xx_HAL_Driver\Src\stm32f4xx_hal_exti.o
LOAD Drivers\STM32F4xx_HAL_Driver\Src\stm32f4xx_hal_flash.o
LOAD Drivers\STM32F4xx_HAL_Driver\Src\stm32f4xx_hal_flash_ex.o
LOAD Drivers\STM32F4xx_HAL_Driver\Src\stm32f4xx_hal_flash_ramfunc.o
LOAD Drivers\STM32F4xx_HAL_Driver\Src\stm32f4xx_hal_gpio.o
LOAD Drivers\STM32F4xx_HAL_Driver\Src\stm32f4xx_hal_pwr.o
LOAD Drivers\STM32F4xx_HAL_Driver\Src\stm32f4xx_hal_pwr_ex.o
LOAD Drivers\STM32F4xx_HAL_Driver\Src\stm32f4xx_hal_rcc.o
LOAD Drivers\STM32F4xx_HAL_Driver\Src\stm32f4xx_hal_rcc_ex.o
LOAD Drivers\STM32F4xx_HAL_Driver\Src\stm32f4xx_hal_spi.o
LOAD Drivers\STM32F4xx_HAL_Driver\Src\stm32f4xx_hal_tim.o
LOAD Drivers\STM32F4xx_HAL_Driver\Src\stm32f4xx_hal_tim_ex.o
LOAD Libraries\W5500\Application\loopback\loopback.o
LOAD Libraries\W5500\Ethernet\W5100\w5100.o
LOAD Libraries\W5500\Ethernet\W5200\w5200.o
LOAD Libraries\W5500\Ethernet\W5500\w5500.o
LOAD Libraries\W5500\Ethernet\socket.o
LOAD Libraries\W5500\Ethernet\wizchip_conf.o
LOAD Libraries\W5500\Internet\DHCP\dhcp.o
LOAD Libraries\W5500\Internet\DNS\dns.o
LOAD Libraries\W5500\Internet\MQTT\MQTTClient.o
LOAD Libraries\W5500\Internet\MQTT\MQTTPacket\src\MQTTConnectClient.o
LOAD Libraries\W5500\Internet\MQTT\MQTTPacket\src\MQTTConnectServer.o
LOAD Libraries\W5500\Internet\MQTT\MQTTPacket\src\MQTTDeserializePublish.o
LOAD Libraries\W5500\Internet\MQTT\MQTTPacket\src\MQTTFormat.o
LOAD Libraries\W5500\Internet\MQTT\MQTTPacket\src\MQTTPacket.o
LOAD Libraries\W5500\Internet\MQTT\MQTTPacket\src\MQTTSerializePublish.o
LOAD Libraries\W5500\Internet\MQTT\MQTTPacket\src\MQTTSubscribeClient.o
LOAD Libraries\W5500\Internet\MQTT\MQTTPacket\src\MQTTSubscribeServer.o
LOAD Libraries\W5500\Internet\MQTT\MQTTPacket\src\MQTTUnsubscribeClient.o
LOAD Libraries\W5500\Internet\MQTT\MQTTPacket\src\MQTTUnsubscribeServer.o
LOAD Libraries\W5500\Internet\MQTT\mqtt_interface.o
LOAD Libraries\W5500\Internet\SNMP\snmp.o
LOAD Libraries\W5500\Internet\SNMP\snmp_custom.o
LOAD Libraries\W5500\Internet\SNTP\sntp.o
LOAD Libraries\W5500\Internet\TFTP\netutil.o
LOAD Libraries\W5500\Internet\TFTP\tftp.o
LOAD Libraries\W5500\Internet\httpServer\httpParser.o
LOAD Libraries\W5500\Internet\httpServer\httpServer.o
LOAD Libraries\W5500\Internet\httpServer\httpUtil.o
LOAD Libraries\W5500\W5500_driver.o
LOAD Src\main.o
LOAD Src\stm32f4xx_hal_msp.o
LOAD Src\stm32f4xx_it.o
LOAD Src\syscalls.o
LOAD Src\system_stm32f4xx.o
LOAD startup\startup_stm32f407xx.o
                0x00000080                malloc_getpagesize_P = 0x80
START GROUP
LOAD c:/program files (x86)/atollic/truestudio for stm32 9.3.0/armtools/bin/../lib/gcc/arm-atollic-eabi/6.3.1/../../../../arm-atollic-eabi/lib/armv7e-m/fpu\libc_nano.a
LOAD c:/program files (x86)/atollic/truestudio for stm32 9.3.0/armtools/bin/../lib/gcc/arm-atollic-eabi/6.3.1/../../../../arm-atollic-eabi/lib/armv7e-m/fpu\libm.a
END GROUP
START GROUP
LOAD c:/program files (x86)/atollic/truestudio for stm32 9.3.0/armtools/bin/../lib/gcc/arm-atollic-eabi/6.3.1/armv7e-m/fpu\libgcc.a
LOAD c:/program files (x86)/atollic/truestudio for stm32 9.3.0/armtools/bin/../lib/gcc/arm-atollic-eabi/6.3.1/../../../../arm-atollic-eabi/lib/armv7e-m/fpu\libc_nano.a
END GROUP
START GROUP
LOAD c:/program files (x86)/atollic/truestudio for stm32 9.3.0/armtools/bin/../lib/gcc/arm-atollic-eabi/6.3.1/armv7e-m/fpu\libgcc.a
LOAD c:/program files (x86)/atollic/truestudio for stm32 9.3.0/armtools/bin/../lib/gcc/arm-atollic-eabi/6.3.1/../../../../arm-atollic-eabi/lib/armv7e-m/fpu\libc_nano.a
LOAD c:/program files (x86)/atollic/truestudio for stm32 9.3.0/armtools/bin/../lib/gcc/arm-atollic-eabi/6.3.1/../../../../arm-atollic-eabi/lib/armv7e-m/fpu\libnosys.a
END GROUP
START GROUP
LOAD c:/program files (x86)/atollic/truestudio for stm32 9.3.0/armtools/bin/../lib/gcc/arm-atollic-eabi/6.3.1/armv7e-m/fpu\libgcc.a
LOAD c:/program files (x86)/atollic/truestudio for stm32 9.3.0/armtools/bin/../lib/gcc/arm-atollic-eabi/6.3.1/../../../../arm-atollic-eabi/lib/armv7e-m/fpu\libc_nano.a
LOAD c:/program files (x86)/atollic/truestudio for stm32 9.3.0/armtools/bin/../lib/gcc/arm-atollic-eabi/6.3.1/../../../../arm-atollic-eabi/lib/armv7e-m/fpu\libnosys.a
END GROUP
LOAD c:/program files (x86)/atollic/truestudio for stm32 9.3.0/armtools/bin/../lib/gcc/arm-atollic-eabi/6.3.1/armv7e-m/fpu/crtend.o
LOAD c:/program files (x86)/atollic/truestudio for stm32 9.3.0/armtools/bin/../lib/gcc/arm-atollic-eabi/6.3.1/armv7e-m/fpu/crtn.o
                0x20020000                _estack = 0x20020000
                0x00000200                _Min_Heap_Size = 0x200
                0x00000400                _Min_Stack_Size = 0x400

.isr_vector     0x08000000      0x188
                0x08000000                . = ALIGN (0x4)
 *(.isr_vector)
 .isr_vector    0x08000000      0x188 startup\startup_stm32f407xx.o
                0x08000000                g_pfnVectors
                0x08000188                . = ALIGN (0x4)

.text           0x08000190     0x8910
                0x08000190                . = ALIGN (0x4)
 *(.text)
 .text          0x08000190       0x40 c:/program files (x86)/atollic/truestudio for stm32 9.3.0/armtools/bin/../lib/gcc/arm-atollic-eabi/6.3.1/armv7e-m/fpu/crtbegin.o
 .text          0x080001d0       0x10 c:/program files (x86)/atollic/truestudio for stm32 9.3.0/armtools/bin/../lib/gcc/arm-atollic-eabi/6.3.1/../../../../arm-atollic-eabi/lib/armv7e-m/fpu\libc_nano.a(lib_a-strlen.o)
                0x080001d0                strlen
 .text          0x080001e0       0xa0 c:/program files (x86)/atollic/truestudio for stm32 9.3.0/armtools/bin/../lib/gcc/arm-atollic-eabi/6.3.1/../../../../arm-atollic-eabi/lib/armv7e-m/fpu\libc_nano.a(lib_a-memchr.o)
                0x080001e0                memchr
 .text          0x08000280       0x30 c:/program files (x86)/atollic/truestudio for stm32 9.3.0/armtools/bin/../lib/gcc/arm-atollic-eabi/6.3.1/armv7e-m/fpu\libgcc.a(_aeabi_uldivmod.o)
                0x08000280                __aeabi_uldivmod
 .text          0x080002b0      0x2dc c:/program files (x86)/atollic/truestudio for stm32 9.3.0/armtools/bin/../lib/gcc/arm-atollic-eabi/6.3.1/armv7e-m/fpu\libgcc.a(_udivmoddi4.o)
                0x080002b0                __udivmoddi4
 .text          0x0800058c        0x4 c:/program files (x86)/atollic/truestudio for stm32 9.3.0/armtools/bin/../lib/gcc/arm-atollic-eabi/6.3.1/armv7e-m/fpu\libgcc.a(_dvmd_tls.o)
                0x0800058c                __aeabi_idiv0
                0x0800058c                __aeabi_ldiv0
 *(.text*)
 .text.HAL_Init
                0x08000590       0x44 Drivers\STM32F4xx_HAL_Driver\Src\stm32f4xx_hal.o
                0x08000590                HAL_Init
 .text.HAL_InitTick
                0x080005d4       0x60 Drivers\STM32F4xx_HAL_Driver\Src\stm32f4xx_hal.o
                0x080005d4                HAL_InitTick
 .text.HAL_IncTick
                0x08000634       0x28 Drivers\STM32F4xx_HAL_Driver\Src\stm32f4xx_hal.o
                0x08000634                HAL_IncTick
 .text.HAL_GetTick
                0x0800065c       0x18 Drivers\STM32F4xx_HAL_Driver\Src\stm32f4xx_hal.o
                0x0800065c                HAL_GetTick
 .text.__NVIC_SetPriorityGrouping
                0x08000674       0x48 Drivers\STM32F4xx_HAL_Driver\Src\stm32f4xx_hal_cortex.o
 .text.__NVIC_GetPriorityGrouping
                0x080006bc       0x1c Drivers\STM32F4xx_HAL_Driver\Src\stm32f4xx_hal_cortex.o
 .text.__NVIC_EnableIRQ
                0x080006d8       0x3c Drivers\STM32F4xx_HAL_Driver\Src\stm32f4xx_hal_cortex.o
 .text.__NVIC_SetPriority
                0x08000714       0x54 Drivers\STM32F4xx_HAL_Driver\Src\stm32f4xx_hal_cortex.o
 .text.NVIC_EncodePriority
                0x08000768       0x62 Drivers\STM32F4xx_HAL_Driver\Src\stm32f4xx_hal_cortex.o
 *fill*         0x080007ca        0x2 
 .text.SysTick_Config
                0x080007cc       0x44 Drivers\STM32F4xx_HAL_Driver\Src\stm32f4xx_hal_cortex.o
 .text.HAL_NVIC_SetPriorityGrouping
                0x08000810       0x16 Drivers\STM32F4xx_HAL_Driver\Src\stm32f4xx_hal_cortex.o
                0x08000810                HAL_NVIC_SetPriorityGrouping
 .text.HAL_NVIC_SetPriority
                0x08000826       0x38 Drivers\STM32F4xx_HAL_Driver\Src\stm32f4xx_hal_cortex.o
                0x08000826                HAL_NVIC_SetPriority
 .text.HAL_NVIC_EnableIRQ
                0x0800085e       0x1c Drivers\STM32F4xx_HAL_Driver\Src\stm32f4xx_hal_cortex.o
                0x0800085e                HAL_NVIC_EnableIRQ
 .text.HAL_SYSTICK_Config
                0x0800087a       0x18 Drivers\STM32F4xx_HAL_Driver\Src\stm32f4xx_hal_cortex.o
                0x0800087a                HAL_SYSTICK_Config
 *fill*         0x08000892        0x2 
 .text.HAL_GPIO_Init
                0x08000894      0x334 Drivers\STM32F4xx_HAL_Driver\Src\stm32f4xx_hal_gpio.o
                0x08000894                HAL_GPIO_Init
 .text.HAL_GPIO_WritePin
                0x08000bc8       0x32 Drivers\STM32F4xx_HAL_Driver\Src\stm32f4xx_hal_gpio.o
                0x08000bc8                HAL_GPIO_WritePin
 *fill*         0x08000bfa        0x2 
 .text.HAL_RCC_OscConfig
                0x08000bfc      0x4e0 Drivers\STM32F4xx_HAL_Driver\Src\stm32f4xx_hal_rcc.o
                0x08000bfc                HAL_RCC_OscConfig
 .text.HAL_RCC_ClockConfig
                0x080010dc      0x1cc Drivers\STM32F4xx_HAL_Driver\Src\stm32f4xx_hal_rcc.o
                0x080010dc                HAL_RCC_ClockConfig
 .text.HAL_RCC_GetSysClockFreq
                0x080012a8      0x16c Drivers\STM32F4xx_HAL_Driver\Src\stm32f4xx_hal_rcc.o
                0x080012a8                HAL_RCC_GetSysClockFreq
 .text.HAL_SPI_Init
                0x08001414       0xc6 Drivers\STM32F4xx_HAL_Driver\Src\stm32f4xx_hal_spi.o
                0x08001414                HAL_SPI_Init
 .text.HAL_SPI_Transmit
                0x080014da      0x264 Drivers\STM32F4xx_HAL_Driver\Src\stm32f4xx_hal_spi.o
                0x080014da                HAL_SPI_Transmit
 .text.HAL_SPI_TransmitReceive
                0x0800173e      0x340 Drivers\STM32F4xx_HAL_Driver\Src\stm32f4xx_hal_spi.o
                0x0800173e                HAL_SPI_TransmitReceive
 .text.SPI_WaitFlagStateUntilTimeout
                0x08001a7e       0xd4 Drivers\STM32F4xx_HAL_Driver\Src\stm32f4xx_hal_spi.o
 *fill*         0x08001b52        0x2 
 .text.SPI_EndRxTxTransaction
                0x08001b54       0x84 Drivers\STM32F4xx_HAL_Driver\Src\stm32f4xx_hal_spi.o
 .text.HAL_TIM_IRQHandler
                0x08001bd8      0x210 Drivers\STM32F4xx_HAL_Driver\Src\stm32f4xx_hal_tim.o
                0x08001bd8                HAL_TIM_IRQHandler
 .text.HAL_TIM_OC_DelayElapsedCallback
                0x08001de8       0x14 Drivers\STM32F4xx_HAL_Driver\Src\stm32f4xx_hal_tim.o
                0x08001de8                HAL_TIM_OC_DelayElapsedCallback
 .text.HAL_TIM_IC_CaptureCallback
                0x08001dfc       0x14 Drivers\STM32F4xx_HAL_Driver\Src\stm32f4xx_hal_tim.o
                0x08001dfc                HAL_TIM_IC_CaptureCallback
 .text.HAL_TIM_PWM_PulseFinishedCallback
                0x08001e10       0x14 Drivers\STM32F4xx_HAL_Driver\Src\stm32f4xx_hal_tim.o
                0x08001e10                HAL_TIM_PWM_PulseFinishedCallback
 .text.HAL_TIM_TriggerCallback
                0x08001e24       0x14 Drivers\STM32F4xx_HAL_Driver\Src\stm32f4xx_hal_tim.o
                0x08001e24                HAL_TIM_TriggerCallback
 .text.HAL_TIMEx_CommutCallback
                0x08001e38       0x14 Drivers\STM32F4xx_HAL_Driver\Src\stm32f4xx_hal_tim_ex.o
                0x08001e38                HAL_TIMEx_CommutCallback
 .text.HAL_TIMEx_BreakCallback
                0x08001e4c       0x14 Drivers\STM32F4xx_HAL_Driver\Src\stm32f4xx_hal_tim_ex.o
                0x08001e4c                HAL_TIMEx_BreakCallback
 .text.WIZCHIP_READ
                0x08001e60       0x98 Libraries\W5500\Ethernet\W5500\w5500.o
                0x08001e60                WIZCHIP_READ
 .text.WIZCHIP_WRITE
                0x08001ef8       0x9c Libraries\W5500\Ethernet\W5500\w5500.o
                0x08001ef8                WIZCHIP_WRITE
 .text.WIZCHIP_READ_BUF
                0x08001f94       0xc0 Libraries\W5500\Ethernet\W5500\w5500.o
                0x08001f94                WIZCHIP_READ_BUF
 .text.WIZCHIP_WRITE_BUF
                0x08002054       0xc0 Libraries\W5500\Ethernet\W5500\w5500.o
                0x08002054                WIZCHIP_WRITE_BUF
 .text.getSn_TX_FSR
                0x08002114       0x96 Libraries\W5500\Ethernet\W5500\w5500.o
                0x08002114                getSn_TX_FSR
 .text.getSn_RX_RSR
                0x080021aa       0x96 Libraries\W5500\Ethernet\W5500\w5500.o
                0x080021aa                getSn_RX_RSR
 .text.wiz_send_data
                0x08002240       0xb8 Libraries\W5500\Ethernet\W5500\w5500.o
                0x08002240                wiz_send_data
 .text.wiz_recv_data
                0x080022f8       0xb8 Libraries\W5500\Ethernet\W5500\w5500.o
                0x080022f8                wiz_recv_data
 .text.wiz_recv_ignore
                0x080023b0       0x8c Libraries\W5500\Ethernet\W5500\w5500.o
                0x080023b0                wiz_recv_ignore
 .text.socket   0x0800243c      0x21c Libraries\W5500\Ethernet\socket.o
                0x0800243c                socket
 .text.close    0x08002658       0xdc Libraries\W5500\Ethernet\socket.o
                0x08002658                close
 .text.connect  0x08002734      0x1b8 Libraries\W5500\Ethernet\socket.o
                0x08002734                connect
 .text.disconnect
                0x080028ec       0xec Libraries\W5500\Ethernet\socket.o
                0x080028ec                disconnect
 .text.send     0x080029d8      0x1f4 Libraries\W5500\Ethernet\socket.o
                0x080029d8                send
 .text.recv     0x08002bcc      0x16c Libraries\W5500\Ethernet\socket.o
                0x08002bcc                recv
 .text.sendto   0x08002d38      0x238 Libraries\W5500\Ethernet\socket.o
                0x08002d38                sendto
 .text.recvfrom
                0x08002f70      0x2fc Libraries\W5500\Ethernet\socket.o
                0x08002f70                recvfrom
 .text.wizchip_cris_enter
                0x0800326c        0xe Libraries\W5500\Ethernet\wizchip_conf.o
                0x0800326c                wizchip_cris_enter
 .text.wizchip_cris_exit
                0x0800327a        0xe Libraries\W5500\Ethernet\wizchip_conf.o
                0x0800327a                wizchip_cris_exit
 .text.wizchip_cs_select
                0x08003288        0xe Libraries\W5500\Ethernet\wizchip_conf.o
                0x08003288                wizchip_cs_select
 .text.wizchip_cs_deselect
                0x08003296        0xe Libraries\W5500\Ethernet\wizchip_conf.o
                0x08003296                wizchip_cs_deselect
 .text.wizchip_bus_readbyte
                0x080032a4       0x1a Libraries\W5500\Ethernet\wizchip_conf.o
                0x080032a4                wizchip_bus_readbyte
 .text.wizchip_bus_writebyte
                0x080032be       0x1e Libraries\W5500\Ethernet\wizchip_conf.o
                0x080032be                wizchip_bus_writebyte
 .text.wizchip_spi_readbyte
                0x080032dc       0x10 Libraries\W5500\Ethernet\wizchip_conf.o
                0x080032dc                wizchip_spi_readbyte
 .text.wizchip_spi_writebyte
                0x080032ec       0x16 Libraries\W5500\Ethernet\wizchip_conf.o
                0x080032ec                wizchip_spi_writebyte
 *fill*         0x08003302        0x2 
 .text.reg_wizchip_cs_cbfunc
                0x08003304       0x48 Libraries\W5500\Ethernet\wizchip_conf.o
                0x08003304                reg_wizchip_cs_cbfunc
 .text.reg_wizchip_spi_cbfunc
                0x0800334c       0x58 Libraries\W5500\Ethernet\wizchip_conf.o
                0x0800334c                reg_wizchip_spi_cbfunc
 .text.ctlwizchip
                0x080033a4      0x1bc Libraries\W5500\Ethernet\wizchip_conf.o
                0x080033a4                ctlwizchip
 .text.ctlnetwork
                0x08003560       0x7c Libraries\W5500\Ethernet\wizchip_conf.o
                0x08003560                ctlnetwork
 .text.wizchip_sw_reset
                0x080035dc       0x98 Libraries\W5500\Ethernet\wizchip_conf.o
                0x080035dc                wizchip_sw_reset
 .text.wizchip_init
                0x08003674      0x118 Libraries\W5500\Ethernet\wizchip_conf.o
                0x08003674                wizchip_init
 .text.wizchip_clrinterrupt
                0x0800378c       0x3c Libraries\W5500\Ethernet\wizchip_conf.o
                0x0800378c                wizchip_clrinterrupt
 .text.wizchip_getinterrupt
                0x080037c8       0x4a Libraries\W5500\Ethernet\wizchip_conf.o
                0x080037c8                wizchip_getinterrupt
 .text.wizchip_setinterruptmask
                0x08003812       0x36 Libraries\W5500\Ethernet\wizchip_conf.o
                0x08003812                wizchip_setinterruptmask
 .text.wizchip_getinterruptmask
                0x08003848       0x46 Libraries\W5500\Ethernet\wizchip_conf.o
                0x08003848                wizchip_getinterruptmask
 .text.wizphy_getphylink
                0x0800388e       0x2e Libraries\W5500\Ethernet\wizchip_conf.o
                0x0800388e                wizphy_getphylink
 .text.wizphy_getphypmode
                0x080038bc       0x32 Libraries\W5500\Ethernet\wizchip_conf.o
                0x080038bc                wizphy_getphypmode
 .text.wizphy_reset
                0x080038ee       0x4e Libraries\W5500\Ethernet\wizchip_conf.o
                0x080038ee                wizphy_reset
 .text.wizphy_setphyconf
                0x0800393c       0x84 Libraries\W5500\Ethernet\wizchip_conf.o
                0x0800393c                wizphy_setphyconf
 .text.wizphy_getphyconf
                0x080039c0       0x98 Libraries\W5500\Ethernet\wizchip_conf.o
                0x080039c0                wizphy_getphyconf
 .text.wizphy_setphypmode
                0x08003a58       0x94 Libraries\W5500\Ethernet\wizchip_conf.o
                0x08003a58                wizphy_setphypmode
 .text.wizchip_setnetinfo
                0x08003aec       0x80 Libraries\W5500\Ethernet\wizchip_conf.o
                0x08003aec                wizchip_setnetinfo
 .text.wizchip_getnetinfo
                0x08003b6c       0x80 Libraries\W5500\Ethernet\wizchip_conf.o
                0x08003b6c                wizchip_getnetinfo
 .text.wizchip_setnetmode
                0x08003bec       0x44 Libraries\W5500\Ethernet\wizchip_conf.o
                0x08003bec                wizchip_setnetmode
 .text.wizchip_getnetmode
                0x08003c30       0x10 Libraries\W5500\Ethernet\wizchip_conf.o
                0x08003c30                wizchip_getnetmode
 .text.wizchip_settimeout
                0x08003c40       0x42 Libraries\W5500\Ethernet\wizchip_conf.o
                0x08003c40                wizchip_settimeout
 .text.wizchip_gettimeout
                0x08003c82       0x44 Libraries\W5500\Ethernet\wizchip_conf.o
                0x08003c82                wizchip_gettimeout
 *fill*         0x08003cc6        0x2 
 .text.default_ip_assign
                0x08003cc8       0x38 Libraries\W5500\Internet\DHCP\dhcp.o
                0x08003cc8                default_ip_assign
 .text.default_ip_update
                0x08003d00       0x2c Libraries\W5500\Internet\DHCP\dhcp.o
                0x08003d00                default_ip_update
 .text.default_ip_conflict
                0x08003d2c       0x28 Libraries\W5500\Internet\DHCP\dhcp.o
                0x08003d2c                default_ip_conflict
 .text.makeDHCPMSG
                0x08003d54      0x1ec Libraries\W5500\Internet\DHCP\dhcp.o
                0x08003d54                makeDHCPMSG
 .text.send_DHCP_DISCOVER
                0x08003f40      0x2cc Libraries\W5500\Internet\DHCP\dhcp.o
                0x08003f40                send_DHCP_DISCOVER
 .text.send_DHCP_REQUEST
                0x0800420c      0x494 Libraries\W5500\Internet\DHCP\dhcp.o
                0x0800420c                send_DHCP_REQUEST
 .text.send_DHCP_DECLINE
                0x080046a0      0x2a4 Libraries\W5500\Internet\DHCP\dhcp.o
                0x080046a0                send_DHCP_DECLINE
 .text.parseDHCPMSG
                0x08004944      0x2dc Libraries\W5500\Internet\DHCP\dhcp.o
                0x08004944                parseDHCPMSG
 .text.DHCP_run
                0x08004c20      0x234 Libraries\W5500\Internet\DHCP\dhcp.o
                0x08004c20                DHCP_run
 .text.check_DHCP_timeout
                0x08004e54       0xd4 Libraries\W5500\Internet\DHCP\dhcp.o
                0x08004e54                check_DHCP_timeout
 .text.check_DHCP_leasedIP
                0x08004f28       0x7c Libraries\W5500\Internet\DHCP\dhcp.o
                0x08004f28                check_DHCP_leasedIP
 .text.DHCP_init
                0x08004fa4       0xe8 Libraries\W5500\Internet\DHCP\dhcp.o
                0x08004fa4                DHCP_init
 .text.reset_DHCP_timeout
                0x0800508c       0x2c Libraries\W5500\Internet\DHCP\dhcp.o
                0x0800508c                reset_DHCP_timeout
 .text.DHCP_time_handler
                0x080050b8       0x1c Libraries\W5500\Internet\DHCP\dhcp.o
                0x080050b8                DHCP_time_handler
 .text.getIPfromDHCP
                0x080050d4       0x40 Libraries\W5500\Internet\DHCP\dhcp.o
                0x080050d4                getIPfromDHCP
 .text.getGWfromDHCP
                0x08005114       0x40 Libraries\W5500\Internet\DHCP\dhcp.o
                0x08005114                getGWfromDHCP
 .text.getSNfromDHCP
                0x08005154       0x40 Libraries\W5500\Internet\DHCP\dhcp.o
                0x08005154                getSNfromDHCP
 .text.getDNSfromDHCP
                0x08005194       0x40 Libraries\W5500\Internet\DHCP\dhcp.o
                0x08005194                getDNSfromDHCP
 .text.NewMessageData
                0x080051d4       0x24 Libraries\W5500\Internet\MQTT\MQTTClient.o
                0x080051d4                NewMessageData
 .text.getNextPacketId
                0x080051f8       0x32 Libraries\W5500\Internet\MQTT\MQTTClient.o
                0x080051f8                getNextPacketId
 .text.sendPacket
                0x0800522a       0x92 Libraries\W5500\Internet\MQTT\MQTTClient.o
                0x0800522a                sendPacket
 .text.MQTTClient
                0x080052bc       0x76 Libraries\W5500\Internet\MQTT\MQTTClient.o
                0x080052bc                MQTTClient
 .text.decodePacket
                0x08005332       0x88 Libraries\W5500\Internet\MQTT\MQTTClient.o
                0x08005332                decodePacket
 .text.readPacket
                0x080053ba       0xc8 Libraries\W5500\Internet\MQTT\MQTTClient.o
                0x080053ba                readPacket
 .text.isTopicMatched
                0x08005482       0xd2 Libraries\W5500\Internet\MQTT\MQTTClient.o
                0x08005482                isTopicMatched
 .text.deliverMessage
                0x08005554       0xd6 Libraries\W5500\Internet\MQTT\MQTTClient.o
                0x08005554                deliverMessage
 .text.keepalive
                0x0800562a       0x8c Libraries\W5500\Internet\MQTT\MQTTClient.o
                0x0800562a                keepalive
 *fill*         0x080056b6        0x2 
 .text.cycle    0x080056b8      0x1c4 Libraries\W5500\Internet\MQTT\MQTTClient.o
                0x080056b8                cycle
 .text.MQTTYield
                0x0800587c       0x5e Libraries\W5500\Internet\MQTT\MQTTClient.o
                0x0800587c                MQTTYield
 .text.waitfor  0x080058da       0x3e Libraries\W5500\Internet\MQTT\MQTTClient.o
                0x080058da                waitfor
 .text.MQTTConnect
                0x08005918      0x10c Libraries\W5500\Internet\MQTT\MQTTClient.o
                0x08005918                MQTTConnect
 .text.MQTTSubscribe
                0x08005a24      0x14a Libraries\W5500\Internet\MQTT\MQTTClient.o
                0x08005a24                MQTTSubscribe
 .text.MQTTPublish
                0x08005b6e      0x17a Libraries\W5500\Internet\MQTT\MQTTClient.o
                0x08005b6e                MQTTPublish
 .text.MQTTSerialize_connectLength
                0x08005ce8       0xc2 Libraries\W5500\Internet\MQTT\MQTTPacket\src\MQTTConnectClient.o
                0x08005ce8                MQTTSerialize_connectLength
 *fill*         0x08005daa        0x2 
 .text.MQTTSerialize_connect
                0x08005dac      0x1dc Libraries\W5500\Internet\MQTT\MQTTPacket\src\MQTTConnectClient.o
                0x08005dac                MQTTSerialize_connect
 .text.MQTTDeserialize_connack
                0x08005f88       0xaa Libraries\W5500\Internet\MQTT\MQTTPacket\src\MQTTConnectClient.o
                0x08005f88                MQTTDeserialize_connack
 .text.MQTTSerialize_zero
                0x08006032       0x72 Libraries\W5500\Internet\MQTT\MQTTPacket\src\MQTTConnectClient.o
                0x08006032                MQTTSerialize_zero
 .text.MQTTSerialize_pingreq
                0x080060a4       0x1e Libraries\W5500\Internet\MQTT\MQTTPacket\src\MQTTConnectClient.o
                0x080060a4                MQTTSerialize_pingreq
 .text.MQTTDeserialize_publish
                0x080060c2       0xe0 Libraries\W5500\Internet\MQTT\MQTTPacket\src\MQTTDeserializePublish.o
                0x080060c2                MQTTDeserialize_publish
 .text.MQTTDeserialize_ack
                0x080061a2       0x96 Libraries\W5500\Internet\MQTT\MQTTPacket\src\MQTTDeserializePublish.o
                0x080061a2                MQTTDeserialize_ack
 .text.MQTTPacket_encode
                0x08006238       0x5e Libraries\W5500\Internet\MQTT\MQTTPacket\src\MQTTPacket.o
                0x08006238                MQTTPacket_encode
 .text.MQTTPacket_decode
                0x08006296       0x78 Libraries\W5500\Internet\MQTT\MQTTPacket\src\MQTTPacket.o
                0x08006296                MQTTPacket_decode
 *fill*         0x0800630e        0x2 
 .text.MQTTPacket_len
                0x08006310       0x54 Libraries\W5500\Internet\MQTT\MQTTPacket\src\MQTTPacket.o
                0x08006310                MQTTPacket_len
 .text.bufchar  0x08006364       0x40 Libraries\W5500\Internet\MQTT\MQTTPacket\src\MQTTPacket.o
                0x08006364                bufchar
 .text.MQTTPacket_decodeBuf
                0x080063a4       0x2c Libraries\W5500\Internet\MQTT\MQTTPacket\src\MQTTPacket.o
                0x080063a4                MQTTPacket_decodeBuf
 .text.readInt  0x080063d0       0x36 Libraries\W5500\Internet\MQTT\MQTTPacket\src\MQTTPacket.o
                0x080063d0                readInt
 .text.readChar
                0x08006406       0x28 Libraries\W5500\Internet\MQTT\MQTTPacket\src\MQTTPacket.o
                0x08006406                readChar
 .text.writeChar
                0x0800642e       0x2a Libraries\W5500\Internet\MQTT\MQTTPacket\src\MQTTPacket.o
                0x0800642e                writeChar
 .text.writeInt
                0x08006458       0x50 Libraries\W5500\Internet\MQTT\MQTTPacket\src\MQTTPacket.o
                0x08006458                writeInt
 .text.writeCString
                0x080064a8       0x3e Libraries\W5500\Internet\MQTT\MQTTPacket\src\MQTTPacket.o
                0x080064a8                writeCString
 .text.writeMQTTString
                0x080064e6       0x5c Libraries\W5500\Internet\MQTT\MQTTPacket\src\MQTTPacket.o
                0x080064e6                writeMQTTString
 .text.readMQTTLenString
                0x08006542       0x62 Libraries\W5500\Internet\MQTT\MQTTPacket\src\MQTTPacket.o
                0x08006542                readMQTTLenString
 .text.MQTTstrlen
                0x080065a4       0x32 Libraries\W5500\Internet\MQTT\MQTTPacket\src\MQTTPacket.o
                0x080065a4                MQTTstrlen
 .text.MQTTPacket_equals
                0x080065d6       0x6e Libraries\W5500\Internet\MQTT\MQTTPacket\src\MQTTPacket.o
                0x080065d6                MQTTPacket_equals
 .text.MQTTSerialize_publishLength
                0x08006644       0x3c Libraries\W5500\Internet\MQTT\MQTTPacket\src\MQTTSerializePublish.o
                0x08006644                MQTTSerialize_publishLength
 .text.MQTTSerialize_publish
                0x08006680       0xf4 Libraries\W5500\Internet\MQTT\MQTTPacket\src\MQTTSerializePublish.o
                0x08006680                MQTTSerialize_publish
 .text.MQTTSerialize_ack
                0x08006774       0xac Libraries\W5500\Internet\MQTT\MQTTPacket\src\MQTTSerializePublish.o
                0x08006774                MQTTSerialize_ack
 .text.MQTTSerialize_subscribeLength
                0x08006820       0x4e Libraries\W5500\Internet\MQTT\MQTTPacket\src\MQTTSubscribeClient.o
                0x08006820                MQTTSerialize_subscribeLength
 .text.MQTTSerialize_subscribe
                0x0800686e       0xf6 Libraries\W5500\Internet\MQTT\MQTTPacket\src\MQTTSubscribeClient.o
                0x0800686e                MQTTSerialize_subscribe
 .text.MQTTDeserialize_suback
                0x08006964       0xca Libraries\W5500\Internet\MQTT\MQTTPacket\src\MQTTSubscribeClient.o
                0x08006964                MQTTDeserialize_suback
 *fill*         0x08006a2e        0x2 
 .text.MilliTimer_Handler
                0x08006a30       0x1c Libraries\W5500\Internet\MQTT\mqtt_interface.o
                0x08006a30                MilliTimer_Handler
 .text.expired  0x08006a4c       0x2c Libraries\W5500\Internet\MQTT\mqtt_interface.o
                0x08006a4c                expired
 .text.countdown_ms
                0x08006a78       0x28 Libraries\W5500\Internet\MQTT\mqtt_interface.o
                0x08006a78                countdown_ms
 .text.countdown
                0x08006aa0       0x30 Libraries\W5500\Internet\MQTT\mqtt_interface.o
                0x08006aa0                countdown
 .text.left_ms  0x08006ad0       0x2c Libraries\W5500\Internet\MQTT\mqtt_interface.o
                0x08006ad0                left_ms
 .text.InitTimer
                0x08006afc       0x1a Libraries\W5500\Internet\MQTT\mqtt_interface.o
                0x08006afc                InitTimer
 *fill*         0x08006b16        0x2 
 .text.NewNetwork
                0x08006b18       0x38 Libraries\W5500\Internet\MQTT\mqtt_interface.o
                0x08006b18                NewNetwork
 .text.w5500_read
                0x08006b50       0x5a Libraries\W5500\Internet\MQTT\mqtt_interface.o
                0x08006b50                w5500_read
 .text.w5500_write
                0x08006baa       0x48 Libraries\W5500\Internet\MQTT\mqtt_interface.o
                0x08006baa                w5500_write
 .text.w5500_disconnect
                0x08006bf2       0x1c Libraries\W5500\Internet\MQTT\mqtt_interface.o
                0x08006bf2                w5500_disconnect
 .text.ConnectNetwork
                0x08006c0e       0x3a Libraries\W5500\Internet\MQTT\mqtt_interface.o
                0x08006c0e                ConnectNetwork
 .text.MX_GPIO_Init
                0x08006c48       0xa4 Libraries\W5500\W5500_driver.o
 .text.MX_SPI1_Init
                0x08006cec       0x6c Libraries\W5500\W5500_driver.o
 .text.W5500_Reset
                0x08006d58       0x20 Libraries\W5500\W5500_driver.o
                0x08006d58                W5500_Reset
 .text.W5500_Init
                0x08006d78       0x14 Libraries\W5500\W5500_driver.o
                0x08006d78                W5500_Init
 .text.W5500_chipInit
                0x08006d8c       0x80 Libraries\W5500\W5500_driver.o
                0x08006d8c                W5500_chipInit
 .text.W5500WriteByte
                0x08006e0c       0x24 Libraries\W5500\W5500_driver.o
                0x08006e0c                W5500WriteByte
 .text.W5500ReadByte
                0x08006e30       0x28 Libraries\W5500\W5500_driver.o
                0x08006e30                W5500ReadByte
 .text.W5500Select
                0x08006e58       0x18 Libraries\W5500\W5500_driver.o
                0x08006e58                W5500Select
 .text.W5500DeSelect
                0x08006e70       0x18 Libraries\W5500\W5500_driver.o
                0x08006e70                W5500DeSelect
 .text.__sputc_r
                0x08006e88       0x5a Src\main.o
 *fill*         0x08006ee2        0x2 
 .text.msTick_Handler
                0x08006ee4       0x58 Src\main.o
                0x08006ee4                msTick_Handler
 .text.print_network_information
                0x08006f3c       0xfc Src\main.o
                0x08006f3c                print_network_information
 .text.messageArrived
                0x08007038       0x50 Src\main.o
                0x08007038                messageArrived
 .text.DHCP_proc
                0x08007088       0x6c Src\main.o
                0x08007088                DHCP_proc
 .text.str_printf
                0x080070f4       0x36 Src\main.o
                0x080070f4                str_printf
 .text.HAL_TIM_PeriodElapsedCallback
                0x0800712a       0x14 Src\main.o
                0x0800712a                HAL_TIM_PeriodElapsedCallback
 *fill*         0x0800713e        0x2 
 .text.main     0x08007140      0x24c Src\main.o
                0x08007140                main
 .text.SystemClock_Config
                0x0800738c       0xb8 Src\main.o
                0x0800738c                SystemClock_Config
 .text.HAL_MspInit
                0x08007444       0x50 Src\stm32f4xx_hal_msp.o
                0x08007444                HAL_MspInit
 .text.HAL_SPI_MspInit
                0x08007494       0xd0 Src\stm32f4xx_hal_msp.o
                0x08007494                HAL_SPI_MspInit
 .text.NMI_Handler
                0x08007564        0xe Src\stm32f4xx_it.o
                0x08007564                NMI_Handler
 .text.HardFault_Handler
                0x08007572        0x6 Src\stm32f4xx_it.o
                0x08007572                HardFault_Handler
 .text.MemManage_Handler
                0x08007578        0x6 Src\stm32f4xx_it.o
                0x08007578                MemManage_Handler
 .text.BusFault_Handler
                0x0800757e        0x6 Src\stm32f4xx_it.o
                0x0800757e                BusFault_Handler
 .text.UsageFault_Handler
                0x08007584        0x6 Src\stm32f4xx_it.o
                0x08007584                UsageFault_Handler
 .text.SVC_Handler
                0x0800758a        0xe Src\stm32f4xx_it.o
                0x0800758a                SVC_Handler
 .text.DebugMon_Handler
                0x08007598        0xe Src\stm32f4xx_it.o
                0x08007598                DebugMon_Handler
 .text.PendSV_Handler
                0x080075a6        0xe Src\stm32f4xx_it.o
                0x080075a6                PendSV_Handler
 .text.SysTick_Handler
                0x080075b4        0xc Src\stm32f4xx_it.o
                0x080075b4                SysTick_Handler
 .text.TIM2_IRQHandler
                0x080075c0       0x14 Src\stm32f4xx_it.o
                0x080075c0                TIM2_IRQHandler
 .text._read    0x080075d4       0x3a Src\syscalls.o
                0x080075d4                _read
 .text._write   0x0800760e       0x38 Src\syscalls.o
                0x0800760e                _write
 *fill*         0x08007646        0x2 
 .text._sbrk    0x08007648       0x58 Src\syscalls.o
                0x08007648                _sbrk
 .text._close   0x080076a0       0x18 Src\syscalls.o
                0x080076a0                _close
 .text._fstat   0x080076b8       0x20 Src\syscalls.o
                0x080076b8                _fstat
 .text._isatty  0x080076d8       0x16 Src\syscalls.o
                0x080076d8                _isatty
 .text._lseek   0x080076ee       0x1a Src\syscalls.o
                0x080076ee                _lseek
 .text.SystemInit
                0x08007708       0x2c Src\system_stm32f4xx.o
                0x08007708                SystemInit
 .text.Reset_Handler
                0x08007734       0x50 startup\startup_stm32f407xx.o
                0x08007734                Reset_Handler
 .text.Default_Handler
                0x08007784        0x2 startup\startup_stm32f407xx.o
                0x08007784                RTC_Alarm_IRQHandler
                0x08007784                HASH_RNG_IRQHandler
                0x08007784                EXTI2_IRQHandler
                0x08007784                TIM8_CC_IRQHandler
                0x08007784                TIM1_CC_IRQHandler
                0x08007784                DMA2_Stream5_IRQHandler
                0x08007784                DMA1_Stream5_IRQHandler
                0x08007784                PVD_IRQHandler
                0x08007784                SDIO_IRQHandler
                0x08007784                TAMP_STAMP_IRQHandler
                0x08007784                CAN2_RX1_IRQHandler
                0x08007784                EXTI3_IRQHandler
                0x08007784                TIM8_TRG_COM_TIM14_IRQHandler
                0x08007784                TIM1_UP_TIM10_IRQHandler
                0x08007784                TIM8_UP_TIM13_IRQHandler
                0x08007784                I2C3_ER_IRQHandler
                0x08007784                EXTI0_IRQHandler
                0x08007784                I2C2_EV_IRQHandler
                0x08007784                DMA1_Stream2_IRQHandler
                0x08007784                CAN1_RX0_IRQHandler
                0x08007784                FPU_IRQHandler
                0x08007784                OTG_HS_WKUP_IRQHandler
                0x08007784                CAN2_SCE_IRQHandler
                0x08007784                DMA2_Stream2_IRQHandler
                0x08007784                SPI1_IRQHandler
                0x08007784                TIM6_DAC_IRQHandler
                0x08007784                TIM1_BRK_TIM9_IRQHandler
                0x08007784                DCMI_IRQHandler
                0x08007784                CAN2_RX0_IRQHandler
                0x08007784                DMA2_Stream3_IRQHandler
                0x08007784                USART6_IRQHandler
                0x08007784                USART3_IRQHandler
                0x08007784                CAN1_RX1_IRQHandler
                0x08007784                UART5_IRQHandler
                0x08007784                DMA2_Stream0_IRQHandler
                0x08007784                TIM4_IRQHandler
                0x08007784                I2C1_EV_IRQHandler
                0x08007784                DMA1_Stream6_IRQHandler
                0x08007784                DMA1_Stream1_IRQHandler
                0x08007784                UART4_IRQHandler
                0x08007784                TIM3_IRQHandler
                0x08007784                RCC_IRQHandler
                0x08007784                TIM8_BRK_TIM12_IRQHandler
                0x08007784                Default_Handler
                0x08007784                EXTI15_10_IRQHandler
                0x08007784                ADC_IRQHandler
                0x08007784                DMA1_Stream7_IRQHandler
                0x08007784                TIM7_IRQHandler
                0x08007784                CAN2_TX_IRQHandler
                0x08007784                TIM5_IRQHandler
                0x08007784                DMA2_Stream7_IRQHandler
                0x08007784                I2C3_EV_IRQHandler
                0x08007784                EXTI9_5_IRQHandler
                0x08007784                RTC_WKUP_IRQHandler
                0x08007784                ETH_WKUP_IRQHandler
                0x08007784                SPI2_IRQHandler
                0x08007784                OTG_HS_EP1_IN_IRQHandler
                0x08007784                DMA1_Stream0_IRQHandler
                0x08007784                CAN1_TX_IRQHandler
                0x08007784                EXTI4_IRQHandler
                0x08007784                FSMC_IRQHandler
                0x08007784                ETH_IRQHandler
                0x08007784                OTG_HS_EP1_OUT_IRQHandler
                0x08007784                WWDG_IRQHandler
                0x08007784                OTG_FS_WKUP_IRQHandler
                0x08007784                TIM1_TRG_COM_TIM11_IRQHandler
                0x08007784                OTG_HS_IRQHandler
                0x08007784                EXTI1_IRQHandler
                0x08007784                USART2_IRQHandler
                0x08007784                I2C2_ER_IRQHandler
                0x08007784                DMA2_Stream1_IRQHandler
                0x08007784                CAN1_SCE_IRQHandler
                0x08007784                FLASH_IRQHandler
                0x08007784                DMA2_Stream4_IRQHandler
                0x08007784                USART1_IRQHandler
                0x08007784                OTG_FS_IRQHandler
                0x08007784                SPI3_IRQHandler
                0x08007784                DMA1_Stream4_IRQHandler
                0x08007784                I2C1_ER_IRQHandler
                0x08007784                DMA2_Stream6_IRQHandler
                0x08007784                DMA1_Stream3_IRQHandler
 *fill*         0x08007786        0x2 
 .text.__errno  0x08007788        0xc c:/program files (x86)/atollic/truestudio for stm32 9.3.0/armtools/bin/../lib/gcc/arm-atollic-eabi/6.3.1/../../../../arm-atollic-eabi/lib/armv7e-m/fpu\libc_nano.a(lib_a-errno.o)
                0x08007788                __errno
 .text.__libc_init_array
                0x08007794       0x48 c:/program files (x86)/atollic/truestudio for stm32 9.3.0/armtools/bin/../lib/gcc/arm-atollic-eabi/6.3.1/../../../../arm-atollic-eabi/lib/armv7e-m/fpu\libc_nano.a(lib_a-init.o)
                0x08007794                __libc_init_array
 .text.memcpy   0x080077dc       0x16 c:/program files (x86)/atollic/truestudio for stm32 9.3.0/armtools/bin/../lib/gcc/arm-atollic-eabi/6.3.1/../../../../arm-atollic-eabi/lib/armv7e-m/fpu\libc_nano.a(lib_a-memcpy-stub.o)
                0x080077dc                memcpy
 .text.memset   0x080077f2       0x10 c:/program files (x86)/atollic/truestudio for stm32 9.3.0/armtools/bin/../lib/gcc/arm-atollic-eabi/6.3.1/../../../../arm-atollic-eabi/lib/armv7e-m/fpu\libc_nano.a(lib_a-memset.o)
                0x080077f2                memset
 *fill*         0x08007802        0x2 
 .text._free_r  0x08007804       0x9c c:/program files (x86)/atollic/truestudio for stm32 9.3.0/armtools/bin/../lib/gcc/arm-atollic-eabi/6.3.1/../../../../arm-atollic-eabi/lib/armv7e-m/fpu\libc_nano.a(lib_a-nano-freer.o)
                0x08007804                _free_r
 .text._malloc_r
                0x080078a0       0xbc c:/program files (x86)/atollic/truestudio for stm32 9.3.0/armtools/bin/../lib/gcc/arm-atollic-eabi/6.3.1/../../../../arm-atollic-eabi/lib/armv7e-m/fpu\libc_nano.a(lib_a-nano-mallocr.o)
                0x080078a0                _malloc_r
 .text.printf   0x0800795c       0x30 c:/program files (x86)/atollic/truestudio for stm32 9.3.0/armtools/bin/../lib/gcc/arm-atollic-eabi/6.3.1/../../../../arm-atollic-eabi/lib/armv7e-m/fpu\libc_nano.a(lib_a-printf.o)
                0x0800795c                iprintf
                0x0800795c                printf
 .text._puts_r  0x0800798c       0xb8 c:/program files (x86)/atollic/truestudio for stm32 9.3.0/armtools/bin/../lib/gcc/arm-atollic-eabi/6.3.1/../../../../arm-atollic-eabi/lib/armv7e-m/fpu\libc_nano.a(lib_a-puts.o)
                0x0800798c                _puts_r
 .text.puts     0x08007a44       0x10 c:/program files (x86)/atollic/truestudio for stm32 9.3.0/armtools/bin/../lib/gcc/arm-atollic-eabi/6.3.1/../../../../arm-atollic-eabi/lib/armv7e-m/fpu\libc_nano.a(lib_a-puts.o)
                0x08007a44                puts
 .text._sbrk_r  0x08007a54       0x20 c:/program files (x86)/atollic/truestudio for stm32 9.3.0/armtools/bin/../lib/gcc/arm-atollic-eabi/6.3.1/../../../../arm-atollic-eabi/lib/armv7e-m/fpu\libc_nano.a(lib_a-sbrkr.o)
                0x08007a54                _sbrk_r
 .text.__sread  0x08007a74       0x22 c:/program files (x86)/atollic/truestudio for stm32 9.3.0/armtools/bin/../lib/gcc/arm-atollic-eabi/6.3.1/../../../../arm-atollic-eabi/lib/armv7e-m/fpu\libc_nano.a(lib_a-stdio.o)
                0x08007a74                __sread
 .text.__swrite
                0x08007a96       0x38 c:/program files (x86)/atollic/truestudio for stm32 9.3.0/armtools/bin/../lib/gcc/arm-atollic-eabi/6.3.1/../../../../arm-atollic-eabi/lib/armv7e-m/fpu\libc_nano.a(lib_a-stdio.o)
                0x08007a96                __swrite
 .text.__sseek  0x08007ace       0x24 c:/program files (x86)/atollic/truestudio for stm32 9.3.0/armtools/bin/../lib/gcc/arm-atollic-eabi/6.3.1/../../../../arm-atollic-eabi/lib/armv7e-m/fpu\libc_nano.a(lib_a-stdio.o)
                0x08007ace                __sseek
 .text.__sclose
                0x08007af2        0x8 c:/program files (x86)/atollic/truestudio for stm32 9.3.0/armtools/bin/../lib/gcc/arm-atollic-eabi/6.3.1/../../../../arm-atollic-eabi/lib/armv7e-m/fpu\libc_nano.a(lib_a-stdio.o)
                0x08007af2                __sclose
 .text.strncmp  0x08007afa       0x24 c:/program files (x86)/atollic/truestudio for stm32 9.3.0/armtools/bin/../lib/gcc/arm-atollic-eabi/6.3.1/../../../../arm-atollic-eabi/lib/armv7e-m/fpu\libc_nano.a(lib_a-strncmp.o)
                0x08007afa                strncmp
 .text._vsnprintf_r
                0x08007b1e       0x58 c:/program files (x86)/atollic/truestudio for stm32 9.3.0/armtools/bin/../lib/gcc/arm-atollic-eabi/6.3.1/../../../../arm-atollic-eabi/lib/armv7e-m/fpu\libc_nano.a(lib_a-vsnprintf.o)
                0x08007b1e                _vsniprintf_r
                0x08007b1e                _vsnprintf_r
 *fill*         0x08007b76        0x2 
 .text.vsnprintf
                0x08007b78       0x1c c:/program files (x86)/atollic/truestudio for stm32 9.3.0/armtools/bin/../lib/gcc/arm-atollic-eabi/6.3.1/../../../../arm-atollic-eabi/lib/armv7e-m/fpu\libc_nano.a(lib_a-vsnprintf.o)
                0x08007b78                vsniprintf
                0x08007b78                vsnprintf
 .text.__swbuf_r
                0x08007b94       0xa4 c:/program files (x86)/atollic/truestudio for stm32 9.3.0/armtools/bin/../lib/gcc/arm-atollic-eabi/6.3.1/../../../../arm-atollic-eabi/lib/armv7e-m/fpu\libc_nano.a(lib_a-wbuf.o)
                0x08007b94                __swbuf_r
 .text._write_r
                0x08007c38       0x24 c:/program files (x86)/atollic/truestudio for stm32 9.3.0/armtools/bin/../lib/gcc/arm-atollic-eabi/6.3.1/../../../../arm-atollic-eabi/lib/armv7e-m/fpu\libc_nano.a(lib_a-writer.o)
                0x08007c38                _write_r
 .text.__swsetup_r
                0x08007c5c       0xdc c:/program files (x86)/atollic/truestudio for stm32 9.3.0/armtools/bin/../lib/gcc/arm-atollic-eabi/6.3.1/../../../../arm-atollic-eabi/lib/armv7e-m/fpu\libc_nano.a(lib_a-wsetup.o)
                0x08007c5c                __swsetup_r
 .text._close_r
                0x08007d38       0x20 c:/program files (x86)/atollic/truestudio for stm32 9.3.0/armtools/bin/../lib/gcc/arm-atollic-eabi/6.3.1/../../../../arm-atollic-eabi/lib/armv7e-m/fpu\libc_nano.a(lib_a-closer.o)
                0x08007d38                _close_r
 .text.__sflush_r
                0x08007d58      0x110 c:/program files (x86)/atollic/truestudio for stm32 9.3.0/armtools/bin/../lib/gcc/arm-atollic-eabi/6.3.1/../../../../arm-atollic-eabi/lib/armv7e-m/fpu\libc_nano.a(lib_a-fflush.o)
                0x08007d58                __sflush_r
 .text._fflush_r
                0x08007e68       0x54 c:/program files (x86)/atollic/truestudio for stm32 9.3.0/armtools/bin/../lib/gcc/arm-atollic-eabi/6.3.1/../../../../arm-atollic-eabi/lib/armv7e-m/fpu\libc_nano.a(lib_a-fflush.o)
                0x08007e68                _fflush_r
 .text._cleanup_r
                0x08007ebc        0xc c:/program files (x86)/atollic/truestudio for stm32 9.3.0/armtools/bin/../lib/gcc/arm-atollic-eabi/6.3.1/../../../../arm-atollic-eabi/lib/armv7e-m/fpu\libc_nano.a(lib_a-findfp.o)
                0x08007ebc                _cleanup_r
 .text.std.isra.0
                0x08007ec8       0x48 c:/program files (x86)/atollic/truestudio for stm32 9.3.0/armtools/bin/../lib/gcc/arm-atollic-eabi/6.3.1/../../../../arm-atollic-eabi/lib/armv7e-m/fpu\libc_nano.a(lib_a-findfp.o)
 .text.__sfmoreglue
                0x08007f10       0x2c c:/program files (x86)/atollic/truestudio for stm32 9.3.0/armtools/bin/../lib/gcc/arm-atollic-eabi/6.3.1/../../../../arm-atollic-eabi/lib/armv7e-m/fpu\libc_nano.a(lib_a-findfp.o)
                0x08007f10                __sfmoreglue
 .text.__sinit  0x08007f3c       0x60 c:/program files (x86)/atollic/truestudio for stm32 9.3.0/armtools/bin/../lib/gcc/arm-atollic-eabi/6.3.1/../../../../arm-atollic-eabi/lib/armv7e-m/fpu\libc_nano.a(lib_a-findfp.o)
                0x08007f3c                __sinit
 .text.__sfp    0x08007f9c       0x78 c:/program files (x86)/atollic/truestudio for stm32 9.3.0/armtools/bin/../lib/gcc/arm-atollic-eabi/6.3.1/../../../../arm-atollic-eabi/lib/armv7e-m/fpu\libc_nano.a(lib_a-findfp.o)
                0x08007f9c                __sfp
 .text._fwalk_reent
                0x08008014       0x3c c:/program files (x86)/atollic/truestudio for stm32 9.3.0/armtools/bin/../lib/gcc/arm-atollic-eabi/6.3.1/../../../../arm-atollic-eabi/lib/armv7e-m/fpu\libc_nano.a(lib_a-fwalk.o)
                0x08008014                _fwalk_reent
 .text._lseek_r
                0x08008050       0x24 c:/program files (x86)/atollic/truestudio for stm32 9.3.0/armtools/bin/../lib/gcc/arm-atollic-eabi/6.3.1/../../../../arm-atollic-eabi/lib/armv7e-m/fpu\libc_nano.a(lib_a-lseekr.o)
                0x08008050                _lseek_r
 .text.__swhatbuf_r
                0x08008074       0x48 c:/program files (x86)/atollic/truestudio for stm32 9.3.0/armtools/bin/../lib/gcc/arm-atollic-eabi/6.3.1/../../../../arm-atollic-eabi/lib/armv7e-m/fpu\libc_nano.a(lib_a-makebuf.o)
                0x08008074                __swhatbuf_r
 .text.__smakebuf_r
                0x080080bc       0x80 c:/program files (x86)/atollic/truestudio for stm32 9.3.0/armtools/bin/../lib/gcc/arm-atollic-eabi/6.3.1/../../../../arm-atollic-eabi/lib/armv7e-m/fpu\libc_nano.a(lib_a-makebuf.o)
                0x080080bc                __smakebuf_r
 .text.__malloc_lock
                0x0800813c        0x2 c:/program files (x86)/atollic/truestudio for stm32 9.3.0/armtools/bin/../lib/gcc/arm-atollic-eabi/6.3.1/../../../../arm-atollic-eabi/lib/armv7e-m/fpu\libc_nano.a(lib_a-mlock.o)
                0x0800813c                __malloc_lock
 .text.__malloc_unlock
                0x0800813e        0x2 c:/program files (x86)/atollic/truestudio for stm32 9.3.0/armtools/bin/../lib/gcc/arm-atollic-eabi/6.3.1/../../../../arm-atollic-eabi/lib/armv7e-m/fpu\libc_nano.a(lib_a-mlock.o)
                0x0800813e                __malloc_unlock
 .text.__ssputs_r
                0x08008140       0xb6 c:/program files (x86)/atollic/truestudio for stm32 9.3.0/armtools/bin/../lib/gcc/arm-atollic-eabi/6.3.1/../../../../arm-atollic-eabi/lib/armv7e-m/fpu\libc_nano.a(lib_a-nano-svfprintf.o)
                0x08008140                __ssputs_r
 *fill*         0x080081f6        0x2 
 .text._svfprintf_r
                0x080081f8      0x1e8 c:/program files (x86)/atollic/truestudio for stm32 9.3.0/armtools/bin/../lib/gcc/arm-atollic-eabi/6.3.1/../../../../arm-atollic-eabi/lib/armv7e-m/fpu\libc_nano.a(lib_a-nano-svfprintf.o)
                0x080081f8                _svfiprintf_r
                0x080081f8                _svfprintf_r
 .text.__sfputc_r
                0x080083e0       0x30 c:/program files (x86)/atollic/truestudio for stm32 9.3.0/armtools/bin/../lib/gcc/arm-atollic-eabi/6.3.1/../../../../arm-atollic-eabi/lib/armv7e-m/fpu\libc_nano.a(lib_a-nano-vfprintf.o)
 .text.__sfputs_r
                0x08008410       0x24 c:/program files (x86)/atollic/truestudio for stm32 9.3.0/armtools/bin/../lib/gcc/arm-atollic-eabi/6.3.1/../../../../arm-atollic-eabi/lib/armv7e-m/fpu\libc_nano.a(lib_a-nano-vfprintf.o)
                0x08008410                __sfputs_r
 .text._vfprintf_r
                0x08008434      0x22c c:/program files (x86)/atollic/truestudio for stm32 9.3.0/armtools/bin/../lib/gcc/arm-atollic-eabi/6.3.1/../../../../arm-atollic-eabi/lib/armv7e-m/fpu\libc_nano.a(lib_a-nano-vfprintf.o)
                0x08008434                _vfprintf_r
                0x08008434                _vfiprintf_r
 .text._printf_common
                0x08008660       0xec c:/program files (x86)/atollic/truestudio for stm32 9.3.0/armtools/bin/../lib/gcc/arm-atollic-eabi/6.3.1/../../../../arm-atollic-eabi/lib/armv7e-m/fpu\libc_nano.a(lib_a-nano-vfprintf_i.o)
                0x08008660                _printf_common
 .text._printf_i
                0x0800874c      0x240 c:/program files (x86)/atollic/truestudio for stm32 9.3.0/armtools/bin/../lib/gcc/arm-atollic-eabi/6.3.1/../../../../arm-atollic-eabi/lib/armv7e-m/fpu\libc_nano.a(lib_a-nano-vfprintf_i.o)
                0x0800874c                _printf_i
 .text._read_r  0x0800898c       0x24 c:/program files (x86)/atollic/truestudio for stm32 9.3.0/armtools/bin/../lib/gcc/arm-atollic-eabi/6.3.1/../../../../arm-atollic-eabi/lib/armv7e-m/fpu\libc_nano.a(lib_a-readr.o)
                0x0800898c                _read_r
 .text._fstat_r
                0x080089b0       0x24 c:/program files (x86)/atollic/truestudio for stm32 9.3.0/armtools/bin/../lib/gcc/arm-atollic-eabi/6.3.1/../../../../arm-atollic-eabi/lib/armv7e-m/fpu\libc_nano.a(lib_a-fstatr.o)
                0x080089b0                _fstat_r
 .text._isatty_r
                0x080089d4       0x20 c:/program files (x86)/atollic/truestudio for stm32 9.3.0/armtools/bin/../lib/gcc/arm-atollic-eabi/6.3.1/../../../../arm-atollic-eabi/lib/armv7e-m/fpu\libc_nano.a(lib_a-isattyr.o)
                0x080089d4                _isatty_r
 .text.memmove  0x080089f4       0x34 c:/program files (x86)/atollic/truestudio for stm32 9.3.0/armtools/bin/../lib/gcc/arm-atollic-eabi/6.3.1/../../../../arm-atollic-eabi/lib/armv7e-m/fpu\libc_nano.a(lib_a-memmove.o)
                0x080089f4                memmove
 .text._realloc_r
                0x08008a28       0x4c c:/program files (x86)/atollic/truestudio for stm32 9.3.0/armtools/bin/../lib/gcc/arm-atollic-eabi/6.3.1/../../../../arm-atollic-eabi/lib/armv7e-m/fpu\libc_nano.a(lib_a-nano-reallocr.o)
                0x08008a28                _realloc_r
 .text._malloc_usable_size_r
                0x08008a74       0x12 c:/program files (x86)/atollic/truestudio for stm32 9.3.0/armtools/bin/../lib/gcc/arm-atollic-eabi/6.3.1/../../../../arm-atollic-eabi/lib/armv7e-m/fpu\libc_nano.a(lib_a-nano-msizer.o)
                0x08008a74                _malloc_usable_size_r
 *(.glue_7)
 .glue_7        0x08008a86        0x0 linker stubs
 *(.glue_7t)
 .glue_7t       0x08008a86        0x0 linker stubs
 *(.eh_frame)
 *fill*         0x08008a86        0x2 
 .eh_frame      0x08008a88        0x0 c:/program files (x86)/atollic/truestudio for stm32 9.3.0/armtools/bin/../lib/gcc/arm-atollic-eabi/6.3.1/armv7e-m/fpu/crtbegin.o
 *(.init)
 .init          0x08008a88        0x4 c:/program files (x86)/atollic/truestudio for stm32 9.3.0/armtools/bin/../lib/gcc/arm-atollic-eabi/6.3.1/armv7e-m/fpu/crti.o
                0x08008a88                _init
 .init          0x08008a8c        0x8 c:/program files (x86)/atollic/truestudio for stm32 9.3.0/armtools/bin/../lib/gcc/arm-atollic-eabi/6.3.1/armv7e-m/fpu/crtn.o
 *(.fini)
 .fini          0x08008a94        0x4 c:/program files (x86)/atollic/truestudio for stm32 9.3.0/armtools/bin/../lib/gcc/arm-atollic-eabi/6.3.1/armv7e-m/fpu/crti.o
                0x08008a94                _fini
 .fini          0x08008a98        0x8 c:/program files (x86)/atollic/truestudio for stm32 9.3.0/armtools/bin/../lib/gcc/arm-atollic-eabi/6.3.1/armv7e-m/fpu/crtn.o
                0x08008aa0                . = ALIGN (0x4)
                0x08008aa0                _etext = .

.vfp11_veneer   0x08008aa0        0x0
 .vfp11_veneer  0x08008aa0        0x0 linker stubs

.v4_bx          0x08008aa0        0x0
 .v4_bx         0x08008aa0        0x0 linker stubs

.iplt           0x08008aa0        0x0
 .iplt          0x08008aa0        0x0 c:/program files (x86)/atollic/truestudio for stm32 9.3.0/armtools/bin/../lib/gcc/arm-atollic-eabi/6.3.1/armv7e-m/fpu/crtbegin.o

.rodata         0x08008aa0      0x360
                0x08008aa0                . = ALIGN (0x4)
 *(.rodata)
 .rodata        0x08008aa0       0x92 Libraries\W5500\Internet\DHCP\dhcp.o
 *fill*         0x08008b32        0x2 
 .rodata        0x08008b34       0x54 Libraries\W5500\Internet\MQTT\MQTTClient.o
 .rodata        0x08008b88        0xf Libraries\W5500\Internet\MQTT\MQTTPacket\src\MQTTConnectClient.o
 *fill*         0x08008b97        0x1 
 .rodata        0x08008b98       0x48 Libraries\W5500\W5500_driver.o
 .rodata        0x08008be0      0x177 Src\main.o
 *(.rodata*)
 *fill*         0x08008d57        0x1 
 .rodata.AHBPrescTable
                0x08008d58       0x10 Src\system_stm32f4xx.o
                0x08008d58                AHBPrescTable
 .rodata._global_impure_ptr
                0x08008d68        0x4 c:/program files (x86)/atollic/truestudio for stm32 9.3.0/armtools/bin/../lib/gcc/arm-atollic-eabi/6.3.1/../../../../arm-atollic-eabi/lib/armv7e-m/fpu\libc_nano.a(lib_a-impure.o)
                0x08008d68                _global_impure_ptr
 .rodata.__sf_fake_stderr
                0x08008d6c       0x20 c:/program files (x86)/atollic/truestudio for stm32 9.3.0/armtools/bin/../lib/gcc/arm-atollic-eabi/6.3.1/../../../../arm-atollic-eabi/lib/armv7e-m/fpu\libc_nano.a(lib_a-findfp.o)
                0x08008d6c                __sf_fake_stderr
 .rodata.__sf_fake_stdin
                0x08008d8c       0x20 c:/program files (x86)/atollic/truestudio for stm32 9.3.0/armtools/bin/../lib/gcc/arm-atollic-eabi/6.3.1/../../../../arm-atollic-eabi/lib/armv7e-m/fpu\libc_nano.a(lib_a-findfp.o)
                0x08008d8c                __sf_fake_stdin
 .rodata.__sf_fake_stdout
                0x08008dac       0x20 c:/program files (x86)/atollic/truestudio for stm32 9.3.0/armtools/bin/../lib/gcc/arm-atollic-eabi/6.3.1/../../../../arm-atollic-eabi/lib/armv7e-m/fpu\libc_nano.a(lib_a-findfp.o)
                0x08008dac                __sf_fake_stdout
 .rodata._svfprintf_r.str1.1
                0x08008dcc       0x11 c:/program files (x86)/atollic/truestudio for stm32 9.3.0/armtools/bin/../lib/gcc/arm-atollic-eabi/6.3.1/../../../../arm-atollic-eabi/lib/armv7e-m/fpu\libc_nano.a(lib_a-nano-svfprintf.o)
 .rodata._vfprintf_r.str1.1
                0x08008ddd       0x11 c:/program files (x86)/atollic/truestudio for stm32 9.3.0/armtools/bin/../lib/gcc/arm-atollic-eabi/6.3.1/../../../../arm-atollic-eabi/lib/armv7e-m/fpu\libc_nano.a(lib_a-nano-vfprintf.o)
 .rodata._printf_i.str1.1
                0x08008ddd       0x22 c:/program files (x86)/atollic/truestudio for stm32 9.3.0/armtools/bin/../lib/gcc/arm-atollic-eabi/6.3.1/../../../../arm-atollic-eabi/lib/armv7e-m/fpu\libc_nano.a(lib_a-nano-vfprintf_i.o)
                0x08008e00                . = ALIGN (0x4)
 *fill*         0x08008dff        0x1 

.ARM.extab
 *(.ARM.extab* .gnu.linkonce.armextab.*)

.ARM            0x08008e00        0x8
                0x08008e00                __exidx_start = .
 *(.ARM.exidx*)
 .ARM.exidx     0x08008e00        0x8 c:/program files (x86)/atollic/truestudio for stm32 9.3.0/armtools/bin/../lib/gcc/arm-atollic-eabi/6.3.1/armv7e-m/fpu\libgcc.a(_udivmoddi4.o)
                0x08008e08                __exidx_end = .

.rel.dyn        0x08008e08        0x0
 .rel.iplt      0x08008e08        0x0 c:/program files (x86)/atollic/truestudio for stm32 9.3.0/armtools/bin/../lib/gcc/arm-atollic-eabi/6.3.1/armv7e-m/fpu/crtbegin.o

.preinit_array  0x08008e08        0x0
                0x08008e08                PROVIDE (__preinit_array_start, .)
 *(.preinit_array*)
                0x08008e08                PROVIDE (__preinit_array_end, .)

.init_array     0x08008e08        0x4
                0x08008e08                PROVIDE (__init_array_start, .)
 *(SORT(.init_array.*))
 *(.init_array*)
 .init_array    0x08008e08        0x4 c:/program files (x86)/atollic/truestudio for stm32 9.3.0/armtools/bin/../lib/gcc/arm-atollic-eabi/6.3.1/armv7e-m/fpu/crtbegin.o
                0x08008e0c                PROVIDE (__init_array_end, .)

.fini_array     0x08008e0c        0x4
                [!provide]                PROVIDE (__fini_array_start, .)
 *(SORT(.fini_array.*))
 *(.fini_array*)
 .fini_array    0x08008e0c        0x4 c:/program files (x86)/atollic/truestudio for stm32 9.3.0/armtools/bin/../lib/gcc/arm-atollic-eabi/6.3.1/armv7e-m/fpu/crtbegin.o
                [!provide]                PROVIDE (__fini_array_end, .)
                0x08008e10                _sidata = LOADADDR (.data)

.data           0x20000000       0xcc load address 0x08008e10
                0x20000000                . = ALIGN (0x4)
                0x20000000                _sdata = .
 *(.data)
 *(.data*)
 .data.uwTickPrio
                0x20000000        0x4 Drivers\STM32F4xx_HAL_Driver\Src\stm32f4xx_hal.o
                0x20000000                uwTickPrio
 .data.uwTickFreq
                0x20000004        0x1 Drivers\STM32F4xx_HAL_Driver\Src\stm32f4xx_hal.o
                0x20000004                uwTickFreq
 *fill*         0x20000005        0x1 
 .data.sock_any_port
                0x20000006        0x2 Libraries\W5500\Ethernet\socket.o
 .data.WIZCHIP  0x20000008       0x28 Libraries\W5500\Ethernet\wizchip_conf.o
                0x20000008                WIZCHIP
 .data.dhcp_lease_time
                0x20000030        0x4 Libraries\W5500\Internet\DHCP\dhcp.o
                0x20000030                dhcp_lease_time
 .data.dhcp_tick_next
                0x20000034        0x4 Libraries\W5500\Internet\DHCP\dhcp.o
                0x20000034                dhcp_tick_next
 .data.HOST_NAME
                0x20000038        0x8 Libraries\W5500\Internet\DHCP\dhcp.o
                0x20000038                HOST_NAME
 .data.dhcp_ip_assign
                0x20000040        0x4 Libraries\W5500\Internet\DHCP\dhcp.o
                0x20000040                dhcp_ip_assign
 .data.dhcp_ip_update
                0x20000044        0x4 Libraries\W5500\Internet\DHCP\dhcp.o
                0x20000044                dhcp_ip_update
 .data.dhcp_ip_conflict
                0x20000048        0x4 Libraries\W5500\Internet\DHCP\dhcp.o
                0x20000048                dhcp_ip_conflict
 .data.gWIZNETINFO
                0x2000004c       0x17 Src\main.o
                0x2000004c                gWIZNETINFO
 *fill*         0x20000063        0x1 
 .data.SystemCoreClock
                0x20000064        0x4 Src\system_stm32f4xx.o
                0x20000064                SystemCoreClock
 .data._impure_ptr
                0x20000068        0x4 c:/program files (x86)/atollic/truestudio for stm32 9.3.0/armtools/bin/../lib/gcc/arm-atollic-eabi/6.3.1/../../../../arm-atollic-eabi/lib/armv7e-m/fpu\libc_nano.a(lib_a-impure.o)
                0x20000068                _impure_ptr
 .data.impure_data
                0x2000006c       0x60 c:/program files (x86)/atollic/truestudio for stm32 9.3.0/armtools/bin/../lib/gcc/arm-atollic-eabi/6.3.1/../../../../arm-atollic-eabi/lib/armv7e-m/fpu\libc_nano.a(lib_a-impure.o)
                0x200000cc                . = ALIGN (0x4)
                0x200000cc                _edata = .
                0x08008edc                _siccmram = LOADADDR (.ccmram)

.igot.plt       0x200000cc        0x0 load address 0x08008edc
 .igot.plt      0x200000cc        0x0 c:/program files (x86)/atollic/truestudio for stm32 9.3.0/armtools/bin/../lib/gcc/arm-atollic-eabi/6.3.1/armv7e-m/fpu/crtbegin.o

.ccmram         0x10000000        0x0 load address 0x08008edc
                0x10000000                . = ALIGN (0x4)
                0x10000000                _sccmram = .
 *(.ccmram)
 *(.ccmram*)
                0x10000000                . = ALIGN (0x4)
                0x10000000                _eccmram = .
                0x10000000                . = ALIGN (0x4)

.bss            0x200000cc      0x934
                0x200000cc                _sbss = .
                0x200000cc                __bss_start__ = _sbss
 *(.bss)
 .bss           0x200000cc       0x1c c:/program files (x86)/atollic/truestudio for stm32 9.3.0/armtools/bin/../lib/gcc/arm-atollic-eabi/6.3.1/armv7e-m/fpu/crtbegin.o
 *(.bss*)
 .bss.sock_io_mode
                0x200000e8        0x2 Libraries\W5500\Ethernet\socket.o
 .bss.sock_is_sending
                0x200000ea        0x2 Libraries\W5500\Ethernet\socket.o
 .bss.sock_remained_size
                0x200000ec       0x10 Libraries\W5500\Ethernet\socket.o
 .bss.sock_pack_info
                0x200000fc        0x8 Libraries\W5500\Ethernet\socket.o
 .bss._DNS_     0x20000104        0x4 Libraries\W5500\Ethernet\wizchip_conf.o
 .bss._DHCP_    0x20000108        0x1 Libraries\W5500\Ethernet\wizchip_conf.o
 *fill*         0x20000109        0x3 
 .bss.OLD_allocated_ip
                0x2000010c        0x4 Libraries\W5500\Internet\DHCP\dhcp.o
                0x2000010c                OLD_allocated_ip
 .bss.DHCP_allocated_ip
                0x20000110        0x4 Libraries\W5500\Internet\DHCP\dhcp.o
                0x20000110                DHCP_allocated_ip
 .bss.DHCP_allocated_gw
                0x20000114        0x4 Libraries\W5500\Internet\DHCP\dhcp.o
                0x20000114                DHCP_allocated_gw
 .bss.DHCP_allocated_sn
                0x20000118        0x4 Libraries\W5500\Internet\DHCP\dhcp.o
                0x20000118                DHCP_allocated_sn
 .bss.DHCP_allocated_dns
                0x2000011c        0x4 Libraries\W5500\Internet\DHCP\dhcp.o
                0x2000011c                DHCP_allocated_dns
 .bss.dhcp_state
                0x20000120        0x1 Libraries\W5500\Internet\DHCP\dhcp.o
                0x20000120                dhcp_state
 .bss.dhcp_retry_count
                0x20000121        0x1 Libraries\W5500\Internet\DHCP\dhcp.o
                0x20000121                dhcp_retry_count
 *fill*         0x20000122        0x2 
 .bss.dhcp_tick_1s
                0x20000124        0x4 Libraries\W5500\Internet\DHCP\dhcp.o
                0x20000124                dhcp_tick_1s
 .bss.bufptr    0x20000128        0x4 Libraries\W5500\Internet\MQTT\MQTTPacket\src\MQTTPacket.o
 .bss.heap_end.7010
                0x2000012c        0x4 Src\syscalls.o
 .bss.__malloc_free_list
                0x20000130        0x4 c:/program files (x86)/atollic/truestudio for stm32 9.3.0/armtools/bin/../lib/gcc/arm-atollic-eabi/6.3.1/../../../../arm-atollic-eabi/lib/armv7e-m/fpu\libc_nano.a(lib_a-nano-mallocr.o)
                0x20000130                __malloc_free_list
 .bss.__malloc_sbrk_start
                0x20000134        0x4 c:/program files (x86)/atollic/truestudio for stm32 9.3.0/armtools/bin/../lib/gcc/arm-atollic-eabi/6.3.1/../../../../arm-atollic-eabi/lib/armv7e-m/fpu\libc_nano.a(lib_a-nano-mallocr.o)
                0x20000134                __malloc_sbrk_start
 *(COMMON)
 COMMON         0x20000138        0x4 Drivers\STM32F4xx_HAL_Driver\Src\stm32f4xx_hal.o
                0x20000138                uwTick
 COMMON         0x2000013c       0x15 Libraries\W5500\Internet\DHCP\dhcp.o
                0x2000013c                DHCP_CHADDR
                0x20000144                DHCP_XID
                0x20000148                DHCP_SIP
                0x2000014c                pDHCPMSG
                0x20000150                DHCP_SOCKET
 *fill*         0x20000151        0x3 
 COMMON         0x20000154        0x4 Libraries\W5500\Internet\MQTT\mqtt_interface.o
                0x20000154                MilliTimer
 COMMON         0x20000158       0x58 Libraries\W5500\W5500_driver.o
                0x20000158                W5500_SPIx
 COMMON         0x200001b0      0x849 Src\main.o
                0x200001b0                dhcp_counter
                0x200001b4                tempBuffer
                0x200009b4                mes_id
                0x200009b6                mqtt_push_counter
                0x200009b8                htim2
                0x200009f8                mqtt_flag
 *fill*         0x200009f9        0x3 
 COMMON         0x200009fc        0x4 c:/program files (x86)/atollic/truestudio for stm32 9.3.0/armtools/bin/../lib/gcc/arm-atollic-eabi/6.3.1/../../../../arm-atollic-eabi/lib/armv7e-m/fpu\libc_nano.a(lib_a-reent.o)
                0x200009fc                errno
                0x20000a00                . = ALIGN (0x4)
                0x20000a00                _ebss = .
                0x20000a00                __bss_end__ = _ebss

._user_heap_stack
                0x20000a00      0x600
                0x20000a00                . = ALIGN (0x4)
                0x20000a00                PROVIDE (end, .)
                [!provide]                PROVIDE (_end, .)
                0x20000c00                . = (. + _Min_Heap_Size)
 *fill*         0x20000a00      0x200 
                0x20001000                . = (. + _Min_Stack_Size)
 *fill*         0x20000c00      0x400 
                0x20001000                . = ALIGN (0x4)

/DISCARD/
 libc.a(*)
 libm.a(*)
 libgcc.a(*)

.ARM.attributes
                0x00000000       0x30
 *(.ARM.attributes)
 .ARM.attributes
                0x00000000       0x22 c:/program files (x86)/atollic/truestudio for stm32 9.3.0/armtools/bin/../lib/gcc/arm-atollic-eabi/6.3.1/armv7e-m/fpu/crti.o
 .ARM.attributes
                0x00000022       0x34 c:/program files (x86)/atollic/truestudio for stm32 9.3.0/armtools/bin/../lib/gcc/arm-atollic-eabi/6.3.1/armv7e-m/fpu/crtbegin.o
 .ARM.attributes
                0x00000056       0x39 Drivers\STM32F4xx_HAL_Driver\Src\stm32f4xx_hal.o
 .ARM.attributes
                0x0000008f       0x39 Drivers\STM32F4xx_HAL_Driver\Src\stm32f4xx_hal_cortex.o
 .ARM.attributes
                0x000000c8       0x39 Drivers\STM32F4xx_HAL_Driver\Src\stm32f4xx_hal_gpio.o
 .ARM.attributes
                0x00000101       0x39 Drivers\STM32F4xx_HAL_Driver\Src\stm32f4xx_hal_rcc.o
 .ARM.attributes
                0x0000013a       0x39 Drivers\STM32F4xx_HAL_Driver\Src\stm32f4xx_hal_spi.o
 .ARM.attributes
                0x00000173       0x39 Drivers\STM32F4xx_HAL_Driver\Src\stm32f4xx_hal_tim.o
 .ARM.attributes
                0x000001ac       0x39 Drivers\STM32F4xx_HAL_Driver\Src\stm32f4xx_hal_tim_ex.o
 .ARM.attributes
                0x000001e5       0x39 Libraries\W5500\Ethernet\W5500\w5500.o
 .ARM.attributes
                0x0000021e       0x39 Libraries\W5500\Ethernet\socket.o
 .ARM.attributes
                0x00000257       0x39 Libraries\W5500\Ethernet\wizchip_conf.o
 .ARM.attributes
                0x00000290       0x39 Libraries\W5500\Internet\DHCP\dhcp.o
 .ARM.attributes
                0x000002c9       0x39 Libraries\W5500\Internet\MQTT\MQTTClient.o
 .ARM.attributes
                0x00000302       0x39 Libraries\W5500\Internet\MQTT\MQTTPacket\src\MQTTConnectClient.o
 .ARM.attributes
                0x0000033b       0x39 Libraries\W5500\Internet\MQTT\MQTTPacket\src\MQTTDeserializePublish.o
 .ARM.attributes
                0x00000374       0x39 Libraries\W5500\Internet\MQTT\MQTTPacket\src\MQTTPacket.o
 .ARM.attributes
                0x000003ad       0x39 Libraries\W5500\Internet\MQTT\MQTTPacket\src\MQTTSerializePublish.o
 .ARM.attributes
                0x000003e6       0x39 Libraries\W5500\Internet\MQTT\MQTTPacket\src\MQTTSubscribeClient.o
 .ARM.attributes
                0x0000041f       0x39 Libraries\W5500\Internet\MQTT\mqtt_interface.o
 .ARM.attributes
                0x00000458       0x39 Libraries\W5500\W5500_driver.o
 .ARM.attributes
                0x00000491       0x39 Src\main.o
 .ARM.attributes
                0x000004ca       0x39 Src\stm32f4xx_hal_msp.o
 .ARM.attributes
                0x00000503       0x39 Src\stm32f4xx_it.o
 .ARM.attributes
                0x0000053c       0x39 Src\syscalls.o
 .ARM.attributes
                0x00000575       0x39 Src\system_stm32f4xx.o
 .ARM.attributes
                0x000005ae       0x21 startup\startup_stm32f407xx.o
 .ARM.attributes
                0x000005cf       0x34 c:/program files (x86)/atollic/truestudio for stm32 9.3.0/armtools/bin/../lib/gcc/arm-atollic-eabi/6.3.1/../../../../arm-atollic-eabi/lib/armv7e-m/fpu\libc_nano.a(lib_a-errno.o)
 .ARM.attributes
                0x00000603       0x34 c:/program files (x86)/atollic/truestudio for stm32 9.3.0/armtools/bin/../lib/gcc/arm-atollic-eabi/6.3.1/../../../../arm-atollic-eabi/lib/armv7e-m/fpu\libc_nano.a(lib_a-impure.o)
 .ARM.attributes
                0x00000637       0x34 c:/program files (x86)/atollic/truestudio for stm32 9.3.0/armtools/bin/../lib/gcc/arm-atollic-eabi/6.3.1/../../../../arm-atollic-eabi/lib/armv7e-m/fpu\libc_nano.a(lib_a-init.o)
 .ARM.attributes
                0x0000066b       0x34 c:/program files (x86)/atollic/truestudio for stm32 9.3.0/armtools/bin/../lib/gcc/arm-atollic-eabi/6.3.1/../../../../arm-atollic-eabi/lib/armv7e-m/fpu\libc_nano.a(lib_a-memcpy-stub.o)
 .ARM.attributes
                0x0000069f       0x34 c:/program files (x86)/atollic/truestudio for stm32 9.3.0/armtools/bin/../lib/gcc/arm-atollic-eabi/6.3.1/../../../../arm-atollic-eabi/lib/armv7e-m/fpu\libc_nano.a(lib_a-memset.o)
 .ARM.attributes
                0x000006d3       0x34 c:/program files (x86)/atollic/truestudio for stm32 9.3.0/armtools/bin/../lib/gcc/arm-atollic-eabi/6.3.1/../../../../arm-atollic-eabi/lib/armv7e-m/fpu\libc_nano.a(lib_a-nano-freer.o)
 .ARM.attributes
                0x00000707       0x34 c:/program files (x86)/atollic/truestudio for stm32 9.3.0/armtools/bin/../lib/gcc/arm-atollic-eabi/6.3.1/../../../../arm-atollic-eabi/lib/armv7e-m/fpu\libc_nano.a(lib_a-nano-mallocr.o)
 .ARM.attributes
                0x0000073b       0x34 c:/program files (x86)/atollic/truestudio for stm32 9.3.0/armtools/bin/../lib/gcc/arm-atollic-eabi/6.3.1/../../../../arm-atollic-eabi/lib/armv7e-m/fpu\libc_nano.a(lib_a-printf.o)
 .ARM.attributes
                0x0000076f       0x34 c:/program files (x86)/atollic/truestudio for stm32 9.3.0/armtools/bin/../lib/gcc/arm-atollic-eabi/6.3.1/../../../../arm-atollic-eabi/lib/armv7e-m/fpu\libc_nano.a(lib_a-puts.o)
 .ARM.attributes
                0x000007a3       0x34 c:/program files (x86)/atollic/truestudio for stm32 9.3.0/armtools/bin/../lib/gcc/arm-atollic-eabi/6.3.1/../../../../arm-atollic-eabi/lib/armv7e-m/fpu\libc_nano.a(lib_a-sbrkr.o)
 .ARM.attributes
                0x000007d7       0x34 c:/program files (x86)/atollic/truestudio for stm32 9.3.0/armtools/bin/../lib/gcc/arm-atollic-eabi/6.3.1/../../../../arm-atollic-eabi/lib/armv7e-m/fpu\libc_nano.a(lib_a-stdio.o)
 .ARM.attributes
                0x0000080b       0x1b c:/program files (x86)/atollic/truestudio for stm32 9.3.0/armtools/bin/../lib/gcc/arm-atollic-eabi/6.3.1/../../../../arm-atollic-eabi/lib/armv7e-m/fpu\libc_nano.a(lib_a-strlen.o)
 .ARM.attributes
                0x00000826       0x34 c:/program files (x86)/atollic/truestudio for stm32 9.3.0/armtools/bin/../lib/gcc/arm-atollic-eabi/6.3.1/../../../../arm-atollic-eabi/lib/armv7e-m/fpu\libc_nano.a(lib_a-strncmp.o)
 .ARM.attributes
                0x0000085a       0x34 c:/program files (x86)/atollic/truestudio for stm32 9.3.0/armtools/bin/../lib/gcc/arm-atollic-eabi/6.3.1/../../../../arm-atollic-eabi/lib/armv7e-m/fpu\libc_nano.a(lib_a-vsnprintf.o)
 .ARM.attributes
                0x0000088e       0x34 c:/program files (x86)/atollic/truestudio for stm32 9.3.0/armtools/bin/../lib/gcc/arm-atollic-eabi/6.3.1/../../../../arm-atollic-eabi/lib/armv7e-m/fpu\libc_nano.a(lib_a-wbuf.o)
 .ARM.attributes
                0x000008c2       0x34 c:/program files (x86)/atollic/truestudio for stm32 9.3.0/armtools/bin/../lib/gcc/arm-atollic-eabi/6.3.1/../../../../arm-atollic-eabi/lib/armv7e-m/fpu\libc_nano.a(lib_a-writer.o)
 .ARM.attributes
                0x000008f6       0x34 c:/program files (x86)/atollic/truestudio for stm32 9.3.0/armtools/bin/../lib/gcc/arm-atollic-eabi/6.3.1/../../../../arm-atollic-eabi/lib/armv7e-m/fpu\libc_nano.a(lib_a-wsetup.o)
 .ARM.attributes
                0x0000092a       0x34 c:/program files (x86)/atollic/truestudio for stm32 9.3.0/armtools/bin/../lib/gcc/arm-atollic-eabi/6.3.1/../../../../arm-atollic-eabi/lib/armv7e-m/fpu\libc_nano.a(lib_a-closer.o)
 .ARM.attributes
                0x0000095e       0x34 c:/program files (x86)/atollic/truestudio for stm32 9.3.0/armtools/bin/../lib/gcc/arm-atollic-eabi/6.3.1/../../../../arm-atollic-eabi/lib/armv7e-m/fpu\libc_nano.a(lib_a-fflush.o)
 .ARM.attributes
                0x00000992       0x34 c:/program files (x86)/atollic/truestudio for stm32 9.3.0/armtools/bin/../lib/gcc/arm-atollic-eabi/6.3.1/../../../../arm-atollic-eabi/lib/armv7e-m/fpu\libc_nano.a(lib_a-findfp.o)
 .ARM.attributes
                0x000009c6       0x34 c:/program files (x86)/atollic/truestudio for stm32 9.3.0/armtools/bin/../lib/gcc/arm-atollic-eabi/6.3.1/../../../../arm-atollic-eabi/lib/armv7e-m/fpu\libc_nano.a(lib_a-fwalk.o)
 .ARM.attributes
                0x000009fa       0x34 c:/program files (x86)/atollic/truestudio for stm32 9.3.0/armtools/bin/../lib/gcc/arm-atollic-eabi/6.3.1/../../../../arm-atollic-eabi/lib/armv7e-m/fpu\libc_nano.a(lib_a-lseekr.o)
 .ARM.attributes
                0x00000a2e       0x34 c:/program files (x86)/atollic/truestudio for stm32 9.3.0/armtools/bin/../lib/gcc/arm-atollic-eabi/6.3.1/../../../../arm-atollic-eabi/lib/armv7e-m/fpu\libc_nano.a(lib_a-makebuf.o)
 .ARM.attributes
                0x00000a62       0x34 c:/program files (x86)/atollic/truestudio for stm32 9.3.0/armtools/bin/../lib/gcc/arm-atollic-eabi/6.3.1/../../../../arm-atollic-eabi/lib/armv7e-m/fpu\libc_nano.a(lib_a-mlock.o)
 .ARM.attributes
                0x00000a96       0x34 c:/program files (x86)/atollic/truestudio for stm32 9.3.0/armtools/bin/../lib/gcc/arm-atollic-eabi/6.3.1/../../../../arm-atollic-eabi/lib/armv7e-m/fpu\libc_nano.a(lib_a-nano-svfprintf.o)
 .ARM.attributes
                0x00000aca       0x34 c:/program files (x86)/atollic/truestudio for stm32 9.3.0/armtools/bin/../lib/gcc/arm-atollic-eabi/6.3.1/../../../../arm-atollic-eabi/lib/armv7e-m/fpu\libc_nano.a(lib_a-nano-vfprintf.o)
 .ARM.attributes
                0x00000afe       0x34 c:/program files (x86)/atollic/truestudio for stm32 9.3.0/armtools/bin/../lib/gcc/arm-atollic-eabi/6.3.1/../../../../arm-atollic-eabi/lib/armv7e-m/fpu\libc_nano.a(lib_a-nano-vfprintf_i.o)
 .ARM.attributes
                0x00000b32       0x34 c:/program files (x86)/atollic/truestudio for stm32 9.3.0/armtools/bin/../lib/gcc/arm-atollic-eabi/6.3.1/../../../../arm-atollic-eabi/lib/armv7e-m/fpu\libc_nano.a(lib_a-readr.o)
 .ARM.attributes
                0x00000b66       0x34 c:/program files (x86)/atollic/truestudio for stm32 9.3.0/armtools/bin/../lib/gcc/arm-atollic-eabi/6.3.1/../../../../arm-atollic-eabi/lib/armv7e-m/fpu\libc_nano.a(lib_a-reent.o)
 .ARM.attributes
                0x00000b9a       0x34 c:/program files (x86)/atollic/truestudio for stm32 9.3.0/armtools/bin/../lib/gcc/arm-atollic-eabi/6.3.1/../../../../arm-atollic-eabi/lib/armv7e-m/fpu\libc_nano.a(lib_a-fstatr.o)
 .ARM.attributes
                0x00000bce       0x34 c:/program files (x86)/atollic/truestudio for stm32 9.3.0/armtools/bin/../lib/gcc/arm-atollic-eabi/6.3.1/../../../../arm-atollic-eabi/lib/armv7e-m/fpu\libc_nano.a(lib_a-isattyr.o)
 .ARM.attributes
                0x00000c02       0x20 c:/program files (x86)/atollic/truestudio for stm32 9.3.0/armtools/bin/../lib/gcc/arm-atollic-eabi/6.3.1/../../../../arm-atollic-eabi/lib/armv7e-m/fpu\libc_nano.a(lib_a-memchr.o)
 .ARM.attributes
                0x00000c22       0x34 c:/program files (x86)/atollic/truestudio for stm32 9.3.0/armtools/bin/../lib/gcc/arm-atollic-eabi/6.3.1/../../../../arm-atollic-eabi/lib/armv7e-m/fpu\libc_nano.a(lib_a-memmove.o)
 .ARM.attributes
                0x00000c56       0x34 c:/program files (x86)/atollic/truestudio for stm32 9.3.0/armtools/bin/../lib/gcc/arm-atollic-eabi/6.3.1/../../../../arm-atollic-eabi/lib/armv7e-m/fpu\libc_nano.a(lib_a-nano-reallocr.o)
 .ARM.attributes
                0x00000c8a       0x34 c:/program files (x86)/atollic/truestudio for stm32 9.3.0/armtools/bin/../lib/gcc/arm-atollic-eabi/6.3.1/../../../../arm-atollic-eabi/lib/armv7e-m/fpu\libc_nano.a(lib_a-nano-msizer.o)
 .ARM.attributes
                0x00000cbe       0x22 c:/program files (x86)/atollic/truestudio for stm32 9.3.0/armtools/bin/../lib/gcc/arm-atollic-eabi/6.3.1/armv7e-m/fpu\libgcc.a(_aeabi_uldivmod.o)
 .ARM.attributes
                0x00000ce0       0x34 c:/program files (x86)/atollic/truestudio for stm32 9.3.0/armtools/bin/../lib/gcc/arm-atollic-eabi/6.3.1/armv7e-m/fpu\libgcc.a(_udivmoddi4.o)
 .ARM.attributes
                0x00000d14       0x22 c:/program files (x86)/atollic/truestudio for stm32 9.3.0/armtools/bin/../lib/gcc/arm-atollic-eabi/6.3.1/armv7e-m/fpu\libgcc.a(_dvmd_tls.o)
 .ARM.attributes
                0x00000d36       0x22 c:/program files (x86)/atollic/truestudio for stm32 9.3.0/armtools/bin/../lib/gcc/arm-atollic-eabi/6.3.1/armv7e-m/fpu/crtn.o
OUTPUT(STM32F407VET6_W5500_ETHENET.elf elf32-littlearm)

.debug_info     0x00000000    0x15895
 .debug_info    0x00000000      0x944 Drivers\STM32F4xx_HAL_Driver\Src\stm32f4xx_hal.o
 .debug_info    0x00000944      0xe28 Drivers\STM32F4xx_HAL_Driver\Src\stm32f4xx_hal_cortex.o
 .debug_info    0x0000176c      0x7b4 Drivers\STM32F4xx_HAL_Driver\Src\stm32f4xx_hal_gpio.o
 .debug_info    0x00001f20      0x903 Drivers\STM32F4xx_HAL_Driver\Src\stm32f4xx_hal_rcc.o
 .debug_info    0x00002823     0x1637 Drivers\STM32F4xx_HAL_Driver\Src\stm32f4xx_hal_spi.o
 .debug_info    0x00003e5a     0x24a4 Drivers\STM32F4xx_HAL_Driver\Src\stm32f4xx_hal_tim.o
 .debug_info    0x000062fe     0x1153 Drivers\STM32F4xx_HAL_Driver\Src\stm32f4xx_hal_tim_ex.o
 .debug_info    0x00007451      0x524 Libraries\W5500\Ethernet\W5500\w5500.o
 .debug_info    0x00007975      0x7f7 Libraries\W5500\Ethernet\socket.o
 .debug_info    0x0000816c      0xbf8 Libraries\W5500\Ethernet\wizchip_conf.o
 .debug_info    0x00008d64     0x1275 Libraries\W5500\Internet\DHCP\dhcp.o
 .debug_info    0x00009fd9     0x16e1 Libraries\W5500\Internet\MQTT\MQTTClient.o
 .debug_info    0x0000b6ba      0xe76 Libraries\W5500\Internet\MQTT\MQTTPacket\src\MQTTConnectClient.o
 .debug_info    0x0000c530      0xbb0 Libraries\W5500\Internet\MQTT\MQTTPacket\src\MQTTDeserializePublish.o
 .debug_info    0x0000d0e0      0xfc0 Libraries\W5500\Internet\MQTT\MQTTPacket\src\MQTTPacket.o
 .debug_info    0x0000e0a0      0xcb9 Libraries\W5500\Internet\MQTT\MQTTPacket\src\MQTTSerializePublish.o
 .debug_info    0x0000ed59      0xc1d Libraries\W5500\Internet\MQTT\MQTTPacket\src\MQTTSubscribeClient.o
 .debug_info    0x0000f976      0x572 Libraries\W5500\Internet\MQTT\mqtt_interface.o
 .debug_info    0x0000fee8     0x1540 Libraries\W5500\W5500_driver.o
 .debug_info    0x00011428     0x1ed0 Src\main.o
 .debug_info    0x000132f8      0x9c9 Src\stm32f4xx_hal_msp.o
 .debug_info    0x00013cc1      0x6e9 Src\stm32f4xx_it.o
 .debug_info    0x000143aa      0xf16 Src\syscalls.o
 .debug_info    0x000152c0      0x556 Src\system_stm32f4xx.o
 .debug_info    0x00015816       0x7f startup\startup_stm32f407xx.o

.debug_abbrev   0x00000000     0x3413
 .debug_abbrev  0x00000000      0x1c2 Drivers\STM32F4xx_HAL_Driver\Src\stm32f4xx_hal.o
 .debug_abbrev  0x000001c2      0x2f5 Drivers\STM32F4xx_HAL_Driver\Src\stm32f4xx_hal_cortex.o
 .debug_abbrev  0x000004b7      0x1c4 Drivers\STM32F4xx_HAL_Driver\Src\stm32f4xx_hal_gpio.o
 .debug_abbrev  0x0000067b      0x240 Drivers\STM32F4xx_HAL_Driver\Src\stm32f4xx_hal_rcc.o
 .debug_abbrev  0x000008bb      0x23b Drivers\STM32F4xx_HAL_Driver\Src\stm32f4xx_hal_spi.o
 .debug_abbrev  0x00000af6      0x229 Drivers\STM32F4xx_HAL_Driver\Src\stm32f4xx_hal_tim.o
 .debug_abbrev  0x00000d1f      0x217 Drivers\STM32F4xx_HAL_Driver\Src\stm32f4xx_hal_tim_ex.o
 .debug_abbrev  0x00000f36      0x1b7 Libraries\W5500\Ethernet\W5500\w5500.o
 .debug_abbrev  0x000010ed      0x1e3 Libraries\W5500\Ethernet\socket.o
 .debug_abbrev  0x000012d0      0x292 Libraries\W5500\Ethernet\wizchip_conf.o
 .debug_abbrev  0x00001562      0x2ca Libraries\W5500\Internet\DHCP\dhcp.o
 .debug_abbrev  0x0000182c      0x2e2 Libraries\W5500\Internet\MQTT\MQTTClient.o
 .debug_abbrev  0x00001b0e      0x221 Libraries\W5500\Internet\MQTT\MQTTPacket\src\MQTTConnectClient.o
 .debug_abbrev  0x00001d2f      0x1f1 Libraries\W5500\Internet\MQTT\MQTTPacket\src\MQTTDeserializePublish.o
 .debug_abbrev  0x00001f20      0x2f3 Libraries\W5500\Internet\MQTT\MQTTPacket\src\MQTTPacket.o
 .debug_abbrev  0x00002213      0x214 Libraries\W5500\Internet\MQTT\MQTTPacket\src\MQTTSerializePublish.o
 .debug_abbrev  0x00002427      0x21d Libraries\W5500\Internet\MQTT\MQTTPacket\src\MQTTSubscribeClient.o
 .debug_abbrev  0x00002644      0x1b5 Libraries\W5500\Internet\MQTT\mqtt_interface.o
 .debug_abbrev  0x000027f9      0x29b Libraries\W5500\W5500_driver.o
 .debug_abbrev  0x00002a94      0x2fc Src\main.o
 .debug_abbrev  0x00002d90      0x187 Src\stm32f4xx_hal_msp.o
 .debug_abbrev  0x00002f17      0x153 Src\stm32f4xx_it.o
 .debug_abbrev  0x0000306a      0x271 Src\syscalls.o
 .debug_abbrev  0x000032db      0x126 Src\system_stm32f4xx.o
 .debug_abbrev  0x00003401       0x12 startup\startup_stm32f407xx.o

.debug_aranges  0x00000000     0x1180
 .debug_aranges
                0x00000000       0xf0 Drivers\STM32F4xx_HAL_Driver\Src\stm32f4xx_hal.o
 .debug_aranges
                0x000000f0      0x118 Drivers\STM32F4xx_HAL_Driver\Src\stm32f4xx_hal_cortex.o
 .debug_aranges
                0x00000208       0x58 Drivers\STM32F4xx_HAL_Driver\Src\stm32f4xx_hal_gpio.o
 .debug_aranges
                0x00000260       0x88 Drivers\STM32F4xx_HAL_Driver\Src\stm32f4xx_hal_rcc.o
 .debug_aranges
                0x000002e8      0x1d0 Drivers\STM32F4xx_HAL_Driver\Src\stm32f4xx_hal_spi.o
 .debug_aranges
                0x000004b8      0x3a8 Drivers\STM32F4xx_HAL_Driver\Src\stm32f4xx_hal_tim.o
 .debug_aranges
                0x00000860      0x150 Drivers\STM32F4xx_HAL_Driver\Src\stm32f4xx_hal_tim_ex.o
 .debug_aranges
                0x000009b0       0x60 Libraries\W5500\Ethernet\W5500\w5500.o
 .debug_aranges
                0x00000a10       0x78 Libraries\W5500\Ethernet\socket.o
 .debug_aranges
                0x00000a88      0x138 Libraries\W5500\Ethernet\wizchip_conf.o
 .debug_aranges
                0x00000bc0       0xc0 Libraries\W5500\Internet\DHCP\dhcp.o
 .debug_aranges
                0x00000c80       0xa0 Libraries\W5500\Internet\MQTT\MQTTClient.o
 .debug_aranges
                0x00000d20       0x48 Libraries\W5500\Internet\MQTT\MQTTPacket\src\MQTTConnectClient.o
 .debug_aranges
                0x00000d68       0x28 Libraries\W5500\Internet\MQTT\MQTTPacket\src\MQTTDeserializePublish.o
 .debug_aranges
                0x00000d90       0xa8 Libraries\W5500\Internet\MQTT\MQTTPacket\src\MQTTPacket.o
 .debug_aranges
                0x00000e38       0x48 Libraries\W5500\Internet\MQTT\MQTTPacket\src\MQTTSerializePublish.o
 .debug_aranges
                0x00000e80       0x30 Libraries\W5500\Internet\MQTT\MQTTPacket\src\MQTTSubscribeClient.o
 .debug_aranges
                0x00000eb0       0x70 Libraries\W5500\Internet\MQTT\mqtt_interface.o
 .debug_aranges
                0x00000f20       0x60 Libraries\W5500\W5500_driver.o
 .debug_aranges
                0x00000f80       0x68 Src\main.o
 .debug_aranges
                0x00000fe8       0x30 Src\stm32f4xx_hal_msp.o
 .debug_aranges
                0x00001018       0x68 Src\stm32f4xx_it.o
 .debug_aranges
                0x00001080       0xb0 Src\syscalls.o
 .debug_aranges
                0x00001130       0x28 Src\system_stm32f4xx.o
 .debug_aranges
                0x00001158       0x28 startup\startup_stm32f407xx.o

.debug_ranges   0x00000000     0x1078
 .debug_ranges  0x00000000       0xe0 Drivers\STM32F4xx_HAL_Driver\Src\stm32f4xx_hal.o
 .debug_ranges  0x000000e0      0x108 Drivers\STM32F4xx_HAL_Driver\Src\stm32f4xx_hal_cortex.o
 .debug_ranges  0x000001e8       0x48 Drivers\STM32F4xx_HAL_Driver\Src\stm32f4xx_hal_gpio.o
 .debug_ranges  0x00000230       0x78 Drivers\STM32F4xx_HAL_Driver\Src\stm32f4xx_hal_rcc.o
 .debug_ranges  0x000002a8      0x1c0 Drivers\STM32F4xx_HAL_Driver\Src\stm32f4xx_hal_spi.o
 .debug_ranges  0x00000468      0x398 Drivers\STM32F4xx_HAL_Driver\Src\stm32f4xx_hal_tim.o
 .debug_ranges  0x00000800      0x140 Drivers\STM32F4xx_HAL_Driver\Src\stm32f4xx_hal_tim_ex.o
 .debug_ranges  0x00000940       0x50 Libraries\W5500\Ethernet\W5500\w5500.o
 .debug_ranges  0x00000990       0x68 Libraries\W5500\Ethernet\socket.o
 .debug_ranges  0x000009f8      0x128 Libraries\W5500\Ethernet\wizchip_conf.o
 .debug_ranges  0x00000b20       0xb0 Libraries\W5500\Internet\DHCP\dhcp.o
 .debug_ranges  0x00000bd0       0xe0 Libraries\W5500\Internet\MQTT\MQTTClient.o
 .debug_ranges  0x00000cb0       0x38 Libraries\W5500\Internet\MQTT\MQTTPacket\src\MQTTConnectClient.o
 .debug_ranges  0x00000ce8       0x18 Libraries\W5500\Internet\MQTT\MQTTPacket\src\MQTTDeserializePublish.o
 .debug_ranges  0x00000d00       0xc8 Libraries\W5500\Internet\MQTT\MQTTPacket\src\MQTTPacket.o
 .debug_ranges  0x00000dc8       0x38 Libraries\W5500\Internet\MQTT\MQTTPacket\src\MQTTSerializePublish.o
 .debug_ranges  0x00000e00       0x20 Libraries\W5500\Internet\MQTT\MQTTPacket\src\MQTTSubscribeClient.o
 .debug_ranges  0x00000e20       0x60 Libraries\W5500\Internet\MQTT\mqtt_interface.o
 .debug_ranges  0x00000e80       0x50 Libraries\W5500\W5500_driver.o
 .debug_ranges  0x00000ed0       0x58 Src\main.o
 .debug_ranges  0x00000f28       0x20 Src\stm32f4xx_hal_msp.o
 .debug_ranges  0x00000f48       0x58 Src\stm32f4xx_it.o
 .debug_ranges  0x00000fa0       0xa0 Src\syscalls.o
 .debug_ranges  0x00001040       0x18 Src\system_stm32f4xx.o
 .debug_ranges  0x00001058       0x20 startup\startup_stm32f407xx.o

.debug_line     0x00000000     0x795b
 .debug_line    0x00000000      0x41f Drivers\STM32F4xx_HAL_Driver\Src\stm32f4xx_hal.o
 .debug_line    0x0000041f      0x553 Drivers\STM32F4xx_HAL_Driver\Src\stm32f4xx_hal_cortex.o
 .debug_line    0x00000972      0x416 Drivers\STM32F4xx_HAL_Driver\Src\stm32f4xx_hal_gpio.o
 .debug_line    0x00000d88      0x4c0 Drivers\STM32F4xx_HAL_Driver\Src\stm32f4xx_hal_rcc.o
 .debug_line    0x00001248      0xc03 Drivers\STM32F4xx_HAL_Driver\Src\stm32f4xx_hal_spi.o
 .debug_line    0x00001e4b     0x14c6 Drivers\STM32F4xx_HAL_Driver\Src\stm32f4xx_hal_tim.o
 .debug_line    0x00003311      0x87d Drivers\STM32F4xx_HAL_Driver\Src\stm32f4xx_hal_tim_ex.o
 .debug_line    0x00003b8e      0x298 Libraries\W5500\Ethernet\W5500\w5500.o
 .debug_line    0x00003e26      0x508 Libraries\W5500\Ethernet\socket.o
 .debug_line    0x0000432e      0x59d Libraries\W5500\Ethernet\wizchip_conf.o
 .debug_line    0x000048cb      0x5ea Libraries\W5500\Internet\DHCP\dhcp.o
 .debug_line    0x00004eb5      0x543 Libraries\W5500\Internet\MQTT\MQTTClient.o
 .debug_line    0x000053f8      0x2d9 Libraries\W5500\Internet\MQTT\MQTTPacket\src\MQTTConnectClient.o
 .debug_line    0x000056d1      0x243 Libraries\W5500\Internet\MQTT\MQTTPacket\src\MQTTDeserializePublish.o
 .debug_line    0x00005914      0x3e7 Libraries\W5500\Internet\MQTT\MQTTPacket\src\MQTTPacket.o
 .debug_line    0x00005cfb      0x280 Libraries\W5500\Internet\MQTT\MQTTPacket\src\MQTTSerializePublish.o
 .debug_line    0x00005f7b      0x27b Libraries\W5500\Internet\MQTT\MQTTPacket\src\MQTTSubscribeClient.o
 .debug_line    0x000061f6      0x246 Libraries\W5500\Internet\MQTT\mqtt_interface.o
 .debug_line    0x0000643c      0x3bf Libraries\W5500\W5500_driver.o
 .debug_line    0x000067fb      0x5b9 Src\main.o
 .debug_line    0x00006db4      0x279 Src\stm32f4xx_hal_msp.o
 .debug_line    0x0000702d      0x2ce Src\stm32f4xx_it.o
 .debug_line    0x000072fb      0x3d8 Src\syscalls.o
 .debug_line    0x000076d3      0x20a Src\system_stm32f4xx.o
 .debug_line    0x000078dd       0x7e startup\startup_stm32f407xx.o

.debug_str      0x00000000     0x5756
 .debug_str     0x00000000      0xb16 Drivers\STM32F4xx_HAL_Driver\Src\stm32f4xx_hal.o
                                0xb84 (size before relaxing)
 .debug_str     0x00000b16      0x4ed Drivers\STM32F4xx_HAL_Driver\Src\stm32f4xx_hal_cortex.o
                                0xd08 (size before relaxing)
 .debug_str     0x00001003      0x1de Drivers\STM32F4xx_HAL_Driver\Src\stm32f4xx_hal_gpio.o
                                0x5ce (size before relaxing)
 .debug_str     0x000011e1      0x2f4 Drivers\STM32F4xx_HAL_Driver\Src\stm32f4xx_hal_rcc.o
                                0x785 (size before relaxing)
 .debug_str     0x000014d5      0x917 Drivers\STM32F4xx_HAL_Driver\Src\stm32f4xx_hal_spi.o
                                0xc7b (size before relaxing)
 .debug_str     0x00001dec      0xfbf Drivers\STM32F4xx_HAL_Driver\Src\stm32f4xx_hal_tim.o
                               0x1558 (size before relaxing)
 .debug_str     0x00002dab      0x579 Drivers\STM32F4xx_HAL_Driver\Src\stm32f4xx_hal_tim_ex.o
                                0xd58 (size before relaxing)
 .debug_str     0x00003324      0x121 Libraries\W5500\Ethernet\W5500\w5500.o
                                0x31e (size before relaxing)
 .debug_str     0x00003445      0x267 Libraries\W5500\Ethernet\socket.o
                                0x4f4 (size before relaxing)
 .debug_str     0x000036ac      0x670 Libraries\W5500\Ethernet\wizchip_conf.o
                                0x8f9 (size before relaxing)
 .debug_str     0x00003d1c      0xaa7 Libraries\W5500\Internet\DHCP\dhcp.o
                                0xdc0 (size before relaxing)
 .debug_str     0x000047c3      0x4ba Libraries\W5500\Internet\MQTT\MQTTClient.o