dhcp.c:249:6:default_ip_assign	8	static
dhcp.c:257:6:default_ip_update	8	static
dhcp.c:267:6:default_ip_conflict	8	static
dhcp.c:276:6:reg_dhcp_cbfunc	24	static
dhcp.c:291:6:makeDHCPMSG	24	static
dhcp.c:354:6:send_DHCP_DISCOVER	24	static
dhcp.c:419:6:send_DHCP_REQUEST	32	static
dhcp.c:517:6:send_DHCP_DECLINE	32	static
dhcp.c:578:8:parseDHCPMSG	48	static
dhcp.c:684:9:DHCP_run	16	static
dhcp.c:821:6:DHCP_stop	8	static
dhcp.c:827:9:check_DHCP_timeout	16	static
dhcp.c:879:8:check_DHCP_leasedIP	24	static
dhcp.c:916:6:DHCP_init	24	static
dhcp.c:948:6:reset_DHCP_timeout	4	static
dhcp.c:955:6:DHCP_time_handler	4	static
dhcp.c:960:6:getIPfromDHCP	16	static
dhcp.c:968:6:getGWfromDHCP	16	static
dhcp.c:976:6:getSNfromDHCP	16	static
dhcp.c:984:6:getDNSfromDHCP	16	static
dhcp.c:992:10:getDHCPLeasetime	4	static
