###############################################################################
#
# IAR ELF Linker V3.10.1.201 for STM8                     04/Jan/2019  21:17:45
# Copyright 2010-2017 IAR Systems AB.
#
#    Output file  =  
#        D:\embeddedprojects\STM8_Projects\STM8S_LCD_16X2\EWSTM8\Debug\Exe\STM8S_LCD_16X2.out
#    Map file     =  
#        D:\embeddedprojects\STM8_Projects\STM8S_LCD_16X2\EWSTM8\Debug\List\STM8S_LCD_16X2.map
#    Command line =  
#        -f C:\Users\QUOCLA~1\AppData\Local\Temp\EW965D.tmp
#        (D:\embeddedprojects\STM8_Projects\STM8S_LCD_16X2\EWSTM8\Debug\Obj\lcd_driver.o
#        D:\embeddedprojects\STM8_Projects\STM8S_LCD_16X2\EWSTM8\Debug\Obj\main.o
#        --redirect _Printf=_PrintfFullNoMb --redirect _Scanf=_ScanfFullNoMb -o
#        D:\embeddedprojects\STM8_Projects\STM8S_LCD_16X2\EWSTM8\Debug\Exe\STM8S_LCD_16X2.out
#        --map
#        D:\embeddedprojects\STM8_Projects\STM8S_LCD_16X2\EWSTM8\Debug\List\STM8S_LCD_16X2.map
#        --config "C:\Program Files (x86)\IAR Systems\Embedded Workbench
#        8.0\stm8\config\lnkstm8s105k4.icf" --config_def _CSTACK_SIZE=0x100
#        --config_def _HEAP_SIZE=0x100 --entry __iar_program_start --debug_lib)
#
###############################################################################

*******************************************************************************
*** RUNTIME MODEL ATTRIBUTES
***

__SystemLibrary            = DLib
__code_model               = small
__core                     = stm8
__data_model               = medium
__dlib_file_descriptor     = 0
__dlib_full_locale_support = 0
__rt_version               = 4


*******************************************************************************
*** PLACEMENT SUMMARY
***

"A0":  place at start of [0x000000-0x0000ff] { rw section .vregs };
"A1":  place at end of [0x000000-0x0007ff] { block CSTACK };
"A2":  place at start of [0x008000-0x00bfff] { block INTVEC };
"P3":  place in [from 0x008000 to 0x00bfff] {
          ro section __DLIB_PERTHREAD_init, ro section .far.data_init,
          ro section .far_func.textrw_init, ro section .huge.data_init,
          ro section .huge_func.textrw_init, ro section .iar.init_table,
          ro section .init_array, ro section .near.data_init,
          ro section .near.rodata, ro section .near_func.text,
          ro section .near_func.textrw_init, ro section .tiny.data_init,
          ro section .tiny.rodata_init };
"P4":  place in [from 0x008000 to 0x00bfff] {
          ro section .far.rodata, ro section .far_func.text };
"P5":  place in [from 0x008000 to 0x00bfff] {
          ro section .huge.rodata, ro section .huge_func.text };
do not initialize {
   rw section .eeprom.noinit, rw section .far.noinit, rw section .huge.noinit,
   rw section .near.noinit, rw section .tiny.noinit, rw section .vregs };

  Section          Kind      Address    Size  Object
  -------          ----      -------    ----  ------
"A0":                                    0xc
  .vregs           uninit   0x000000     0xc  vregs.o [4]
                          - 0x00000c     0xc

"A1":                                  0x100
  CSTACK                    0x000700   0x100  <Block>
    CSTACK         uninit   0x000700   0x100  <Block tail>
                          - 0x000800   0x100

Absolute sections, part 1 of 7:          0x1
  .near.noinit     uninit   0x005005     0x1  lcd_driver.o [1]
                          - 0x005006     0x1

Absolute sections, part 2 of 7:          0x3
  .near.noinit     uninit   0x005007     0x1  main.o [1]
  .near.noinit     uninit   0x005008     0x1  main.o [1]
  .near.noinit     uninit   0x005009     0x1  main.o [1]
                          - 0x00500a     0x3

Absolute sections, part 3 of 7:          0x1
  .near.noinit     uninit   0x005019     0x1  lcd_driver.o [1]
                          - 0x00501a     0x1

Absolute sections, part 4 of 7:          0x3
  .near.noinit     uninit   0x00501b     0x1  main.o [1]
  .near.noinit     uninit   0x00501c     0x1  main.o [1]
  .near.noinit     uninit   0x00501d     0x1  main.o [1]
                          - 0x00501e     0x3

Absolute sections, part 5 of 7:          0x1
  .near.noinit     uninit   0x0050c6     0x1  main.o [1]
                          - 0x0050c7     0x1

Absolute sections, part 6 of 7:          0x3
  .near.noinit     uninit   0x005400     0x1  main.o [1]
  .near.noinit     uninit   0x005401     0x1  main.o [1]
  .near.noinit     uninit   0x005402     0x1  main.o [1]
                          - 0x005403     0x3

Absolute sections, part 7 of 7:          0x2
  .near.noinit     uninit   0x005404     0x1  main.o [1]
  .near.noinit     uninit   0x005405     0x1  main.o [1]
                          - 0x005406     0x2

"A2":                                   0x80
  INTVEC                    0x008000    0x80  <Block>
    .intvec        const    0x008000    0x80  interrupt.o [4]
                          - 0x008080    0x80

"P3-P5":                              0x1bc3
  .near_func.text  ro code  0x008080   0x460  float.o [4]
  .near_func.text  ro code  0x0084e0   0x45d  xprintffull_nomb.o [4]
  .near_func.text  ro code  0x00893d   0x412  xprintffull_nomb.o [4]
  .near_func.text  ro code  0x008d4f   0x383  xprintffull_nomb.o [4]
  .near_func.text  ro code  0x0090d2   0x1d0  long.o [4]
  .near_func.text  ro code  0x0092a2   0x176  xprintffull_nomb.o [4]
  .near_func.text  ro code  0x009418   0x161  float_libsup.o [4]
  .near_func.text  ro code  0x009579    0xde  vreg_util.o [4]
  .near_func.text  ro code  0x009657    0xc6  lcd_driver.o [1]
  .near_func.text  ro code  0x00971d    0x72  long_util.o [4]
  .near_func.text  ro code  0x00978f    0x57  main.o [1]
  .near_func.text  ro code  0x0097e6    0x43  xprintffull_nomb.o [4]
  .near_func.text  ro code  0x009829    0x41  xprintffull_nomb.o [4]
  .near_func.text  ro code  0x00986a    0x3d  sprintf.o [4]
  .near_func.text  const    0x0098a7    0x3c  xprintffull_nomb.o [4]
  .near_func.text  ro code  0x0098e3    0x37  xprintffull_nomb.o [4]
  .near_func.text  ro code  0x00991a    0x37  short.o [4]
  .near_func.text  ro code  0x009951    0x33  xprintffull_nomb.o [4]
  .near_func.text  ro code  0x009984    0x30  div.o [4]
  .near_func.text  ro code  0x0099b4    0x2f  xprintffull_nomb.o [4]
  .near_func.text  ro code  0x0099e3    0x29  main.o [1]
  .near_func.text  ro code  0x009a0c    0x21  memchr.o [4]
  .near_func.text  ro code  0x009a2d    0x1f  dc_util.o [4]
  .near_func.text  ro code  0x009a4c    0x1f  memcpy.o [4]
  .near_func.text  ro code  0x009a6b    0x19  main.o [1]
  .near_func.text  ro code  0x009a84    0x18  main.o [1]
  .near_func.text  ro code  0x009a9c    0x15  lcd_driver.o [1]
  .near_func.text  ro code  0x009ab1    0x15  strchr.o [4]
  .near_func.text  ro code  0x009ac6    0x14  init.o [4]
  .near_func.text  ro code  0x009ada    0x14  xprintffull_nomb.o [4]
  .near_func.text  ro code  0x009aee    0x14  __dbg_xxexit.o [3]
  .near_func.text  ro code  0x009b02    0x13  cstartup.o [4]
  .near.rodata     const    0x009b15     0xd  main.o [1]
  .near_func.text  ro code  0x009b22     0xd  main.o [1]
  .near_func.text  ro code  0x009b2f     0xd  move.o [4]
  .near_func.text  ro code  0x009b3c     0xd  strlen.o [4]
  .near_func.text  ro code  0x009b49     0xc  lcd_driver.o [1]
  .near_func.text  ro code  0x009b55     0xc  xprintffull_nomb.o [4]
  .near_func.text  ro code  0x009b61     0xc  switch.o [4]
  .near_func.text  ro code  0x009b6d     0xb  xprintffull_nomb.o [4]
  .near_func.text  ro code  0x009b78     0xb  xprintffull_nomb.o [4]
  .near_func.text  ro code  0x009b83     0xb  xprintffull_nomb.o [4]
  .near_func.text  ro code  0x009b8e     0xb  xsprout.o [4]
  .near_func.text  ro code  0x009b99     0xa  xprintffull_nomb.o [4]
  .near_func.text  ro code  0x009ba3     0x9  xprintffull_nomb.o [4]
  .near_func.text  ro code  0x009bac     0x9  xprintffull_nomb.o [4]
  .near_func.text  ro code  0x009bb5     0x9  xprintffull_nomb.o [4]
  .near_func.text  ro code  0x009bbe     0x8  xprintffull_nomb.o [4]
  .near_func.text  ro code  0x009bc6     0x8  xprintffull_nomb.o [4]
  .near_func.text  ro code  0x009bce     0x8  xprintffull_nomb.o [4]
  .near_func.text  ro code  0x009bd6     0x8  xprintffull_nomb.o [4]
  .near.rodata     const    0x009bde     0x7  xprintffull_nomb.o [4]
  .near_func.text  ro code  0x009be5     0x7  xprintffull_nomb.o [4]
  .near_func.text  ro code  0x009bec     0x7  xprintffull_nomb.o [4]
  .near.rodata     const    0x009bf3     0x6  main.o [1]
  .near_func.text  ro code  0x009bf9     0x6  xprintffull_nomb.o [4]
  .near_func.text  ro code  0x009bff     0x6  xprintffull_nomb.o [4]
  .near_func.text  ro code  0x009c05     0x6  xprintffull_nomb.o [4]
  .near_func.text  ro code  0x009c0b     0x6  xprintffull_nomb.o [4]
  .near_func.text  ro code  0x009c11     0x6  xprintffull_nomb.o [4]
  .near_func.text  ro code  0x009c17     0x5  xprintffull_nomb.o [4]
  .near_func.text  ro code  0x009c1c     0x5  cexit.o [4]
  .near.rodata     const    0x009c21     0x4  xprintffull_nomb.o [4]
  .near.rodata     const    0x009c25     0x4  xprintffull_nomb.o [4]
  .near.rodata     const    0x009c29     0x4  xprintffull_nomb.o [4]
  .near.rodata     const    0x009c2d     0x4  xprintffull_nomb.o [4]
  .near.rodata     const    0x009c31     0x3  main.o [1]
  .near_func.text  ro code  0x009c34     0x3  interrupt.o [4]
  .near_func.text  ro code  0x009c37     0x3  low_level_init.o [4]
  .near_func.text  ro code  0x009c3a     0x3  exit.o [4]
  .near_func.text  ro code  0x009c3d     0x3  unhandled_exception.o [4]
  .near.rodata     const    0x009c40     0x2  xprintffull_nomb.o [4]
  .near_func.text  ro code  0x009c42     0x1  __dbg_break.o [3]
                          - 0x009c43  0x1bc3



*******************************************************************************
*** MODULE SUMMARY
***

    Module                 ro code  ro data  rw data  rw data
                                                       (abs)
    ------                 -------  -------  -------  -------
D:\embeddedprojects\STM8_Projects\STM8S_LCD_16X2\EWSTM8\Debug\Obj: [1]
    lcd_driver.o               231                          2
    main.o                     190       22                12
    ---------------------------------------------------------
    Total:                     421       22                14

command line: [2]
    ---------------------------------------------------------
    Total:

dbgstm8smd.a: [3]
    __dbg_break.o                1
    __dbg_xxexit.o              20
    ---------------------------------------------------------
    Total:                      21

dlstm8smn.a: [4]
    cexit.o                      5
    cstartup.o                  19
    dc_util.o                   31
    div.o                       48
    exit.o                       3
    float.o                  1 120
    float_libsup.o             353
    init.o                      20
    interrupt.o                  3      128
    long.o                     464
    long_util.o                114
    low_level_init.o             3
    memchr.o                    33
    memcpy.o                    31
    move.o                      13
    short.o                     55
    sprintf.o                   61
    strchr.o                    21
    strlen.o                    13
    switch.o                    12
    unhandled_exception.o        3
    vreg_util.o                222
    vregs.o                                       12
    xprintffull_nomb.o       3 900       85
    xsprout.o                   11
    ---------------------------------------------------------
    Total:                   6 558      213       12

    Linker created                               256
-------------------------------------------------------------
    Grand Total:             7 000      235      268       14


*******************************************************************************
*** ENTRY LIST
***

Entry                    Address   Size  Type      Object
-----                    -------   ----  ----      ------
?and32_l0_l0_0x         0x00925d         Code  Gb  long.o [4]
?and32_l0_l0_l1         0x00925a         Code  Gb  long.o [4]
?b0                     0x000000         Data  Gb  vregs.o [4]
?b1                     0x000001         Data  Gb  vregs.o [4]
?b10                    0x00000a         Data  Gb  vregs.o [4]
?b11                    0x00000b         Data  Gb  vregs.o [4]
?b2                     0x000002         Data  Gb  vregs.o [4]
?b3                     0x000003         Data  Gb  vregs.o [4]
?b4                     0x000004         Data  Gb  vregs.o [4]
?b5                     0x000005         Data  Gb  vregs.o [4]
?b6                     0x000006         Data  Gb  vregs.o [4]
?b7                     0x000007         Data  Gb  vregs.o [4]
?b8                     0x000008         Data  Gb  vregs.o [4]
?b9                     0x000009         Data  Gb  vregs.o [4]
?dc32_l1                0x009a34         Code  Gb  dc_util.o [4]
?dc32_px                0x009a41         Code  Gb  dc_util.o [4]
?dc8_px                 0x009a2d         Code  Gb  dc_util.o [4]
?dec32_0x_0x            0x0090e7         Code  Gb  long.o [4]
?dec32_l0_l0            0x0090e2         Code  Gb  long.o [4]
?e0                     0x000001         Data  Gb  vregs.o [4]
?e1                     0x000005         Data  Gb  vregs.o [4]
?e2                     0x000009         Data  Gb  vregs.o [4]
?epilogue_l2            0x0095e4         Code  Gb  vreg_util.o [4]
?epilogue_w4            0x0095e8         Code  Gb  vreg_util.o [4]
?fadd32_l0_l0_l1        0x0080a3         Code  Gb  float.o [4]
?fcastf32s32_l0_l0      0x00839b         Code  Gb  float.o [4]
?fcastf32u32_l0_l0      0x0083a6         Code  Gb  float.o [4]
?fcasts32f32_l0_l0      0x00833a         Code  Gb  float.o [4]
?fcastu32f32_l0_l0      0x008323         Code  Gb  float.o [4]
?fcmpge32_c_l0_0x       0x0082c4         Code  Gb  float.o [4]
?fcmpge32_c_l0_dc32     0x0082bf         Code  Gb  float.o [4]
?fcmplt32_c_l0_0x       0x0082cd         Code  Gb  float.o [4]
?fcmplt32_c_l0_dc32     0x0082c8         Code  Gb  float.o [4]
?fdiv32_l0_l0_l1        0x008211         Code  Gb  float.o [4]
?fmul32_l0_l0_dc32      0x008171         Code  Gb  float.o [4]
?fmul32_l0_l0_l1        0x008176         Code  Gb  float.o [4]
?fsub32_l0_l0_l1        0x00809d         Code  Gb  float.o [4]
?l0                     0x000000         Data  Gb  vregs.o [4]
?l1                     0x000004         Data  Gb  vregs.o [4]
?l2                     0x000008         Data  Gb  vregs.o [4]
?load32_0x_l0           0x009762         Code  Gb  long_util.o [4]
?load32_0x_l2           0x009781         Code  Gb  long_util.o [4]
?load32_asp_l0          0x009756         Code  Gb  long_util.o [4]
?load32_asp_l2          0x009775         Code  Gb  long_util.o [4]
?load32_dbsp_l0         0x009751         Code  Gb  long_util.o [4]
?load32_dbsp_l2         0x009770         Code  Gb  long_util.o [4]
?load32_l0_0x           0x00972d         Code  Gb  long_util.o [4]
?load32_l0_asp          0x009722         Code  Gb  long_util.o [4]
?load32_l0_dbsp         0x00971d         Code  Gb  long_util.o [4]
?load32_l0_xsp          0x009724         Code  Gb  long_util.o [4]
?load32_l1_0x           0x009739         Code  Gb  long_util.o [4]
?load32_l2_0x           0x009745         Code  Gb  long_util.o [4]
?load32_xsp_l0          0x009758         Code  Gb  long_util.o [4]
?load32_xsp_l2          0x009777         Code  Gb  long_util.o [4]
?mov_e0_e1              0x009619         Code  Gb  vreg_util.o [4]
?mov_e0_e2              0x009626         Code  Gb  vreg_util.o [4]
?mov_e1_e0              0x009633         Code  Gb  vreg_util.o [4]
?mov_e1_e2              0x009640         Code  Gb  vreg_util.o [4]
?mov_e2_e0              0x00964d         Code  Gb  vreg_util.o [4]
?mov_l0_l1              0x009616         Code  Gb  vreg_util.o [4]
?mov_l0_l2              0x009623         Code  Gb  vreg_util.o [4]
?mov_l1_l0              0x009630         Code  Gb  vreg_util.o [4]
?mov_l1_l2              0x00963d         Code  Gb  vreg_util.o [4]
?mov_l2_l0              0x00964a         Code  Gb  vreg_util.o [4]
?mov_w0_w5              0x0095ec         Code  Gb  vreg_util.o [4]
?mov_w1_w3              0x00961c         Code  Gb  vreg_util.o [4]
?mov_w1_w5              0x009629         Code  Gb  vreg_util.o [4]
?mov_w2_w0              0x0095f3         Code  Gb  vreg_util.o [4]
?mov_w2_w1              0x0095fa         Code  Gb  vreg_util.o [4]
?mov_w3_w1              0x009636         Code  Gb  vreg_util.o [4]
?mov_w3_w5              0x009643         Code  Gb  vreg_util.o [4]
?mov_w4_w0              0x009601         Code  Gb  vreg_util.o [4]
?mov_w4_w1              0x009608         Code  Gb  vreg_util.o [4]
?mov_w5_w0              0x00960f         Code  Gb  vreg_util.o [4]
?mov_w5_w1              0x009650         Code  Gb  vreg_util.o [4]
?move1616_v_x_y_a       0x009b2f         Code  Gb  move.o [4]
?mul16_x_x_w0           0x00991a         Code  Gb  short.o [4]
?mul32_l0_l0_0x         0x0090fe         Code  Gb  long.o [4]
?mul32_l0_l0_dl         0x0090fb         Code  Gb  long.o [4]
?mul32_l0_l0_l1         0x009107         Code  Gb  long.o [4]
?neg32_l0_l0            0x0090d2         Code  Gb  long.o [4]
?pop_l2                 0x0095d1         Code  Gb  vreg_util.o [4]
?pop_w4                 0x00959b         Code  Gb  vreg_util.o [4]
?push_l0                0x0095aa         Code  Gb  vreg_util.o [4]
?push_l2                0x0095af         Code  Gb  vreg_util.o [4]
?push_w0                0x009579         Code  Gb  vreg_util.o [4]
?push_w1                0x00957e         Code  Gb  vreg_util.o [4]
?push_w4                0x009583         Code  Gb  vreg_util.o [4]
?scmp32_c_l0_l1         0x009243         Code  Gb  long.o [4]
?sdiv16_x_x_y           0x009938         Code  Gb  short.o [4]
?sdiv32_l0_l0_dl        0x0091fa         Code  Gb  long.o [4]
?sdiv32_l0_l0_l1        0x0091fd         Code  Gb  long.o [4]
?sext32_l0_a            0x009295         Code  Gb  long.o [4]
?sext32_l0_x            0x00928a         Code  Gb  long.o [4]
?smod32_l1_l0_l1        0x0091fd         Code  Gb  long.o [4]
?sra32_0x_0x_a          0x00927c         Code  Gb  long.o [4]
?sra32_l0_l0_a          0x009279         Code  Gb  long.o [4]
?sra32_l0_l0_db         0x009275         Code  Gb  long.o [4]
?switch8vlt_0x_a_0x     0x009b61         Code  Gb  switch.o [4]
?udiv32_l0_l0_dl        0x00918a         Code  Gb  long.o [4]
?udiv32_l0_l0_l1        0x00918d         Code  Gb  long.o [4]
?umod32_l1_l0_dl        0x009185         Code  Gb  long.o [4]
?umod32_l1_l0_l1        0x00918d         Code  Gb  long.o [4]
?w0                     0x000000         Data  Gb  vregs.o [4]
?w1                     0x000002         Data  Gb  vregs.o [4]
?w2                     0x000004         Data  Gb  vregs.o [4]
?w3                     0x000006         Data  Gb  vregs.o [4]
?w4                     0x000008         Data  Gb  vregs.o [4]
?w5                     0x00000a         Data  Gb  vregs.o [4]
ADC_DRH                 0x005404    0x1  Data  Gb  main.o [1]
ADC_DRL                 0x005405    0x1  Data  Gb  main.o [1]
ADC_Init                0x009b22    0xd  Code  Gb  main.o [1]
CSTACK$$Base            0x000700          --   Gb  - Linker created -
CSTACK$$Limit           0x000800          --   Gb  - Linker created -
Get_ADC                 0x0099e3   0x29  Code  Gb  main.o [1]
INTVEC$$Base            0x008000          --   Gb  - Linker created -
INTVEC$$Limit           0x008080          --   Gb  - Linker created -
LCD_Delay               0x009657   0x13  Code  Gb  lcd_driver.o [1]
LCD_Enable              0x00966a   0x14  Code  Gb  lcd_driver.o [1]
LCD_Gotoxy              0x009704   0x19  Code  Gb  lcd_driver.o [1]
LCD_Init                0x0096bc   0x48  Code  Gb  lcd_driver.o [1]
LCD_PutChar             0x009b49    0xc  Code  Gb  lcd_driver.o [1]
LCD_PutChars            0x009a9c   0x15  Code  Gb  lcd_driver.o [1]
LCD_PutCmd              0x0096a7   0x15  Code  Gb  lcd_driver.o [1]
LCD_Send4Bit            0x00967e   0x29  Code  Gb  lcd_driver.o [1]
LoadInt                 0x009829   0x41  Code  Lc  xprintffull_nomb.o [4]
Port_Init               0x009a6b   0x19  Code  Gb  main.o [1]
Region$$Table$$Base   0x00000000          --   Gb  - Linker created -
Region$$Table$$Limit  0x00000000          --   Gb  - Linker created -
_A_ADC_CR1              0x005401    0x1  Data  Gb  main.o [1]
_A_ADC_CR2              0x005402    0x1  Data  Gb  main.o [1]
_A_ADC_CSR              0x005400    0x1  Data  Gb  main.o [1]
_A_CLK_CKDIVR           0x0050c6    0x1  Data  Gb  main.o [1]
_A_PB_CR1               0x005008    0x1  Data  Gb  main.o [1]
_A_PB_CR2               0x005009    0x1  Data  Gb  main.o [1]
_A_PB_DDR               0x005007    0x1  Data  Gb  main.o [1]
_A_PB_ODR               0x005005    0x1  Data  Gb  lcd_driver.o [1]
_A_PF_CR1               0x00501c    0x1  Data  Gb  main.o [1]
_A_PF_CR2               0x00501d    0x1  Data  Gb  main.o [1]
_A_PF_DDR               0x00501b    0x1  Data  Gb  main.o [1]
_A_PF_ODR               0x005019    0x1  Data  Gb  lcd_driver.o [1]
_GenldFullNoMb          0x008d4f  0x383  Code  Lc  xprintffull_nomb.o [4]
_LdtobFullNoMb          0x00893d  0x412  Code  Lc  xprintffull_nomb.o [4]
_LitobFullNoMb          0x0092a2  0x176  Code  Lc  xprintffull_nomb.o [4]
_PrintfFullNoMb         0x0084e0  0x45d  Code  Gb  xprintffull_nomb.o [4]
_PutcharFullNoMb        0x0099b4   0x2f  Code  Lc  xprintffull_nomb.o [4]
_PutcharsFullNoMb       0x009951   0x33  Code  Lc  xprintffull_nomb.o [4]
_SProut                 0x009b8e    0xb  Code  Gb  xsprout.o [4]
__DebugBreak            0x009c42    0x1  Code  Gb  __dbg_break.o [3]
__exit                  0x009aee   0x14  Code  Gb  __dbg_xxexit.o [3]
__iar_Dnorm             0x009418         Code  Gb  float_libsup.o [4]
__iar_Dscale            0x0094a6         Code  Gb  float_libsup.o [4]
__iar_Dunscale          0x009454         Code  Gb  float_libsup.o [4]
__iar_Memchr            0x009a0c   0x21  Code  Gb  memchr.o [4]
__iar_Strchr            0x009ab1   0x15  Code  Gb  strchr.o [4]
__iar_data_init2        0x009ac6   0x14  Code  Gb  init.o [4]
__iar_program_start     0x009b02         Code  Gb  cstartup.o [4]
__iar_unhandled_exception
                        0x009c3d         Code  Gb  unhandled_exception.o [4]
__intvec                0x008000         Data  Gb  interrupt.o [4]
__low_level_init        0x009c37    0x3  Code  Gb  low_level_init.o [4]
_exit                   0x009c1c         Code  Gb  cexit.o [4]
delay_us                0x009a84   0x18  Code  Gb  main.o [1]
div                     0x009984   0x30  Code  Gb  div.o [4]
exit                    0x009c3a    0x3  Code  Gb  exit.o [4]
main                    0x00978f   0x57  Code  Gb  main.o [1]
memcpy                  0x009a4c   0x1f  Code  Gb  memcpy.o [4]
pad                     0x0098e3   0x37  Code  Lc  xprintffull_nomb.o [4]
scale                   0x0097e6   0x43  Code  Lc  xprintffull_nomb.o [4]
sprintf                 0x00986a   0x3d  Code  Gb  sprintf.o [4]
strlen                  0x009b3c    0xd  Code  Gb  strlen.o [4]


[1] = D:\embeddedprojects\STM8_Projects\STM8S_LCD_16X2\EWSTM8\Debug\Obj
[2] = command line
[3] = dbgstm8smd.a
[4] = dlstm8smn.a

  7 000 bytes of readonly  code memory
    235 bytes of readonly  data memory
    268 bytes of readwrite data memory (+ 14 absolute)

Errors: none
Warnings: none
