###############################################################################
#
# IAR ELF Linker V3.10.1.201 for STM8                     02/Jan/2019  14:07:29
# Copyright 2010-2017 IAR Systems AB.
#
#    Output file  =  
#        D:\embeddedprojects\STM8_Projects\STM8S_NRF24L01_V2\EWSTM8\Debug\Exe\STM8S_NRF24L01.out
#    Map file     =  
#        D:\embeddedprojects\STM8_Projects\STM8S_NRF24L01_V2\EWSTM8\Debug\List\STM8S_NRF24L01.map
#    Command line =  
#        -f C:\Users\QUOCLA~1\AppData\Local\Temp\EW96E9.tmp
#        (D:\embeddedprojects\STM8_Projects\STM8S_NRF24L01_V2\EWSTM8\Debug\Obj\main.o
#        D:\embeddedprojects\STM8_Projects\STM8S_NRF24L01_V2\EWSTM8\Debug\Obj\nRF24L01.o
#        D:\embeddedprojects\STM8_Projects\STM8S_NRF24L01_V2\EWSTM8\Debug\Obj\stm8s_clk.o
#        D:\embeddedprojects\STM8_Projects\STM8S_NRF24L01_V2\EWSTM8\Debug\Obj\stm8s_exti.o
#        D:\embeddedprojects\STM8_Projects\STM8S_NRF24L01_V2\EWSTM8\Debug\Obj\stm8s_flash.o
#        D:\embeddedprojects\STM8_Projects\STM8S_NRF24L01_V2\EWSTM8\Debug\Obj\stm8s_gpio.o
#        D:\embeddedprojects\STM8_Projects\STM8S_NRF24L01_V2\EWSTM8\Debug\Obj\stm8s_spi.o
#        D:\embeddedprojects\STM8_Projects\STM8S_NRF24L01_V2\EWSTM8\Debug\Obj\stm8s_tim4.o
#        D:\embeddedprojects\STM8_Projects\STM8S_NRF24L01_V2\EWSTM8\Debug\Obj\sysclock.o
#        --redirect _Printf=_PrintfFullNoMb --redirect _Scanf=_ScanfFullNoMb -o
#        D:\embeddedprojects\STM8_Projects\STM8S_NRF24L01_V2\EWSTM8\Debug\Exe\STM8S_NRF24L01.out
#        --map
#        D:\embeddedprojects\STM8_Projects\STM8S_NRF24L01_V2\EWSTM8\Debug\List\STM8S_NRF24L01.map
#        --config "C:\Program Files (x86)\IAR Systems\Embedded Workbench
#        8.0\stm8\config\lnkstm8s207r8.icf" --config_def _CSTACK_SIZE=0x100
#        --config_def _HEAP_SIZE=0x100 --entry __iar_program_start --debug_lib)
#
###############################################################################

*******************************************************************************
*** RUNTIME MODEL ATTRIBUTES
***

__SystemLibrary            = DLib
__code_model               = small
__core                     = stm8
__data_model               = medium
__dlib_file_descriptor     = 0
__dlib_full_locale_support = 0
__rt_version               = 4


*******************************************************************************
*** PLACEMENT SUMMARY
***

"A0":  place at start of [0x000000-0x0000ff] { rw section .vregs };
"A1":  place at end of [0x000000-0x0017ff] { block CSTACK };
"P2":  place in [from 0x000000 to 0x0017ff] {
          block HEAP, rw section __DLIB_PERTHREAD, rw section .far.bss,
          rw section .far.data, rw section .far.noinit,
          rw section .far_func.textrw, rw section .huge.bss,
          rw section .huge.data, rw section .huge.noinit,
          rw section .huge_func.textrw, rw section .iar.dynexit,
          rw section .near.bss, rw section .near.data, rw section .near.noinit,
          rw section .near_func.textrw };
"A2":  place at start of [0x008000-0x00ffff] { block INTVEC };
"P3":  place in [from 0x008000 to 0x00ffff] {
          ro section __DLIB_PERTHREAD_init, ro section .far.data_init,
          ro section .far_func.textrw_init, ro section .huge.data_init,
          ro section .huge_func.textrw_init, ro section .iar.init_table,
          ro section .init_array, ro section .near.data_init,
          ro section .near.rodata, ro section .near_func.text,
          ro section .near_func.textrw_init, ro section .tiny.data_init,
          ro section .tiny.rodata_init };
do not initialize {
   rw section .eeprom.noinit, rw section .far.noinit, rw section .huge.noinit,
   rw section .near.noinit, rw section .tiny.noinit, rw section .vregs };
initialize by copy {
   rw section .far.bss, rw section .far.data, rw section .far_func.textrw,
   rw section .huge.bss, rw section .huge.data, rw section .huge_func.textrw,
   rw section .iar.dynexit, rw section .near.bss, rw section .near.data,
   rw section .near_func.textrw, rw section .tiny.bss, rw section .tiny.data,
   ro section .tiny.rodata };

  Section            Kind      Address   Size  Object
  -------            ----      -------   ----  ------
"A0":                                    0x10
  .vregs             uninit   0x000000   0x10  vregs.o [4]
                            - 0x000010   0x10

"P2":                                     0x5
  P2-1                        0x000010    0x5  <Init block>
    .near.data       inited   0x000010    0x5  nRF24L01.o [1]
                            - 0x000015    0x5

"A1":                                   0x100
  CSTACK                      0x001700  0x100  <Block>
    CSTACK           uninit   0x001700  0x100  <Block tail>
                            - 0x001800  0x100

"A2":                                    0x80
  INTVEC                      0x008000   0x80  <Block>
    .intvec          const    0x008000   0x80  interrupt.o [4]
                            - 0x008080   0x80

"P3":                                   0xaee
  .near_func.text    ro code  0x008080  0x211  nRF24L01.o [1]
  .near_func.text    ro code  0x008291  0x13f  stm8s_spi.o [1]
  .near_func.text    ro code  0x0083d0  0x110  stm8s_gpio.o [1]
  .near_func.text    ro code  0x0084e0  0x10c  stm8s_clk.o [1]
  .near_func.text    ro code  0x0085ec   0xa4  vreg_util.o [4]
  .near_func.text    ro code  0x008690   0x5e  stm8s_flash.o [1]
  .near_func.text    ro code  0x0086ee   0x5c  stm8s_flash.o [1]
  .near_func.text    ro code  0x00874a   0x56  stm8s_spi.o [1]
  .near.rodata       const    0x0087a0   0x4e  stm8s_flash.o [1]
  .near_func.text    ro code  0x0087ee   0x4e  stm8s_flash.o [1]
  .near.rodata       const    0x00883c   0x4d  stm8s_gpio.o [1]
  .near.rodata       const    0x008889   0x4c  stm8s_clk.o [1]
  .near.rodata       const    0x0088d5   0x4c  stm8s_spi.o [1]
  .near_func.text    ro code  0x008921   0x3d  stm8s_clk.o [1]
  .near_func.text    ro code  0x00895e   0x3b  stm8s_flash.o [1]
  .near_func.text    ro code  0x008999   0x37  stm8s_spi.o [1]
  .near_func.text    ro code  0x0089d0   0x31  long.o [4]
  .near_func.text    ro code  0x008a01   0x30  sysclock.o [1]
  .near_func.text    ro code  0x008a31   0x2b  stm8s_flash.o [1]
  .near_func.text    ro code  0x008a5c   0x28  sysclock.o [1]
  .near_func.text    ro code  0x008a84   0x28  init_small.o [4]
  .near_func.text    ro code  0x008aac   0x26  main.o [1]
  .iar.init_table    const    0x008ad2    0xa  - Linker created -
  .near_func.text    ro code  0x008adc   0x1b  sysclock.o [1]
  .near_func.text    ro code  0x008af7   0x18  main.o [1]
  .near_func.text    ro code  0x008b0f   0x14  init.o [4]
  .near_func.text    ro code  0x008b23   0x14  __dbg_xxexit.o [3]
  .near_func.text    ro code  0x008b37   0x13  cstartup.o [4]
  .near_func.text    ro code  0x008b4a    0x7  stm8s_gpio.o [1]
  .near_func.text    ro code  0x008b51    0x5  cexit.o [4]
  Initializer bytes  const    0x008b56    0x5  <for P2-1>
  .near_func.text    ro code  0x008b5b    0x4  stm8s_gpio.o [1]
  .near_func.text    ro code  0x008b5f    0x3  interrupt.o [4]
  .near_func.text    ro code  0x008b62    0x3  low_level_init.o [4]
  .near_func.text    ro code  0x008b65    0x3  exit.o [4]
  .near_func.text    ro code  0x008b68    0x3  unhandled_exception.o [4]
  .near_func.text    ro code  0x008b6b    0x2  main.o [1]
  .near_func.text    ro code  0x008b6d    0x1  __dbg_break.o [3]
                            - 0x008b6e  0xaee


*******************************************************************************
*** INIT TABLE
***

          Address   Size
          -------   ----
Copy (__iar_copy_init2)
    1 source range, total size 0x5:
          0x008b56   0x5
    1 destination range, total size 0x5:
          0x000010   0x5



*******************************************************************************
*** MODULE SUMMARY
***

    Module                 ro code  ro data  rw data
    ------                 -------  -------  -------
D:\embeddedprojects\STM8_Projects\STM8S_NRF24L01_V2\EWSTM8\Debug\Obj: [1]
    main.o                      64
    nRF24L01.o                 529        5        5
    stm8s_clk.o                329       76
    stm8s_flash.o              366       78
    stm8s_gpio.o               283       77
    stm8s_spi.o                460       76
    sysclock.o                 115
    ------------------------------------------------
    Total:                   2 146      312        5

command line: [2]
    ------------------------------------------------
    Total:

dbgstm8smd.a: [3]
    __dbg_break.o                1
    __dbg_xxexit.o              20
    ------------------------------------------------
    Total:                      21

dlstm8smn.a: [4]
    cexit.o                      5
    cstartup.o                  19
    exit.o                       3
    init.o                      20
    init_small.o                40
    interrupt.o                  3      128
    long.o                      49
    low_level_init.o             3
    unhandled_exception.o        3
    vreg_util.o                164
    vregs.o                                       16
    ------------------------------------------------
    Total:                     309      128       16

    Linker created                       10      256
----------------------------------------------------
    Grand Total:             2 476      450      277


*******************************************************************************
*** ENTRY LIST
***

Entry                    Address   Size  Type      Object
-----                    -------   ----  ----      ------
.iar.init_table$$Base   0x008ad2          --   Gb  - Linker created -
.iar.init_table$$Limit  0x008adc          --   Gb  - Linker created -
?b0                     0x000000         Data  Gb  vregs.o [4]
?b1                     0x000001         Data  Gb  vregs.o [4]
?b10                    0x00000a         Data  Gb  vregs.o [4]
?b11                    0x00000b         Data  Gb  vregs.o [4]
?b12                    0x00000c         Data  Gb  vregs.o [4]
?b13                    0x00000d         Data  Gb  vregs.o [4]
?b14                    0x00000e         Data  Gb  vregs.o [4]
?b15                    0x00000f         Data  Gb  vregs.o [4]
?b2                     0x000002         Data  Gb  vregs.o [4]
?b3                     0x000003         Data  Gb  vregs.o [4]
?b4                     0x000004         Data  Gb  vregs.o [4]
?b5                     0x000005         Data  Gb  vregs.o [4]
?b6                     0x000006         Data  Gb  vregs.o [4]
?b7                     0x000007         Data  Gb  vregs.o [4]
?b8                     0x000008         Data  Gb  vregs.o [4]
?b9                     0x000009         Data  Gb  vregs.o [4]
?dec32_0x_0x            0x0089ed         Code  Gb  long.o [4]
?dec32_l0_l0            0x0089e3         Code  Gb  long.o [4]
?dec32_l1_l1            0x0089e8         Code  Gb  long.o [4]
?e0                     0x000001         Data  Gb  vregs.o [4]
?e1                     0x000005         Data  Gb  vregs.o [4]
?e2                     0x000009         Data  Gb  vregs.o [4]
?e3                     0x00000d         Data  Gb  vregs.o [4]
?epilogue_l2            0x008667         Code  Gb  vreg_util.o [4]
?epilogue_l2_l3         0x008664         Code  Gb  vreg_util.o [4]
?epilogue_l2_w6         0x00866b         Code  Gb  vreg_util.o [4]
?epilogue_w4            0x008672         Code  Gb  vreg_util.o [4]
?inc32_0x_0x            0x0089d5         Code  Gb  long.o [4]
?inc32_l1_l1            0x0089d0         Code  Gb  long.o [4]
?l0                     0x000000         Data  Gb  vregs.o [4]
?l1                     0x000004         Data  Gb  vregs.o [4]
?l2                     0x000008         Data  Gb  vregs.o [4]
?l3                     0x00000c         Data  Gb  vregs.o [4]
?mov_e0_e1              0x008679         Code  Gb  vreg_util.o [4]
?mov_e1_e0              0x008686         Code  Gb  vreg_util.o [4]
?mov_l0_l1              0x008676         Code  Gb  vreg_util.o [4]
?mov_l1_l0              0x008683         Code  Gb  vreg_util.o [4]
?mov_w1_w3              0x00867c         Code  Gb  vreg_util.o [4]
?mov_w3_w1              0x008689         Code  Gb  vreg_util.o [4]
?pop_l2                 0x008646         Code  Gb  vreg_util.o [4]
?pop_l3                 0x008651         Code  Gb  vreg_util.o [4]
?pop_w4                 0x008609         Code  Gb  vreg_util.o [4]
?pop_w6                 0x008610         Code  Gb  vreg_util.o [4]
?push_l2                0x00861f         Code  Gb  vreg_util.o [4]
?push_l3                0x008624         Code  Gb  vreg_util.o [4]
?push_w4                0x0085ec         Code  Gb  vreg_util.o [4]
?push_w6                0x0085f1         Code  Gb  vreg_util.o [4]
?w0                     0x000000         Data  Gb  vregs.o [4]
?w1                     0x000002         Data  Gb  vregs.o [4]
?w2                     0x000004         Data  Gb  vregs.o [4]
?w3                     0x000006         Data  Gb  vregs.o [4]
?w4                     0x000008         Data  Gb  vregs.o [4]
?w5                     0x00000a         Data  Gb  vregs.o [4]
?w6                     0x00000c         Data  Gb  vregs.o [4]
?w7                     0x00000e         Data  Gb  vregs.o [4]
CLK_ClockSwitchConfig   0x0084e0  0x10c  Code  Gb  stm8s_clk.o [1]
CLK_HSIPrescalerConfig  0x008921   0x3d  Code  Gb  stm8s_clk.o [1]
CSTACK$$Base            0x001700          --   Gb  - Linker created -
CSTACK$$Limit           0x001800          --   Gb  - Linker created -
DefaultSystemClockForHSI
                        0x008adc   0x1b  Code  Gb  sysclock.o [1]
Delay                   0x008080   0x2c  Code  Gb  nRF24L01.o [1]
FLASH_EraseOptionByte   0x0087ee   0x4e  Code  Gb  stm8s_flash.o [1]
FLASH_Lock              0x008a31   0x2b  Code  Gb  stm8s_flash.o [1]
FLASH_ProgramOptionByte
                        0x0086ee   0x5c  Code  Gb  stm8s_flash.o [1]
FLASH_Unlock            0x00895e   0x3b  Code  Gb  stm8s_flash.o [1]
FLASH_WaitForLastOperation
                        0x008690   0x5e  Code  Gb  stm8s_flash.o [1]
GPIO_Init               0x0083d0  0x110  Code  Gb  stm8s_gpio.o [1]
GPIO_WriteHigh          0x008b4a    0x7  Code  Gb  stm8s_gpio.o [1]
GPIO_WriteLow           0x008b5b    0x4  Code  Gb  stm8s_gpio.o [1]
HSE_ClockStartUpConfiguration
                        0x008a01   0x30  Code  Gb  sysclock.o [1]
INTVEC$$Base            0x008000          --   Gb  - Linker created -
INTVEC$$Limit           0x008080          --   Gb  - Linker created -
Region$$Table$$Base     0x008ad2          --   Gb  - Linker created -
Region$$Table$$Limit    0x008adc          --   Gb  - Linker created -
SPI_Cmd                 0x008999   0x2f  Code  Gb  stm8s_spi.o [1]
SPI_GetFlagStatus       0x00874a   0x56  Code  Gb  stm8s_spi.o [1]
SPI_Init                0x008291  0x13f  Code  Gb  stm8s_spi.o [1]
SPI_ReceiveData         0x0089cc    0x4  Code  Gb  stm8s_spi.o [1]
SPI_SendData            0x0089c8    0x4  Code  Gb  stm8s_spi.o [1]
SystemClock_Init        0x008a5c   0x28  Code  Gb  sysclock.o [1]
TxAddr                  0x000010    0x5  Data  Gb  nRF24L01.o [1]
__DebugBreak            0x008b6d    0x1  Code  Gb  __dbg_break.o [3]
__exit                  0x008b23   0x14  Code  Gb  __dbg_xxexit.o [3]
__iar_copy_init2        0x008a84         Code  Gb  init_small.o [4]
__iar_data_init2        0x008b0f   0x14  Code  Gb  init.o [4]
__iar_program_start     0x008b37         Code  Gb  cstartup.o [4]
__iar_unhandled_exception
                        0x008b68         Code  Gb  unhandled_exception.o [4]
__intvec                0x008000         Data  Gb  interrupt.o [4]
__low_level_init        0x008b62    0x3  Code  Gb  low_level_init.o [4]
_exit                   0x008b51         Code  Gb  cexit.o [4]
assert_failed           0x008b6b    0x2  Code  Gb  main.o [1]
delay_us                0x008af7   0x18  Code  Gb  main.o [1]
exit                    0x008b65    0x3  Code  Gb  exit.o [4]
main                    0x008aac   0x26  Code  Gb  main.o [1]
nRF24L01_Pin_Conf       0x0080ac   0x37  Code  Gb  nRF24L01.o [1]
nRF24L01_Read_Reg       0x008106   0x26  Code  Lc  nRF24L01.o [1]
nRF24L01_Read_RxData    0x008155   0x4a  Code  Lc  nRF24L01.o [1]
nRF24L01_RevData        0x0081e2   0x52  Code  Gb  nRF24L01.o [1]
nRF24L01_SPI_RW         0x0080e3   0x23  Code  Lc  nRF24L01.o [1]
nRF24L01_Set_RxMode     0x008234   0x5d  Code  Gb  nRF24L01.o [1]
nRF24L01_Write_Reg      0x00812c   0x29  Code  Lc  nRF24L01.o [1]
nRF24L01_Write_TxData   0x00819f   0x43  Code  Lc  nRF24L01.o [1]


[1] = D:\embeddedprojects\STM8_Projects\STM8S_NRF24L01_V2\EWSTM8\Debug\Obj
[2] = command line
[3] = dbgstm8smd.a
[4] = dlstm8smn.a

  2 476 bytes of readonly  code memory
    450 bytes of readonly  data memory
    277 bytes of readwrite data memory

Errors: none
Warnings: none
