main.cpp:64:6:bool _vw_rx_pin()	8	static
main.cpp:68:6:void _vw_tx_pin(bool)	16	static
main.cpp:73:6:void _vw_ptt_pin(bool)	16	static
main.cpp:84:5:int main()	8	static
main.cpp:139:6:void SystemClock_Config()	72	static
main.cpp:177:13:void MX_SPI1_Init()	8	static
main.cpp:215:13:void MX_TIM6_Init()	16	static
main.cpp:253:13:void MX_GPIO_Init()	40	static
main.cpp:314:6:void Error_Handler()	4	static
main.cpp:320:1:void __static_initialization_and_destruction_0(int, int)	16	static
main.cpp:320:1:cpp)	8	static
main.cpp:320:1:cpp)	8	static
