stm32f1xx_it.cpp:72:6:void NMI_Handler()	4	static
stm32f1xx_it.cpp:85:6:void HardFault_Handler()	4	static
stm32f1xx_it.cpp:100:6:void MemManage_Handler()	4	static
stm32f1xx_it.cpp:115:6:void BusFault_Handler()	4	static
stm32f1xx_it.cpp:130:6:void UsageFault_Handler()	4	static
stm32f1xx_it.cpp:145:6:void SVC_Handler()	4	static
stm32f1xx_it.cpp:158:6:void DebugMon_Handler()	4	static
stm32f1xx_it.cpp:171:6:void PendSV_Handler()	4	static
stm32f1xx_it.cpp:184:6:void SysTick_Handler()	8	static
stm32f1xx_it.cpp:205:6:void TIM6_IRQHandler()	8	static
